Component: ARM Compiler 5.06 update 5 (build 528) Tool: armlink [4d35e2]

==============================================================================

Section Cross References

    main.o(i.MX_ADC1_Init) refers to stm32f3xx_hal_adc_ex.o(i.HAL_ADC_Init) for HAL_ADC_Init
    main.o(i.MX_ADC1_Init) refers to main.o(i._Error_Handler) for _Error_Handler
    main.o(i.MX_ADC1_Init) refers to stm32f3xx_hal_adc_ex.o(i.HAL_ADCEx_MultiModeConfigChannel) for HAL_ADCEx_MultiModeConfigChannel
    main.o(i.MX_ADC1_Init) refers to stm32f3xx_hal_adc_ex.o(i.HAL_ADC_ConfigChannel) for HAL_ADC_ConfigChannel
    main.o(i.MX_ADC1_Init) refers to main.o(.bss) for hadc1
    main.o(i.MX_DMA_Init) refers to stm32f3xx_hal_cortex.o(i.HAL_NVIC_SetPriority) for HAL_NVIC_SetPriority
    main.o(i.MX_DMA_Init) refers to stm32f3xx_hal_cortex.o(i.HAL_NVIC_EnableIRQ) for HAL_NVIC_EnableIRQ
    main.o(i.SystemClock_Config) refers to stm32f3xx_hal_rcc.o(i.HAL_RCC_OscConfig) for HAL_RCC_OscConfig
    main.o(i.SystemClock_Config) refers to main.o(i._Error_Handler) for _Error_Handler
    main.o(i.SystemClock_Config) refers to stm32f3xx_hal_rcc.o(i.HAL_RCC_ClockConfig) for HAL_RCC_ClockConfig
    main.o(i.SystemClock_Config) refers to stm32f3xx_hal_rcc_ex.o(i.HAL_RCCEx_PeriphCLKConfig) for HAL_RCCEx_PeriphCLKConfig
    main.o(i.SystemClock_Config) refers to stm32f3xx_hal_rcc.o(i.HAL_RCC_GetHCLKFreq) for HAL_RCC_GetHCLKFreq
    main.o(i.SystemClock_Config) refers to stm32f3xx_hal_cortex.o(i.HAL_SYSTICK_Config) for HAL_SYSTICK_Config
    main.o(i.SystemClock_Config) refers to stm32f3xx_hal_cortex.o(i.HAL_SYSTICK_CLKSourceConfig) for HAL_SYSTICK_CLKSourceConfig
    main.o(i.SystemClock_Config) refers to stm32f3xx_hal_cortex.o(i.HAL_NVIC_SetPriority) for HAL_NVIC_SetPriority
    main.o(i.main) refers to stm32f3xx_hal.o(i.HAL_Init) for HAL_Init
    main.o(i.main) refers to main.o(i.SystemClock_Config) for SystemClock_Config
    main.o(i.main) refers to main.o(i.MX_GPIO_Init) for MX_GPIO_Init
    main.o(i.main) refers to main.o(i.MX_DMA_Init) for MX_DMA_Init
    main.o(i.main) refers to main.o(i.MX_ADC1_Init) for MX_ADC1_Init
    main.o(i.main) refers to stm32f3xx_hal_adc_ex.o(i.HAL_ADC_Start_DMA) for HAL_ADC_Start_DMA
    main.o(i.main) refers to dflt_clz.o(x$fpl$dfltu) for __aeabi_ui2d
    main.o(i.main) refers to dmul.o(x$fpl$dmul) for __aeabi_dmul
    main.o(i.main) refers to ddiv.o(x$fpl$ddiv) for __aeabi_ddiv
    main.o(i.main) refers to d2f.o(x$fpl$d2f) for __aeabi_d2f
    main.o(i.main) refers to main.o(.bss) for testVar
    main.o(i.main) refers to main.o(.data) for ADC_TmpRead
    stm32f3xx_it.o(i.DMA1_Channel1_IRQHandler) refers to stm32f3xx_hal_dma.o(i.HAL_DMA_IRQHandler) for HAL_DMA_IRQHandler
    stm32f3xx_it.o(i.DMA1_Channel1_IRQHandler) refers to main.o(.bss) for hdma_adc1
    stm32f3xx_it.o(i.SysTick_Handler) refers to stm32f3xx_hal.o(i.HAL_IncTick) for HAL_IncTick
    stm32f3xx_it.o(i.SysTick_Handler) refers to stm32f3xx_hal_cortex.o(i.HAL_SYSTICK_IRQHandler) for HAL_SYSTICK_IRQHandler
    stm32f3xx_hal.o(i.HAL_DeInit) refers to stm32f3xx_hal.o(i.HAL_MspDeInit) for HAL_MspDeInit
    stm32f3xx_hal.o(i.HAL_Delay) refers to stm32f3xx_hal.o(i.HAL_GetTick) for HAL_GetTick
    stm32f3xx_hal.o(i.HAL_GetTick) refers to stm32f3xx_hal.o(.data) for uwTick
    stm32f3xx_hal.o(i.HAL_IncTick) refers to stm32f3xx_hal.o(.data) for uwTick
    stm32f3xx_hal.o(i.HAL_Init) refers to stm32f3xx_hal_cortex.o(i.HAL_NVIC_SetPriorityGrouping) for HAL_NVIC_SetPriorityGrouping
    stm32f3xx_hal.o(i.HAL_Init) refers to stm32f3xx_hal.o(i.HAL_InitTick) for HAL_InitTick
    stm32f3xx_hal.o(i.HAL_Init) refers to stm32f3xx_hal_msp.o(i.HAL_MspInit) for HAL_MspInit
    stm32f3xx_hal.o(i.HAL_InitTick) refers to stm32f3xx_hal_cortex.o(i.HAL_SYSTICK_Config) for HAL_SYSTICK_Config
    stm32f3xx_hal.o(i.HAL_InitTick) refers to stm32f3xx_hal_cortex.o(i.HAL_NVIC_SetPriority) for HAL_NVIC_SetPriority
    stm32f3xx_hal.o(i.HAL_InitTick) refers to system_stm32f3xx.o(.data) for SystemCoreClock
    stm32f3xx_hal_adc_ex.o(i.ADC_ConversionStop) refers to stm32f3xx_hal.o(i.HAL_GetTick) for HAL_GetTick
    stm32f3xx_hal_adc_ex.o(i.ADC_DMAConvCplt) refers to stm32f3xx_hal_adc.o(i.HAL_ADC_ConvCpltCallback) for HAL_ADC_ConvCpltCallback
    stm32f3xx_hal_adc_ex.o(i.ADC_DMAError) refers to stm32f3xx_hal_adc.o(i.HAL_ADC_ErrorCallback) for HAL_ADC_ErrorCallback
    stm32f3xx_hal_adc_ex.o(i.ADC_DMAHalfConvCplt) refers to stm32f3xx_hal_adc.o(i.HAL_ADC_ConvHalfCpltCallback) for HAL_ADC_ConvHalfCpltCallback
    stm32f3xx_hal_adc_ex.o(i.ADC_Disable) refers to stm32f3xx_hal.o(i.HAL_GetTick) for HAL_GetTick
    stm32f3xx_hal_adc_ex.o(i.ADC_Enable) refers to stm32f3xx_hal.o(i.HAL_GetTick) for HAL_GetTick
    stm32f3xx_hal_adc_ex.o(i.HAL_ADCEx_Calibration_Start) refers to stm32f3xx_hal_adc_ex.o(i.ADC_Disable) for ADC_Disable
    stm32f3xx_hal_adc_ex.o(i.HAL_ADCEx_Calibration_Start) refers to stm32f3xx_hal.o(i.HAL_GetTick) for HAL_GetTick
[...]
    Removing stm32f3xx_hal_spi_ex.o(.revsh_text), (4 bytes).
    Removing stm32f3xx_hal_spi_ex.o(.rrx_text), (6 bytes).
    Removing stm32f3xx_hal_sram.o(.rev16_text), (4 bytes).
    Removing stm32f3xx_hal_sram.o(.revsh_text), (4 bytes).
    Removing stm32f3xx_hal_sram.o(.rrx_text), (6 bytes).
    Removing stm32f3xx_hal_tim.o(.rev16_text), (4 bytes).
    Removing stm32f3xx_hal_tim.o(.revsh_text), (4 bytes).
    Removing stm32f3xx_hal_tim.o(.rrx_text), (6 bytes).
    Removing stm32f3xx_hal_tim_ex.o(.rev16_text), (4 bytes).
    Removing stm32f3xx_hal_tim_ex.o(.revsh_text), (4 bytes).
    Removing stm32f3xx_hal_tim_ex.o(.rrx_text), (6 bytes).
    Removing stm32f3xx_hal_tsc.o(.rev16_text), (4 bytes).
    Removing stm32f3xx_hal_tsc.o(.revsh_text), (4 bytes).
    Removing stm32f3xx_hal_tsc.o(.rrx_text), (6 bytes).
    Removing stm32f3xx_hal_uart.o(.rev16_text), (4 bytes).
    Removing stm32f3xx_hal_uart.o(.revsh_text), (4 bytes).
    Removing stm32f3xx_hal_uart.o(.rrx_text), (6 bytes).
    Removing stm32f3xx_hal_uart_ex.o(.rev16_text), (4 bytes).
    Removing stm32f3xx_hal_uart_ex.o(.revsh_text), (4 bytes).
    Removing stm32f3xx_hal_uart_ex.o(.rrx_text), (6 bytes).
    Removing stm32f3xx_hal_usart.o(.rev16_text), (4 bytes).
    Removing stm32f3xx_hal_usart.o(.revsh_text), (4 bytes).
    Removing stm32f3xx_hal_usart.o(.rrx_text), (6 bytes).
    Removing stm32f3xx_hal_wwdg.o(.rev16_text), (4 bytes).
    Removing stm32f3xx_hal_wwdg.o(.revsh_text), (4 bytes).
    Removing stm32f3xx_hal_wwdg.o(.rrx_text), (6 bytes).
    Removing stm32f3xx_ll_fmc.o(.rev16_text), (4 bytes).
    Removing stm32f3xx_ll_fmc.o(.revsh_text), (4 bytes).
    Removing stm32f3xx_ll_fmc.o(.rrx_text), (6 bytes).
    Removing stm32f3xx_ll_utils.o(.rev16_text), (4 bytes).
    Removing stm32f3xx_ll_utils.o(.revsh_text), (4 bytes).
    Removing stm32f3xx_ll_utils.o(.rrx_text), (6 bytes).
    Removing stm32f3xx_ll_utils.o(i.LL_Init1msTick), (28 bytes).
    Removing stm32f3xx_ll_utils.o(i.LL_PLL_ConfigSystemClock_HSE), (152 bytes).
    Removing stm32f3xx_ll_utils.o(i.LL_PLL_ConfigSystemClock_HSI), (104 bytes).
    Removing stm32f3xx_ll_utils.o(i.LL_RCC_HSE_IsReady), (16 bytes).
    Removing stm32f3xx_ll_utils.o(i.LL_RCC_HSI_IsReady), (16 bytes).
    Removing stm32f3xx_ll_utils.o(i.LL_RCC_PLL_ConfigDomain_SYS), (40 bytes).
    Removing stm32f3xx_ll_utils.o(i.LL_RCC_PLL_IsReady), (16 bytes).
    Removing stm32f3xx_ll_utils.o(i.LL_SetSystemCoreClock), (12 bytes).
    Removing stm32f3xx_ll_utils.o(i.LL_mDelay), (40 bytes).
    Removing stm32f3xx_ll_utils.o(i.UTILS_EnablePLLAndSwitchSystem), (228 bytes).
    Removing stm32f3xx_ll_utils.o(i.UTILS_GetPLLOutputFrequency), (46 bytes).
    Removing stm32f3xx_ll_utils.o(i.UTILS_PLL_IsBusy), (16 bytes).
    Removing stm32f3xx_ll_utils.o(i.UTILS_SetFlashLatency), (80 bytes).
    Removing stm32f3xx_hal_msp.o(.rev16_text), (4 bytes).
    Removing stm32f3xx_hal_msp.o(.revsh_text), (4 bytes).
    Removing stm32f3xx_hal_msp.o(.rrx_text), (6 bytes).
    Removing stm32f3xx_hal_msp.o(i.HAL_ADC_MspDeInit), (48 bytes).
    Removing system_stm32f3xx.o(.rev16_text), (4 bytes).
    Removing system_stm32f3xx.o(.revsh_text), (4 bytes).
    Removing system_stm32f3xx.o(.rrx_text), (6 bytes).
    Removing system_stm32f3xx.o(i.SystemCoreClockUpdate), (164 bytes).

418 unused section(s) (total 29782 bytes) removed from the image.

==============================================================================

Image Symbol Table

    Local Symbols

    Symbol Name                              Value     Ov Type        Size  Object(Section)

    ../clib/angel/boardlib.s                 0x00000000   Number         0  boardinit3.o ABSOLUTE
    ../clib/angel/boardlib.s                 0x00000000   Number         0  boardinit2.o ABSOLUTE
    ../clib/angel/boardlib.s                 0x00000000   Number         0  boardinit1.o ABSOLUTE
    ../clib/angel/boardlib.s                 0x00000000   Number         0  boardshut.o ABSOLUTE
    ../clib/angel/handlers.s                 0x00000000   Number         0  __scatter_zi.o ABSOLUTE
    ../clib/angel/handlers.s                 0x00000000   Number         0  __scatter_copy.o ABSOLUTE
    ../clib/angel/kernel.s                   0x00000000   Number         0  __rtentry.o ABSOLUTE
    ../clib/angel/kernel.s                   0x00000000   Number         0  __rtentry4.o ABSOLUTE
    ../clib/angel/kernel.s                   0x00000000   Number         0  __rtentry2.o ABSOLUTE
    ../clib/angel/kernel.s                   0x00000000   Number         0  rtexit2.o ABSOLUTE
    ../clib/angel/kernel.s                   0x00000000   Number         0  rtexit.o ABSOLUTE
    ../clib/angel/rt.s                       0x00000000   Number         0  rt_raise.o ABSOLUTE
    ../clib/angel/scatter.s                  0x00000000   Number         0  __scatter.o ABSOLUTE
    ../clib/angel/startup.s                  0x00000000   Number         0  __main.o ABSOLUTE
    ../clib/angel/sys.s                      0x00000000   Number         0  libspace.o ABSOLUTE
    ../clib/angel/sys.s                      0x00000000   Number         0  indicate_semi.o ABSOLUTE
    ../clib/angel/sys.s                      0x00000000   Number         0  use_no_semi.o ABSOLUTE
    ../clib/angel/sys.s                      0x00000000   Number         0  sys_stackheap_outer.o ABSOLUTE
    ../clib/angel/sysapp.c                   0x00000000   Number         0  sys_command.o ABSOLUTE
    ../clib/angel/sysapp.c                   0x00000000   Number         0  sys_wrch.o ABSOLUTE
    ../clib/angel/sysapp.c                   0x00000000   Number         0  sys_exit.o ABSOLUTE
    ../clib/armsys.c                         0x00000000   Number         0  argv_veneer.o ABSOLUTE
    ../clib/armsys.c                         0x00000000   Number         0  no_argv.o ABSOLUTE
    ../clib/armsys.c                         0x00000000   Number         0  _get_argv_nomalloc.o ABSOLUTE
    ../clib/armsys.c                         0x00000000   Number         0  argv_veneer.o ABSOLUTE
    ../clib/heapalloc.c                      0x00000000   Number         0  hrguard.o ABSOLUTE
    ../clib/heapaux.c                        0x00000000   Number         0  heapauxi.o ABSOLUTE
    ../clib/libinit.s                        0x00000000   Number         0  libshutdown.o ABSOLUTE
    ../clib/libinit.s                        0x00000000   Number         0  libshutdown2.o ABSOLUTE
    ../clib/libinit.s                        0x00000000   Number         0  libinit2.o ABSOLUTE
    ../clib/libinit.s                        0x00000000   Number         0  libinit.o ABSOLUTE
    ../clib/longlong.s                       0x00000000   Number         0  llushr.o ABSOLUTE
    ../clib/memcpset.s                       0x00000000   Number         0  rt_memcpy_w.o ABSOLUTE
    ../clib/signal.c                         0x00000000   Number         0  defsig_exit.o ABSOLUTE
    ../clib/signal.c                         0x00000000   Number         0  defsig_rtmem_formal.o ABSOLUTE
    ../clib/signal.c                         0x00000000   Number         0  defsig_rtmem_outer.o ABSOLUTE
    ../clib/signal.c                         0x00000000   Number         0  defsig_rtmem_inner.o ABSOLUTE
    ../clib/signal.c                         0x00000000   Number         0  defsig_general.o ABSOLUTE
    ../clib/signal.c                         0x00000000   Number         0  __raise.o ABSOLUTE
    ../clib/signal.c                         0x00000000   Number         0  defsig_abrt_inner.o ABSOLUTE
    ../clib/signal.c                         0x00000000   Number         0  defsig_fpe_inner.o ABSOLUTE
    ../clib/signal.c                         0x00000000   Number         0  defsig_rtred_inner.o ABSOLUTE
    ../clib/signal.c                         0x00000000   Number         0  defsig_stak_inner.o ABSOLUTE
    ../clib/signal.c                         0x00000000   Number         0  defsig_pvfn_inner.o ABSOLUTE
    ../clib/signal.c                         0x00000000   Number         0  defsig_cppl_inner.o ABSOLUTE
    ../clib/signal.c                         0x00000000   Number         0  defsig_segv_inner.o ABSOLUTE
    ../clib/signal.c                         0x00000000   Number         0  defsig_other.o ABSOLUTE
    ../clib/signal.s                         0x00000000   Number         0  defsig.o ABSOLUTE
    ../clib/stdlib.c                         0x00000000   Number         0  exit.o ABSOLUTE
    ../fplib/d2f.s                           0x00000000   Number         0  d2f.o ABSOLUTE
    ../fplib/ddiv.s                          0x00000000   Number         0  ddiv.o ABSOLUTE
    ../fplib/dflt.s                          0x00000000   Number         0  dflt_clz.o ABSOLUTE
    ../fplib/dmul.s                          0x00000000   Number         0  dmul.o ABSOLUTE
    ../fplib/dnaninf.s                       0x00000000   Number         0  dnaninf.o ABSOLUTE
    ../fplib/dretinf.s                       0x00000000   Number         0  dretinf.o ABSOLUTE
    ../fplib/fpinit.s                        0x00000000   Number         0  fpinit.o ABSOLUTE
    ../fplib/fretinf.s                       0x00000000   Number         0  fretinf.o ABSOLUTE
    ../fplib/usenofp.s                       0x00000000   Number         0  usenofp.o ABSOLUTE
    C:\Keil_v5\ARM\PACK\Keil\STM32F3xx_DFP\2.1.0\Drivers\STM32F3xx_HAL_Driver\Src\stm32f3xx_hal.c 0x00000000   Number         0  stm32f3xx_hal.o ABSOLUTE
    C:\Keil_v5\ARM\PACK\Keil\STM32F3xx_DFP\2.1.0\Drivers\STM32F3xx_HAL_Driver\Src\stm32f3xx_hal_adc.c 0x00000000   Number         0  stm32f3xx_hal_adc.o ABSOLUTE
    C:\Keil_v5\ARM\PACK\Keil\STM32F3xx_DFP\2.1.0\Drivers\STM32F3xx_HAL_Driver\Src\stm32f3xx_hal_adc_ex.c 0x00000000   Number         0  stm32f3xx_hal_adc_ex.o ABSOLUTE
    C:\Keil_v5\ARM\PACK\Keil\STM32F3xx_DFP\2.1.0\Drivers\STM32F3xx_HAL_Driver\Src\stm32f3xx_hal_can.c 0x00000000   Number         0  stm32f3xx_hal_can.o ABSOLUTE
    C:\Keil_v5\ARM\PACK\Keil\STM32F3xx_DFP\2.1.0\Drivers\STM32F3xx_HAL_Driver\Src\stm32f3xx_hal_cec.c 0x00000000   Number         0  stm32f3xx_hal_cec.o ABSOLUTE
    C:\Keil_v5\ARM\PACK\Keil\STM32F3xx_DFP\2.1.0\Drivers\STM32F3xx_HAL_Driver\Src\stm32f3xx_hal_comp.c 0x00000000   Number         0  stm32f3xx_hal_comp.o ABSOLUTE
    C:\Keil_v5\ARM\PACK\Keil\STM32F3xx_DFP\2.1.0\Drivers\STM32F3xx_HAL_Driver\Src\stm32f3xx_hal_cortex.c 0x00000000   Number         0  stm32f3xx_hal_cortex.o ABSOLUTE
    C:\Keil_v5\ARM\PACK\Keil\STM32F3xx_DFP\2.1.0\Drivers\STM32F3xx_HAL_Driver\Src\stm32f3xx_hal_crc.c 0x00000000   Number         0  stm32f3xx_hal_crc.o ABSOLUTE
    C:\Keil_v5\ARM\PACK\Keil\STM32F3xx_DFP\2.1.0\Drivers\STM32F3xx_HAL_Driver\Src\stm32f3xx_hal_crc_ex.c 0x00000000   Number         0  stm32f3xx_hal_crc_ex.o ABSOLUTE
    C:\Keil_v5\ARM\PACK\Keil\STM32F3xx_DFP\2.1.0\Drivers\STM32F3xx_HAL_Driver\Src\stm32f3xx_hal_dac.c 0x00000000   Number         0  stm32f3xx_hal_dac.o ABSOLUTE
    C:\Keil_v5\ARM\PACK\Keil\STM32F3xx_DFP\2.1.0\Drivers\STM32F3xx_HAL_Driver\Src\stm32f3xx_hal_dac_ex.c 0x00000000   Number         0  stm32f3xx_hal_dac_ex.o ABSOLUTE
    C:\Keil_v5\ARM\PACK\Keil\STM32F3xx_DFP\2.1.0\Drivers\STM32F3xx_HAL_Driver\Src\stm32f3xx_hal_dma.c 0x00000000   Number         0  stm32f3xx_hal_dma.o ABSOLUTE
    C:\Keil_v5\ARM\PACK\Keil\STM32F3xx_DFP\2.1.0\Drivers\STM32F3xx_HAL_Driver\Src\stm32f3xx_hal_flash.c 0x00000000   Number         0  stm32f3xx_hal_flash.o ABSOLUTE
    C:\Keil_v5\ARM\PACK\Keil\STM32F3xx_DFP\2.1.0\Drivers\STM32F3xx_HAL_Driver\Src\stm32f3xx_hal_flash_ex.c 0x00000000   Number         0  stm32f3xx_hal_flash_ex.o ABSOLUTE
    C:\Keil_v5\ARM\PACK\Keil\STM32F3xx_DFP\2.1.0\Drivers\STM32F3xx_HAL_Driver\Src\stm32f3xx_hal_gpio.c 0x00000000   Number         0  stm32f3xx_hal_gpio.o ABSOLUTE
    C:\Keil_v5\ARM\PACK\Keil\STM32F3xx_DFP\2.1.0\Drivers\STM32F3xx_HAL_Driver\Src\stm32f3xx_hal_hrtim.c 0x00000000   Number         0  stm32f3xx_hal_hrtim.o ABSOLUTE
    C:\Keil_v5\ARM\PACK\Keil\STM32F3xx_DFP\2.1.0\Drivers\STM32F3xx_HAL_Driver\Src\stm32f3xx_hal_i2c.c 0x00000000   Number         0  stm32f3xx_hal_i2c.o ABSOLUTE
    C:\Keil_v5\ARM\PACK\Keil\STM32F3xx_DFP\2.1.0\Drivers\STM32F3xx_HAL_Driver\Src\stm32f3xx_hal_i2c_ex.c 0x00000000   Number         0  stm32f3xx_hal_i2c_ex.o ABSOLUTE
    C:\Keil_v5\ARM\PACK\Keil\STM32F3xx_DFP\2.1.0\Drivers\STM32F3xx_HAL_Driver\Src\stm32f3xx_hal_i2s.c 0x00000000   Number         0  stm32f3xx_hal_i2s.o ABSOLUTE
    C:\Keil_v5\ARM\PACK\Keil\STM32F3xx_DFP\2.1.0\Drivers\STM32F3xx_HAL_Driver\Src\stm32f3xx_hal_i2s_ex.c 0x00000000   Number         0  stm32f3xx_hal_i2s_ex.o ABSOLUTE
    C:\Keil_v5\ARM\PACK\Keil\STM32F3xx_DFP\2.1.0\Drivers\STM32F3xx_HAL_Driver\Src\stm32f3xx_hal_irda.c 0x00000000   Number         0  stm32f3xx_hal_irda.o ABSOLUTE
    C:\Keil_v5\ARM\PACK\Keil\STM32F3xx_DFP\2.1.0\Drivers\STM32F3xx_HAL_Driver\Src\stm32f3xx_hal_iwdg.c 0x00000000   Number         0  stm32f3xx_hal_iwdg.o ABSOLUTE
    C:\Keil_v5\ARM\PACK\Keil\STM32F3xx_DFP\2.1.0\Drivers\STM32F3xx_HAL_Driver\Src\stm32f3xx_hal_nand.c 0x00000000   Number         0  stm32f3xx_hal_nand.o ABSOLUTE
    C:\Keil_v5\ARM\PACK\Keil\STM32F3xx_DFP\2.1.0\Drivers\STM32F3xx_HAL_Driver\Src\stm32f3xx_hal_nor.c 0x00000000   Number         0  stm32f3xx_hal_nor.o ABSOLUTE
    C:\Keil_v5\ARM\PACK\Keil\STM32F3xx_DFP\2.1.0\Drivers\STM32F3xx_HAL_Driver\Src\stm32f3xx_hal_opamp.c 0x00000000   Number         0  stm32f3xx_hal_opamp.o ABSOLUTE
    C:\Keil_v5\ARM\PACK\Keil\STM32F3xx_DFP\2.1.0\Drivers\STM32F3xx_HAL_Driver\Src\stm32f3xx_hal_opamp_ex.c 0x00000000   Number         0  stm32f3xx_hal_opamp_ex.o ABSOLUTE
    C:\Keil_v5\ARM\PACK\Keil\STM32F3xx_DFP\2.1.0\Drivers\STM32F3xx_HAL_Driver\Src\stm32f3xx_hal_pccard.c 0x00000000   Number         0  stm32f3xx_hal_pccard.o ABSOLUTE
    C:\Keil_v5\ARM\PACK\Keil\STM32F3xx_DFP\2.1.0\Drivers\STM32F3xx_HAL_Driver\Src\stm32f3xx_hal_pcd.c 0x00000000   Number         0  stm32f3xx_hal_pcd.o ABSOLUTE
    C:\Keil_v5\ARM\PACK\Keil\STM32F3xx_DFP\2.1.0\Drivers\STM32F3xx_HAL_Driver\Src\stm32f3xx_hal_pcd_ex.c 0x00000000   Number         0  stm32f3xx_hal_pcd_ex.o ABSOLUTE
    C:\Keil_v5\ARM\PACK\Keil\STM32F3xx_DFP\2.1.0\Drivers\STM32F3xx_HAL_Driver\Src\stm32f3xx_hal_pwr.c 0x00000000   Number         0  stm32f3xx_hal_pwr.o ABSOLUTE
    C:\Keil_v5\ARM\PACK\Keil\STM32F3xx_DFP\2.1.0\Drivers\STM32F3xx_HAL_Driver\Src\stm32f3xx_hal_pwr_ex.c 0x00000000   Number         0  stm32f3xx_hal_pwr_ex.o ABSOLUTE
    C:\Keil_v5\ARM\PACK\Keil\STM32F3xx_DFP\2.1.0\Drivers\STM32F3xx_HAL_Driver\Src\stm32f3xx_hal_rcc.c 0x00000000   Number         0  stm32f3xx_hal_rcc.o ABSOLUTE
    C:\Keil_v5\ARM\PACK\Keil\STM32F3xx_DFP\2.1.0\Drivers\STM32F3xx_HAL_Driver\Src\stm32f3xx_hal_rcc_ex.c 0x00000000   Number         0  stm32f3xx_hal_rcc_ex.o ABSOLUTE
    C:\Keil_v5\ARM\PACK\Keil\STM32F3xx_DFP\2.1.0\Drivers\STM32F3xx_HAL_Driver\Src\stm32f3xx_hal_rtc.c 0x00000000   Number         0  stm32f3xx_hal_rtc.o ABSOLUTE
    C:\Keil_v5\ARM\PACK\Keil\STM32F3xx_DFP\2.1.0\Drivers\STM32F3xx_HAL_Driver\Src\stm32f3xx_hal_rtc_ex.c 0x00000000   Number         0  stm32f3xx_hal_rtc_ex.o ABSOLUTE
    C:\Keil_v5\ARM\PACK\Keil\STM32F3xx_DFP\2.1.0\Drivers\STM32F3xx_HAL_Driver\Src\stm32f3xx_hal_sdadc.c 0x00000000   Number         0  stm32f3xx_hal_sdadc.o ABSOLUTE
    C:\Keil_v5\ARM\PACK\Keil\STM32F3xx_DFP\2.1.0\Drivers\STM32F3xx_HAL_Driver\Src\stm32f3xx_hal_smartcard.c 0x00000000   Number         0  stm32f3xx_hal_smartcard.o ABSOLUTE
    C:\Keil_v5\ARM\PACK\Keil\STM32F3xx_DFP\2.1.0\Drivers\STM32F3xx_HAL_Driver\Src\stm32f3xx_hal_smartcard_ex.c 0x00000000   Number         0  stm32f3xx_hal_smartcard_ex.o ABSOLUTE
    C:\Keil_v5\ARM\PACK\Keil\STM32F3xx_DFP\2.1.0\Drivers\STM32F3xx_HAL_Driver\Src\stm32f3xx_hal_smbus.c 0x00000000   Number         0  stm32f3xx_hal_smbus.o ABSOLUTE
    C:\Keil_v5\ARM\PACK\Keil\STM32F3xx_DFP\2.1.0\Drivers\STM32F3xx_HAL_Driver\Src\stm32f3xx_hal_spi.c 0x00000000   Number         0  stm32f3xx_hal_spi.o ABSOLUTE
    C:\Keil_v5\ARM\PACK\Keil\STM32F3xx_DFP\2.1.0\Drivers\STM32F3xx_HAL_Driver\Src\stm32f3xx_hal_spi_ex.c 0x00000000   Number         0  stm32f3xx_hal_spi_ex.o ABSOLUTE
    C:\Keil_v5\ARM\PACK\Keil\STM32F3xx_DFP\2.1.0\Drivers\STM32F3xx_HAL_Driver\Src\stm32f3xx_hal_sram.c 0x00000000   Number         0  stm32f3xx_hal_sram.o ABSOLUTE
    C:\Keil_v5\ARM\PACK\Keil\STM32F3xx_DFP\2.1.0\Drivers\STM32F3xx_HAL_Driver\Src\stm32f3xx_hal_tim.c 0x00000000   Number         0  stm32f3xx_hal_tim.o ABSOLUTE
    C:\Keil_v5\ARM\PACK\Keil\STM32F3xx_DFP\2.1.0\Drivers\STM32F3xx_HAL_Driver\Src\stm32f3xx_hal_tim_ex.c 0x00000000   Number         0  stm32f3xx_hal_tim_ex.o ABSOLUTE
    C:\Keil_v5\ARM\PACK\Keil\STM32F3xx_DFP\2.1.0\Drivers\STM32F3xx_HAL_Driver\Src\stm32f3xx_hal_tsc.c 0x00000000   Number         0  stm32f3xx_hal_tsc.o ABSOLUTE
    C:\Keil_v5\ARM\PACK\Keil\STM32F3xx_DFP\2.1.0\Drivers\STM32F3xx_HAL_Driver\Src\stm32f3xx_hal_uart.c 0x00000000   Number         0  stm32f3xx_hal_uart.o ABSOLUTE
    C:\Keil_v5\ARM\PACK\Keil\STM32F3xx_DFP\2.1.0\Drivers\STM32F3xx_HAL_Driver\Src\stm32f3xx_hal_uart_ex.c 0x00000000   Number         0  stm32f3xx_hal_uart_ex.o ABSOLUTE
    C:\Keil_v5\ARM\PACK\Keil\STM32F3xx_DFP\2.1.0\Drivers\STM32F3xx_HAL_Driver\Src\stm32f3xx_hal_usart.c 0x00000000   Number         0  stm32f3xx_hal_usart.o ABSOLUTE
    C:\Keil_v5\ARM\PACK\Keil\STM32F3xx_DFP\2.1.0\Drivers\STM32F3xx_HAL_Driver\Src\stm32f3xx_hal_wwdg.c 0x00000000   Number         0  stm32f3xx_hal_wwdg.o ABSOLUTE
    C:\Keil_v5\ARM\PACK\Keil\STM32F3xx_DFP\2.1.0\Drivers\STM32F3xx_HAL_Driver\Src\stm32f3xx_ll_adc.c 0x00000000   Number         0  stm32f3xx_ll_adc.o ABSOLUTE
    C:\Keil_v5\ARM\PACK\Keil\STM32F3xx_DFP\2.1.0\Drivers\STM32F3xx_HAL_Driver\Src\stm32f3xx_ll_comp.c 0x00000000   Number         0  stm32f3xx_ll_comp.o ABSOLUTE
    C:\Keil_v5\ARM\PACK\Keil\STM32F3xx_DFP\2.1.0\Drivers\STM32F3xx_HAL_Driver\Src\stm32f3xx_ll_crc.c 0x00000000   Number         0  stm32f3xx_ll_crc.o ABSOLUTE
    C:\Keil_v5\ARM\PACK\Keil\STM32F3xx_DFP\2.1.0\Drivers\STM32F3xx_HAL_Driver\Src\stm32f3xx_ll_dac.c 0x00000000   Number         0  stm32f3xx_ll_dac.o ABSOLUTE
    C:\Keil_v5\ARM\PACK\Keil\STM32F3xx_DFP\2.1.0\Drivers\STM32F3xx_HAL_Driver\Src\stm32f3xx_ll_dma.c 0x00000000   Number         0  stm32f3xx_ll_dma.o ABSOLUTE
    C:\Keil_v5\ARM\PACK\Keil\STM32F3xx_DFP\2.1.0\Drivers\STM32F3xx_HAL_Driver\Src\stm32f3xx_ll_exti.c 0x00000000   Number         0  stm32f3xx_ll_exti.o ABSOLUTE
    C:\Keil_v5\ARM\PACK\Keil\STM32F3xx_DFP\2.1.0\Drivers\STM32F3xx_HAL_Driver\Src\stm32f3xx_ll_fmc.c 0x00000000   Number         0  stm32f3xx_ll_fmc.o ABSOLUTE
    C:\Keil_v5\ARM\PACK\Keil\STM32F3xx_DFP\2.1.0\Drivers\STM32F3xx_HAL_Driver\Src\stm32f3xx_ll_gpio.c 0x00000000   Number         0  stm32f3xx_ll_gpio.o ABSOLUTE
    C:\Keil_v5\ARM\PACK\Keil\STM32F3xx_DFP\2.1.0\Drivers\STM32F3xx_HAL_Driver\Src\stm32f3xx_ll_hrtim.c 0x00000000   Number         0  stm32f3xx_ll_hrtim.o ABSOLUTE
    C:\Keil_v5\ARM\PACK\Keil\STM32F3xx_DFP\2.1.0\Drivers\STM32F3xx_HAL_Driver\Src\stm32f3xx_ll_i2c.c 0x00000000   Number         0  stm32f3xx_ll_i2c.o ABSOLUTE
    C:\Keil_v5\ARM\PACK\Keil\STM32F3xx_DFP\2.1.0\Drivers\STM32F3xx_HAL_Driver\Src\stm32f3xx_ll_opamp.c 0x00000000   Number         0  stm32f3xx_ll_opamp.o ABSOLUTE
    C:\Keil_v5\ARM\PACK\Keil\STM32F3xx_DFP\2.1.0\Drivers\STM32F3xx_HAL_Driver\Src\stm32f3xx_ll_pwr.c 0x00000000   Number         0  stm32f3xx_ll_pwr.o ABSOLUTE
    C:\Keil_v5\ARM\PACK\Keil\STM32F3xx_DFP\2.1.0\Drivers\STM32F3xx_HAL_Driver\Src\stm32f3xx_ll_rcc.c 0x00000000   Number         0  stm32f3xx_ll_rcc.o ABSOLUTE
    C:\Keil_v5\ARM\PACK\Keil\STM32F3xx_DFP\2.1.0\Drivers\STM32F3xx_HAL_Driver\Src\stm32f3xx_ll_rtc.c 0x00000000   Number         0  stm32f3xx_ll_rtc.o ABSOLUTE
    C:\Keil_v5\ARM\PACK\Keil\STM32F3xx_DFP\2.1.0\Drivers\STM32F3xx_HAL_Driver\Src\stm32f3xx_ll_spi.c 0x00000000   Number         0  stm32f3xx_ll_spi.o ABSOLUTE
    C:\Keil_v5\ARM\PACK\Keil\STM32F3xx_DFP\2.1.0\Drivers\STM32F3xx_HAL_Driver\Src\stm32f3xx_ll_tim.c 0x00000000   Number         0  stm32f3xx_ll_tim.o ABSOLUTE
    C:\Keil_v5\ARM\PACK\Keil\STM32F3xx_DFP\2.1.0\Drivers\STM32F3xx_HAL_Driver\Src\stm32f3xx_ll_usart.c 0x00000000   Number         0  stm32f3xx_ll_usart.o ABSOLUTE
    C:\Keil_v5\ARM\PACK\Keil\STM32F3xx_DFP\2.1.0\Drivers\STM32F3xx_HAL_Driver\Src\stm32f3xx_ll_utils.c 0x00000000   Number         0  stm32f3xx_ll_utils.o ABSOLUTE
    C:\Keil_v5\ARM\PACK\Keil\STM32F3xx_DFP\2.1.0\MDK\Driver\stm32f3xx_ll.c 0x00000000   Number         0  stm32f3xx_ll.o ABSOLUTE
    C:\\Keil_v5\\ARM\\PACK\\Keil\\STM32F3xx_DFP\\2.1.0\\Drivers\\STM32F3xx_HAL_Driver\\Src\\stm32f3xx_hal.c 0x00000000   Number         0  stm32f3xx_hal.o ABSOLUTE
    C:\\Keil_v5\\ARM\\PACK\\Keil\\STM32F3xx_DFP\\2.1.0\\Drivers\\STM32F3xx_HAL_Driver\\Src\\stm32f3xx_hal_adc.c 0x00000000   Number         0  stm32f3xx_hal_adc.o ABSOLUTE
    C:\\Keil_v5\\ARM\\PACK\\Keil\\STM32F3xx_DFP\\2.1.0\\Drivers\\STM32F3xx_HAL_Driver\\Src\\stm32f3xx_hal_adc_ex.c 0x00000000   Number         0  stm32f3xx_hal_adc_ex.o ABSOLUTE
    C:\\Keil_v5\\ARM\\PACK\\Keil\\STM32F3xx_DFP\\2.1.0\\Drivers\\STM32F3xx_HAL_Driver\\Src\\stm32f3xx_hal_can.c 0x00000000   Number         0  stm32f3xx_hal_can.o ABSOLUTE
    C:\\Keil_v5\\ARM\\PACK\\Keil\\STM32F3xx_DFP\\2.1.0\\Drivers\\STM32F3xx_HAL_Driver\\Src\\stm32f3xx_hal_cec.c 0x00000000   Number         0  stm32f3xx_hal_cec.o ABSOLUTE
    C:\\Keil_v5\\ARM\\PACK\\Keil\\STM32F3xx_DFP\\2.1.0\\Drivers\\STM32F3xx_HAL_Driver\\Src\\stm32f3xx_hal_comp.c 0x00000000   Number         0  stm32f3xx_hal_comp.o ABSOLUTE
    C:\\Keil_v5\\ARM\\PACK\\Keil\\STM32F3xx_DFP\\2.1.0\\Drivers\\STM32F3xx_HAL_Driver\\Src\\stm32f3xx_hal_cortex.c 0x00000000   Number         0  stm32f3xx_hal_cortex.o ABSOLUTE
    C:\\Keil_v5\\ARM\\PACK\\Keil\\STM32F3xx_DFP\\2.1.0\\Drivers\\STM32F3xx_HAL_Driver\\Src\\stm32f3xx_hal_crc.c 0x00000000   Number         0  stm32f3xx_hal_crc.o ABSOLUTE
    C:\\Keil_v5\\ARM\\PACK\\Keil\\STM32F3xx_DFP\\2.1.0\\Drivers\\STM32F3xx_HAL_Driver\\Src\\stm32f3xx_hal_crc_ex.c 0x00000000   Number         0  stm32f3xx_hal_crc_ex.o ABSOLUTE
    C:\\Keil_v5\\ARM\\PACK\\Keil\\STM32F3xx_DFP\\2.1.0\\Drivers\\STM32F3xx_HAL_Driver\\Src\\stm32f3xx_hal_dac.c 0x00000000   Number         0  stm32f3xx_hal_dac.o ABSOLUTE
    C:\\Keil_v5\\ARM\\PACK\\Keil\\STM32F3xx_DFP\\2.1.0\\Drivers\\STM32F3xx_HAL_Driver\\Src\\stm32f3xx_hal_dac_ex.c 0x00000000   Number         0  stm32f3xx_hal_dac_ex.o ABSOLUTE
    C:\\Keil_v5\\ARM\\PACK\\Keil\\STM32F3xx_DFP\\2.1.0\\Drivers\\STM32F3xx_HAL_Driver\\Src\\stm32f3xx_hal_dma.c 0x00000000   Number         0  stm32f3xx_hal_dma.o ABSOLUTE
    C:\\Keil_v5\\ARM\\PACK\\Keil\\STM32F3xx_DFP\\2.1.0\\Drivers\\STM32F3xx_HAL_Driver\\Src\\stm32f3xx_hal_flash.c 0x00000000   Number         0  stm32f3xx_hal_flash.o ABSOLUTE
    C:\\Keil_v5\\ARM\\PACK\\Keil\\STM32F3xx_DFP\\2.1.0\\Drivers\\STM32F3xx_HAL_Driver\\Src\\stm32f3xx_hal_flash_ex.c 0x00000000   Number         0  stm32f3xx_hal_flash_ex.o ABSOLUTE
    C:\\Keil_v5\\ARM\\PACK\\Keil\\STM32F3xx_DFP\\2.1.0\\Drivers\\STM32F3xx_HAL_Driver\\Src\\stm32f3xx_hal_gpio.c 0x00000000   Number         0  stm32f3xx_hal_gpio.o ABSOLUTE
    C:\\Keil_v5\\ARM\\PACK\\Keil\\STM32F3xx_DFP\\2.1.0\\Drivers\\STM32F3xx_HAL_Driver\\Src\\stm32f3xx_hal_hrtim.c 0x00000000   Number         0  stm32f3xx_hal_hrtim.o ABSOLUTE
    C:\\Keil_v5\\ARM\\PACK\\Keil\\STM32F3xx_DFP\\2.1.0\\Drivers\\STM32F3xx_HAL_Driver\\Src\\stm32f3xx_hal_i2c.c 0x00000000   Number         0  stm32f3xx_hal_i2c.o ABSOLUTE
    C:\\Keil_v5\\ARM\\PACK\\Keil\\STM32F3xx_DFP\\2.1.0\\Drivers\\STM32F3xx_HAL_Driver\\Src\\stm32f3xx_hal_i2c_ex.c 0x00000000   Number         0  stm32f3xx_hal_i2c_ex.o ABSOLUTE
    C:\\Keil_v5\\ARM\\PACK\\Keil\\STM32F3xx_DFP\\2.1.0\\Drivers\\STM32F3xx_HAL_Driver\\Src\\stm32f3xx_hal_i2s.c 0x00000000   Number         0  stm32f3xx_hal_i2s.o ABSOLUTE
    C:\\Keil_v5\\ARM\\PACK\\Keil\\STM32F3xx_DFP\\2.1.0\\Drivers\\STM32F3xx_HAL_Driver\\Src\\stm32f3xx_hal_i2s_ex.c 0x00000000   Number         0  stm32f3xx_hal_i2s_ex.o ABSOLUTE
    C:\\Keil_v5\\ARM\\PACK\\Keil\\STM32F3xx_DFP\\2.1.0\\Drivers\\STM32F3xx_HAL_Driver\\Src\\stm32f3xx_hal_irda.c 0x00000000   Number         0  stm32f3xx_hal_irda.o ABSOLUTE
    C:\\Keil_v5\\ARM\\PACK\\Keil\\STM32F3xx_DFP\\2.1.0\\Drivers\\STM32F3xx_HAL_Driver\\Src\\stm32f3xx_hal_iwdg.c 0x00000000   Number         0  stm32f3xx_hal_iwdg.o ABSOLUTE
    C:\\Keil_v5\\ARM\\PACK\\Keil\\STM32F3xx_DFP\\2.1.0\\Drivers\\STM32F3xx_HAL_Driver\\Src\\stm32f3xx_hal_nand.c 0x00000000   Number         0  stm32f3xx_hal_nand.o ABSOLUTE
    C:\\Keil_v5\\ARM\\PACK\\Keil\\STM32F3xx_DFP\\2.1.0\\Drivers\\STM32F3xx_HAL_Driver\\Src\\stm32f3xx_hal_nor.c 0x00000000   Number         0  stm32f3xx_hal_nor.o ABSOLUTE
    C:\\Keil_v5\\ARM\\PACK\\Keil\\STM32F3xx_DFP\\2.1.0\\Drivers\\STM32F3xx_HAL_Driver\\Src\\stm32f3xx_hal_opamp.c 0x00000000   Number         0  stm32f3xx_hal_opamp.o ABSOLUTE
    C:\\Keil_v5\\ARM\\PACK\\Keil\\STM32F3xx_DFP\\2.1.0\\Drivers\\STM32F3xx_HAL_Driver\\Src\\stm32f3xx_hal_opamp_ex.c 0x00000000   Number         0  stm32f3xx_hal_opamp_ex.o ABSOLUTE
    C:\\Keil_v5\\ARM\\PACK\\Keil\\STM32F3xx_DFP\\2.1.0\\Drivers\\STM32F3xx_HAL_Driver\\Src\\stm32f3xx_hal_pccard.c 0x00000000   Number         0  stm32f3xx_hal_pccard.o ABSOLUTE
    C:\\Keil_v5\\ARM\\PACK\\Keil\\STM32F3xx_DFP\\2.1.0\\Drivers\\STM32F3xx_HAL_Driver\\Src\\stm32f3xx_hal_pcd.c 0x00000000   Number         0  stm32f3xx_hal_pcd.o ABSOLUTE
    C:\\Keil_v5\\ARM\\PACK\\Keil\\STM32F3xx_DFP\\2.1.0\\Drivers\\STM32F3xx_HAL_Driver\\Src\\stm32f3xx_hal_pcd_ex.c 0x00000000   Number         0  stm32f3xx_hal_pcd_ex.o ABSOLUTE
    C:\\Keil_v5\\ARM\\PACK\\Keil\\STM32F3xx_DFP\\2.1.0\\Drivers\\STM32F3xx_HAL_Driver\\Src\\stm32f3xx_hal_pwr.c 0x00000000   Number         0  stm32f3xx_hal_pwr.o ABSOLUTE
    C:\\Keil_v5\\ARM\\PACK\\Keil\\STM32F3xx_DFP\\2.1.0\\Drivers\\STM32F3xx_HAL_Driver\\Src\\stm32f3xx_hal_pwr_ex.c 0x00000000   Number         0  stm32f3xx_hal_pwr_ex.o ABSOLUTE
    C:\\Keil_v5\\ARM\\PACK\\Keil\\STM32F3xx_DFP\\2.1.0\\Drivers\\STM32F3xx_HAL_Driver\\Src\\stm32f3xx_hal_rcc.c 0x00000000   Number         0  stm32f3xx_hal_rcc.o ABSOLUTE
    C:\\Keil_v5\\ARM\\PACK\\Keil\\STM32F3xx_DFP\\2.1.0\\Drivers\\STM32F3xx_HAL_Driver\\Src\\stm32f3xx_hal_rcc_ex.c 0x00000000   Number         0  stm32f3xx_hal_rcc_ex.o ABSOLUTE
    C:\\Keil_v5\\ARM\\PACK\\Keil\\STM32F3xx_DFP\\2.1.0\\Drivers\\STM32F3xx_HAL_Driver\\Src\\stm32f3xx_hal_rtc.c 0x00000000   Number         0  stm32f3xx_hal_rtc.o ABSOLUTE
    C:\\Keil_v5\\ARM\\PACK\\Keil\\STM32F3xx_DFP\\2.1.0\\Drivers\\STM32F3xx_HAL_Driver\\Src\\stm32f3xx_hal_rtc_ex.c 0x00000000   Number         0  stm32f3xx_hal_rtc_ex.o ABSOLUTE
    C:\\Keil_v5\\ARM\\PACK\\Keil\\STM32F3xx_DFP\\2.1.0\\Drivers\\STM32F3xx_HAL_Driver\\Src\\stm32f3xx_hal_sdadc.c 0x00000000   Number         0  stm32f3xx_hal_sdadc.o ABSOLUTE
    C:\\Keil_v5\\ARM\\PACK\\Keil\\STM32F3xx_DFP\\2.1.0\\Drivers\\STM32F3xx_HAL_Driver\\Src\\stm32f3xx_hal_smartcard.c 0x00000000   Number         0  stm32f3xx_hal_smartcard.o ABSOLUTE
    C:\\Keil_v5\\ARM\\PACK\\Keil\\STM32F3xx_DFP\\2.1.0\\Drivers\\STM32F3xx_HAL_Driver\\Src\\stm32f3xx_hal_smartcard_ex.c 0x00000000   Number         0  stm32f3xx_hal_smartcard_ex.o ABSOLUTE
    C:\\Keil_v5\\ARM\\PACK\\Keil\\STM32F3xx_DFP\\2.1.0\\Drivers\\STM32F3xx_HAL_Driver\\Src\\stm32f3xx_hal_smbus.c 0x00000000   Number         0  stm32f3xx_hal_smbus.o ABSOLUTE
    C:\\Keil_v5\\ARM\\PACK\\Keil\\STM32F3xx_DFP\\2.1.0\\Drivers\\STM32F3xx_HAL_Driver\\Src\\stm32f3xx_hal_spi.c 0x00000000   Number         0  stm32f3xx_hal_spi.o ABSOLUTE
    C:\\Keil_v5\\ARM\\PACK\\Keil\\STM32F3xx_DFP\\2.1.0\\Drivers\\STM32F3xx_HAL_Driver\\Src\\stm32f3xx_hal_spi_ex.c 0x00000000   Number         0  stm32f3xx_hal_spi_ex.o ABSOLUTE
    C:\\Keil_v5\\ARM\\PACK\\Keil\\STM32F3xx_DFP\\2.1.0\\Drivers\\STM32F3xx_HAL_Driver\\Src\\stm32f3xx_hal_sram.c 0x00000000   Number         0  stm32f3xx_hal_sram.o ABSOLUTE
    C:\\Keil_v5\\ARM\\PACK\\Keil\\STM32F3xx_DFP\\2.1.0\\Drivers\\STM32F3xx_HAL_Driver\\Src\\stm32f3xx_hal_tim.c 0x00000000   Number         0  stm32f3xx_hal_tim.o ABSOLUTE
    C:\\Keil_v5\\ARM\\PACK\\Keil\\STM32F3xx_DFP\\2.1.0\\Drivers\\STM32F3xx_HAL_Driver\\Src\\stm32f3xx_hal_tim_ex.c 0x00000000   Number         0  stm32f3xx_hal_tim_ex.o ABSOLUTE
    C:\\Keil_v5\\ARM\\PACK\\Keil\\STM32F3xx_DFP\\2.1.0\\Drivers\\STM32F3xx_HAL_Driver\\Src\\stm32f3xx_hal_tsc.c 0x00000000   Number         0  stm32f3xx_hal_tsc.o ABSOLUTE
    C:\\Keil_v5\\ARM\\PACK\\Keil\\STM32F3xx_DFP\\2.1.0\\Drivers\\STM32F3xx_HAL_Driver\\Src\\stm32f3xx_hal_uart.c 0x00000000   Number         0  stm32f3xx_hal_uart.o ABSOLUTE
    C:\\Keil_v5\\ARM\\PACK\\Keil\\STM32F3xx_DFP\\2.1.0\\Drivers\\STM32F3xx_HAL_Driver\\Src\\stm32f3xx_hal_uart_ex.c 0x00000000   Number         0  stm32f3xx_hal_uart_ex.o ABSOLUTE
    C:\\Keil_v5\\ARM\\PACK\\Keil\\STM32F3xx_DFP\\2.1.0\\Drivers\\STM32F3xx_HAL_Driver\\Src\\stm32f3xx_hal_usart.c 0x00000000   Number         0  stm32f3xx_hal_usart.o ABSOLUTE
    C:\\Keil_v5\\ARM\\PACK\\Keil\\STM32F3xx_DFP\\2.1.0\\Drivers\\STM32F3xx_HAL_Driver\\Src\\stm32f3xx_hal_wwdg.c 0x00000000   Number         0  stm32f3xx_hal_wwdg.o ABSOLUTE
    C:\\Keil_v5\\ARM\\PACK\\Keil\\STM32F3xx_DFP\\2.1.0\\Drivers\\STM32F3xx_HAL_Driver\\Src\\stm32f3xx_ll_fmc.c 0x00000000   Number         0  stm32f3xx_ll_fmc.o ABSOLUTE
    C:\\Keil_v5\\ARM\\PACK\\Keil\\STM32F3xx_DFP\\2.1.0\\Drivers\\STM32F3xx_HAL_Driver\\Src\\stm32f3xx_ll_utils.c 0x00000000   Number         0  stm32f3xx_ll_utils.o ABSOLUTE
    RTE\Device\STM32F303RETx\STCubeGenerated\Src\main.c 0x00000000   Number         0  main.o ABSOLUTE
    RTE\Device\STM32F303RETx\STCubeGenerated\Src\stm32f3xx_it.c 0x00000000   Number         0  stm32f3xx_it.o ABSOLUTE
    RTE\\Device\\STM32F303RETx\\STCubeGenerated\\Src\\main.c 0x00000000   Number         0  main.o ABSOLUTE
    RTE\\Device\\STM32F303RETx\\STCubeGenerated\\Src\\stm32f3xx_it.c 0x00000000   Number         0  stm32f3xx_it.o ABSOLUTE
    \\DEV-HA\Redirected_Folders\BPurkiss\Documents\halleffectsensor\RTE\Device\STM32F303RETx\STCubeGenerated\MDK-ARM\startup_stm32f303xe.s 0x00000000   Number         0  startup_stm32f303xe.o ABSOLUTE
    \\DEV-HA\Redirected_Folders\BPurkiss\Documents\halleffectsensor\RTE\Device\STM32F303RETx\STCubeGenerated\Src\stm32f3xx_hal_msp.c 0x00000000   Number         0  stm32f3xx_hal_msp.o ABSOLUTE
    \\DEV-HA\Redirected_Folders\BPurkiss\Documents\halleffectsensor\RTE\Device\STM32F303RETx\STCubeGenerated\Src\system_stm32f3xx.c 0x00000000   Number         0  system_stm32f3xx.o ABSOLUTE
    \\\\DEV-HA\\Redirected_Folders\\BPurkiss\\Documents\\halleffectsensor\\RTE\\Device\\STM32F303RETx\\STCubeGenerated\\Src\\stm32f3xx_hal_msp.c 0x00000000   Number         0  stm32f3xx_hal_msp.o ABSOLUTE
    \\\\DEV-HA\\Redirected_Folders\\BPurkiss\\Documents\\halleffectsensor\\RTE\\Device\\STM32F303RETx\\STCubeGenerated\\Src\\system_stm32f3xx.c 0x00000000   Number         0  system_stm32f3xx.o ABSOLUTE
    dc.s                                     0x00000000   Number         0  dc.o ABSOLUTE
    RESET                                    0x08000000   Section      404  startup_stm32f303xe.o(RESET)
    !!!main                                  0x08000194   Section        8  __main.o(!!!main)
    !!!scatter                               0x0800019c   Section       52  __scatter.o(!!!scatter)
    !!handler_copy                           0x080001d0   Section       26  __scatter_copy.o(!!handler_copy)
    !!handler_zi                             0x080001ec   Section       28  __scatter_zi.o(!!handler_zi)
    .ARM.Collect$$libinit$$00000000          0x08000208   Section        2  libinit.o(.ARM.Collect$$libinit$$00000000)
    .ARM.Collect$$libinit$$00000001          0x0800020a   Section        4  libinit2.o(.ARM.Collect$$libinit$$00000001)
    .ARM.Collect$$libinit$$00000004          0x0800020e   Section        0  libinit2.o(.ARM.Collect$$libinit$$00000004)
    .ARM.Collect$$libinit$$0000000A          0x0800020e   Section        0  libinit2.o(.ARM.Collect$$libinit$$0000000A)
    .ARM.Collect$$libinit$$0000000C          0x0800020e   Section        0  libinit2.o(.ARM.Collect$$libinit$$0000000C)
    .ARM.Collect$$libinit$$0000000E          0x0800020e   Section        0  libinit2.o(.ARM.Collect$$libinit$$0000000E)
    .ARM.Collect$$libinit$$00000011          0x0800020e   Section        0  libinit2.o(.ARM.Collect$$libinit$$00000011)
    .ARM.Collect$$libinit$$00000013          0x0800020e   Section        0  libinit2.o(.ARM.Collect$$libinit$$00000013)
    .ARM.Collect$$libinit$$00000015          0x0800020e   Section        0  libinit2.o(.ARM.Collect$$libinit$$00000015)
    .ARM.Collect$$libinit$$00000017          0x0800020e   Section        0  libinit2.o(.ARM.Collect$$libinit$$00000017)
    .ARM.Collect$$libinit$$00000019          0x0800020e   Section        0  libinit2.o(.ARM.Collect$$libinit$$00000019)
    .ARM.Collect$$libinit$$0000001B          0x0800020e   Section        0  libinit2.o(.ARM.Collect$$libinit$$0000001B)
    .ARM.Collect$$libinit$$0000001D          0x0800020e   Section        0  libinit2.o(.ARM.Collect$$libinit$$0000001D)
    .ARM.Collect$$libinit$$0000001F          0x0800020e   Section        0  libinit2.o(.ARM.Collect$$libinit$$0000001F)
    .ARM.Collect$$libinit$$00000021          0x0800020e   Section        0  libinit2.o(.ARM.Collect$$libinit$$00000021)
    .ARM.Collect$$libinit$$00000023          0x0800020e   Section        0  libinit2.o(.ARM.Collect$$libinit$$00000023)
    .ARM.Collect$$libinit$$00000025          0x0800020e   Section        0  libinit2.o(.ARM.Collect$$libinit$$00000025)
    .ARM.Collect$$libinit$$0000002C          0x0800020e   Section        0  libinit2.o(.ARM.Collect$$libinit$$0000002C)
    .ARM.Collect$$libinit$$0000002E          0x0800020e   Section        0  libinit2.o(.ARM.Collect$$libinit$$0000002E)
    .ARM.Collect$$libinit$$00000030          0x0800020e   Section        0  libinit2.o(.ARM.Collect$$libinit$$00000030)
    .ARM.Collect$$libinit$$00000032          0x0800020e   Section        0  libinit2.o(.ARM.Collect$$libinit$$00000032)
    .ARM.Collect$$libinit$$00000033          0x0800020e   Section        2  libinit2.o(.ARM.Collect$$libinit$$00000033)
    .ARM.Collect$$libshutdown$$00000000      0x08000210   Section        2  libshutdown.o(.ARM.Collect$$libshutdown$$00000000)
    .ARM.Collect$$libshutdown$$00000002      0x08000212   Section        0  libshutdown2.o(.ARM.Collect$$libshutdown$$00000002)
    .ARM.Collect$$libshutdown$$00000004      0x08000212   Section        0  libshutdown2.o(.ARM.Collect$$libshutdown$$00000004)
    .ARM.Collect$$libshutdown$$00000007      0x08000212   Section        0  libshutdown2.o(.ARM.Collect$$libshutdown$$00000007)
    .ARM.Collect$$libshutdown$$0000000A      0x08000212   Section        0  libshutdown2.o(.ARM.Collect$$libshutdown$$0000000A)
    .ARM.Collect$$libshutdown$$0000000C      0x08000212   Section        0  libshutdown2.o(.ARM.Collect$$libshutdown$$0000000C)
    .ARM.Collect$$libshutdown$$0000000F      0x08000212   Section        0  libshutdown2.o(.ARM.Collect$$libshutdown$$0000000F)
    .ARM.Collect$$libshutdown$$00000010      0x08000212   Section        2  libshutdown2.o(.ARM.Collect$$libshutdown$$00000010)
    .ARM.Collect$$rtentry$$00000000          0x08000214   Section        0  __rtentry.o(.ARM.Collect$$rtentry$$00000000)
    .ARM.Collect$$rtentry$$00000002          0x08000214   Section        0  __rtentry2.o(.ARM.Collect$$rtentry$$00000002)
    .ARM.Collect$$rtentry$$00000004          0x08000214   Section        6  __rtentry4.o(.ARM.Collect$$rtentry$$00000004)
    .ARM.Collect$$rtentry$$00000009          0x0800021a   Section        0  __rtentry2.o(.ARM.Collect$$rtentry$$00000009)
    .ARM.Collect$$rtentry$$0000000A          0x0800021a   Section        4  __rtentry2.o(.ARM.Collect$$rtentry$$0000000A)
    .ARM.Collect$$rtentry$$0000000C          0x0800021e   Section        0  __rtentry2.o(.ARM.Collect$$rtentry$$0000000C)
    .ARM.Collect$$rtentry$$0000000D          0x0800021e   Section        8  __rtentry2.o(.ARM.Collect$$rtentry$$0000000D)
    .ARM.Collect$$rtexit$$00000000           0x08000226   Section        2  rtexit.o(.ARM.Collect$$rtexit$$00000000)
    .ARM.Collect$$rtexit$$00000002           0x08000228   Section        0  rtexit2.o(.ARM.Collect$$rtexit$$00000002)
    .ARM.Collect$$rtexit$$00000003           0x08000228   Section        4  rtexit2.o(.ARM.Collect$$rtexit$$00000003)
    .ARM.Collect$$rtexit$$00000004           0x0800022c   Section        6  rtexit2.o(.ARM.Collect$$rtexit$$00000004)
    .text                                    0x08000234   Section       64  startup_stm32f303xe.o(.text)
    $v0                                      0x08000234   Number         0  startup_stm32f303xe.o(.text)
    .text                                    0x08000274   Section        0  heapauxi.o(.text)
    .text                                    0x0800027a   Section       74  sys_stackheap_outer.o(.text)
    .text                                    0x080002c4   Section        0  exit.o(.text)
    .text                                    0x080002d8   Section        8  libspace.o(.text)
    .text                                    0x080002e0   Section        0  sys_exit.o(.text)
    .text                                    0x080002ec   Section        2  use_no_semi.o(.text)
    .text                                    0x080002ee   Section        0  indicate_semi.o(.text)
    i.ADC_DMAConvCplt                        0x080002ee   Section        0  stm32f3xx_hal_adc_ex.o(i.ADC_DMAConvCplt)
    ADC_DMAConvCplt                          0x080002ef   Thumb Code    78  stm32f3xx_hal_adc_ex.o(i.ADC_DMAConvCplt)
    i.ADC_DMAError                           0x0800033c   Section        0  stm32f3xx_hal_adc_ex.o(i.ADC_DMAError)
    ADC_DMAError                             0x0800033d   Thumb Code    30  stm32f3xx_hal_adc_ex.o(i.ADC_DMAError)
    i.ADC_DMAHalfConvCplt                    0x0800035a   Section        0  stm32f3xx_hal_adc_ex.o(i.ADC_DMAHalfConvCplt)
    ADC_DMAHalfConvCplt                      0x0800035b   Thumb Code    14  stm32f3xx_hal_adc_ex.o(i.ADC_DMAHalfConvCplt)
    i.ADC_Disable                            0x08000368   Section        0  stm32f3xx_hal_adc_ex.o(i.ADC_Disable)
    ADC_Disable                              0x08000369   Thumb Code   152  stm32f3xx_hal_adc_ex.o(i.ADC_Disable)
    i.ADC_Enable                             0x08000400   Section        0  stm32f3xx_hal_adc_ex.o(i.ADC_Enable)
    ADC_Enable                               0x08000401   Thumb Code   140  stm32f3xx_hal_adc_ex.o(i.ADC_Enable)
    i.BusFault_Handler                       0x08000490   Section        0  stm32f3xx_it.o(i.BusFault_Handler)
    i.DMA1_Channel1_IRQHandler               0x08000494   Section        0  stm32f3xx_it.o(i.DMA1_Channel1_IRQHandler)
    i.DMA_CalcBaseAndBitshift                0x080004a4   Section        0  stm32f3xx_hal_dma.o(i.DMA_CalcBaseAndBitshift)
    DMA_CalcBaseAndBitshift                  0x080004a5   Thumb Code    56  stm32f3xx_hal_dma.o(i.DMA_CalcBaseAndBitshift)
    i.DMA_SetConfig                          0x080004e4   Section        0  stm32f3xx_hal_dma.o(i.DMA_SetConfig)
    DMA_SetConfig                            0x080004e5   Thumb Code    44  stm32f3xx_hal_dma.o(i.DMA_SetConfig)
    i.DebugMon_Handler                       0x08000510   Section        0  stm32f3xx_it.o(i.DebugMon_Handler)
    i.HAL_ADCEx_MultiModeConfigChannel       0x08000514   Section        0  stm32f3xx_hal_adc_ex.o(i.HAL_ADCEx_MultiModeConfigChannel)
    i.HAL_ADC_ConfigChannel                  0x08000698   Section        0  stm32f3xx_hal_adc_ex.o(i.HAL_ADC_ConfigChannel)
    i.HAL_ADC_ConvCpltCallback               0x08000b00   Section        0  stm32f3xx_hal_adc.o(i.HAL_ADC_ConvCpltCallback)
    i.HAL_ADC_ConvHalfCpltCallback           0x08000b02   Section        0  stm32f3xx_hal_adc.o(i.HAL_ADC_ConvHalfCpltCallback)
    i.HAL_ADC_ErrorCallback                  0x08000b04   Section        0  stm32f3xx_hal_adc.o(i.HAL_ADC_ErrorCallback)
    i.HAL_ADC_Init                           0x08000b08   Section        0  stm32f3xx_hal_adc_ex.o(i.HAL_ADC_Init)
    i.HAL_ADC_MspInit                        0x08000e0c   Section        0  stm32f3xx_hal_msp.o(i.HAL_ADC_MspInit)
    i.HAL_ADC_Start_DMA                      0x08000ea0   Section        0  stm32f3xx_hal_adc_ex.o(i.HAL_ADC_Start_DMA)
    i.HAL_DMA_IRQHandler                     0x08001050   Section        0  stm32f3xx_hal_dma.o(i.HAL_DMA_IRQHandler)
    i.HAL_DMA_Init                           0x08001136   Section        0  stm32f3xx_hal_dma.o(i.HAL_DMA_Init)
    i.HAL_DMA_Start_IT                       0x08001194   Section        0  stm32f3xx_hal_dma.o(i.HAL_DMA_Start_IT)
    i.HAL_GPIO_Init                          0x08001230   Section        0  stm32f3xx_hal_gpio.o(i.HAL_GPIO_Init)
    i.HAL_GetTick                            0x08001418   Section        0  stm32f3xx_hal.o(i.HAL_GetTick)
    i.HAL_IncTick                            0x08001424   Section        0  stm32f3xx_hal.o(i.HAL_IncTick)
    i.HAL_Init                               0x08001434   Section        0  stm32f3xx_hal.o(i.HAL_Init)
    i.HAL_InitTick                           0x0800145c   Section        0  stm32f3xx_hal.o(i.HAL_InitTick)
    i.HAL_MspInit                            0x08001484   Section        0  stm32f3xx_hal_msp.o(i.HAL_MspInit)
    i.HAL_NVIC_EnableIRQ                     0x080014fc   Section        0  stm32f3xx_hal_cortex.o(i.HAL_NVIC_EnableIRQ)
    i.HAL_NVIC_SetPriority                   0x0800151c   Section        0  stm32f3xx_hal_cortex.o(i.HAL_NVIC_SetPriority)
    i.HAL_NVIC_SetPriorityGrouping           0x08001598   Section        0  stm32f3xx_hal_cortex.o(i.HAL_NVIC_SetPriorityGrouping)
    i.HAL_RCCEx_PeriphCLKConfig              0x080015c0   Section        0  stm32f3xx_hal_rcc_ex.o(i.HAL_RCCEx_PeriphCLKConfig)
    i.HAL_RCC_ClockConfig                    0x0800196c   Section        0  stm32f3xx_hal_rcc.o(i.HAL_RCC_ClockConfig)
    i.HAL_RCC_GetHCLKFreq                    0x08001c58   Section        0  stm32f3xx_hal_rcc.o(i.HAL_RCC_GetHCLKFreq)
    i.HAL_RCC_GetSysClockFreq                0x08001c64   Section        0  stm32f3xx_hal_rcc.o(i.HAL_RCC_GetSysClockFreq)
    i.HAL_RCC_OscConfig                      0x08001cf8   Section        0  stm32f3xx_hal_rcc.o(i.HAL_RCC_OscConfig)
    i.HAL_SYSTICK_CLKSourceConfig            0x08002700   Section        0  stm32f3xx_hal_cortex.o(i.HAL_SYSTICK_CLKSourceConfig)
    i.HAL_SYSTICK_Callback                   0x08002728   Section        0  stm32f3xx_hal_cortex.o(i.HAL_SYSTICK_Callback)
    i.HAL_SYSTICK_Config                     0x0800272a   Section        0  stm32f3xx_hal_cortex.o(i.HAL_SYSTICK_Config)
    i.HAL_SYSTICK_IRQHandler                 0x0800275e   Section        0  stm32f3xx_hal_cortex.o(i.HAL_SYSTICK_IRQHandler)
    i.HardFault_Handler                      0x08002766   Section        0  stm32f3xx_it.o(i.HardFault_Handler)
    i.MX_ADC1_Init                           0x0800276c   Section        0  main.o(i.MX_ADC1_Init)
    MX_ADC1_Init                             0x0800276d   Thumb Code   132  main.o(i.MX_ADC1_Init)
    i.MX_DMA_Init                            0x08002828   Section        0  main.o(i.MX_DMA_Init)
    MX_DMA_Init                              0x08002829   Thumb Code    48  main.o(i.MX_DMA_Init)
    i.MX_GPIO_Init                           0x0800285c   Section        0  main.o(i.MX_GPIO_Init)
    MX_GPIO_Init                             0x0800285d   Thumb Code    58  main.o(i.MX_GPIO_Init)
    i.MemManage_Handler                      0x0800289c   Section        0  stm32f3xx_it.o(i.MemManage_Handler)
    i.NMI_Handler                            0x080028a0   Section        0  stm32f3xx_it.o(i.NMI_Handler)
    i.PendSV_Handler                         0x080028a2   Section        0  stm32f3xx_it.o(i.PendSV_Handler)
    i.SVC_Handler                            0x080028a4   Section        0  stm32f3xx_it.o(i.SVC_Handler)
    i.SysTick_Handler                        0x080028a6   Section        0  stm32f3xx_it.o(i.SysTick_Handler)
    i.SystemClock_Config                     0x080028b4   Section        0  main.o(i.SystemClock_Config)
    i.SystemInit                             0x08002974   Section        0  system_stm32f3xx.o(i.SystemInit)
    i.UsageFault_Handler                     0x080029f0   Section        0  stm32f3xx_it.o(i.UsageFault_Handler)
    i._Error_Handler                         0x080029f4   Section        0  main.o(i._Error_Handler)
    i.__NVIC_GetPriorityGrouping             0x080029f8   Section        0  stm32f3xx_hal_cortex.o(i.__NVIC_GetPriorityGrouping)
    __NVIC_GetPriorityGrouping               0x080029f9   Thumb Code    10  stm32f3xx_hal_cortex.o(i.__NVIC_GetPriorityGrouping)
    i.__NVIC_SetPriority                     0x08002a08   Section        0  stm32f3xx_hal_cortex.o(i.__NVIC_SetPriority)
    __NVIC_SetPriority                       0x08002a09   Thumb Code    32  stm32f3xx_hal_cortex.o(i.__NVIC_SetPriority)
    i.main                                   0x08002a30   Section        0  main.o(i.main)
    x$fpl$d2f                                0x08002acc   Section       98  d2f.o(x$fpl$d2f)
    $v0                                      0x08002acc   Number         0  d2f.o(x$fpl$d2f)
    x$fpl$ddiv                               0x08002b30   Section      688  ddiv.o(x$fpl$ddiv)
    $v0                                      0x08002b30   Number         0  ddiv.o(x$fpl$ddiv)
    ddiv_entry                               0x08002b37   Thumb Code     0  ddiv.o(x$fpl$ddiv)
    x$fpl$dfltu                              0x08002de0   Section       38  dflt_clz.o(x$fpl$dfltu)
    $v0                                      0x08002de0   Number         0  dflt_clz.o(x$fpl$dfltu)
    x$fpl$dmul                               0x08002e08   Section      340  dmul.o(x$fpl$dmul)
    $v0                                      0x08002e08   Number         0  dmul.o(x$fpl$dmul)
    x$fpl$dnaninf                            0x08002f5c   Section      156  dnaninf.o(x$fpl$dnaninf)
    $v0                                      0x08002f5c   Number         0  dnaninf.o(x$fpl$dnaninf)
    x$fpl$dretinf                            0x08002ff8   Section       12  dretinf.o(x$fpl$dretinf)
    $v0                                      0x08002ff8   Number         0  dretinf.o(x$fpl$dretinf)
    x$fpl$fpinit                             0x08003004   Section       10  fpinit.o(x$fpl$fpinit)
    $v0                                      0x08003004   Number         0  fpinit.o(x$fpl$fpinit)
    x$fpl$fretinf                            0x0800300e   Section       10  fretinf.o(x$fpl$fretinf)
    $v0                                      0x0800300e   Number         0  fretinf.o(x$fpl$fretinf)
    .constdata                               0x08003018   Section       32  stm32f3xx_hal_rcc.o(.constdata)
    x$fpl$usenofp                            0x08003018   Section        0  usenofp.o(x$fpl$usenofp)
    .constdata                               0x08003038   Section       24  system_stm32f3xx.o(.constdata)
    .conststring                             0x08003050   Section      129  stm32f3xx_hal_msp.o(.conststring)
    .data                                    0x20000000   Section        8  main.o(.data)
    .data                                    0x20000008   Section        4  stm32f3xx_hal.o(.data)
    .data                                    0x2000000c   Section        4  system_stm32f3xx.o(.data)
    .bss                                     0x20000010   Section      172  main.o(.bss)
    .bss                                     0x200000bc   Section       96  libspace.o(.bss)
    HEAP                                     0x20000120   Section      512  startup_stm32f303xe.o(HEAP)
    Heap_Mem                                 0x20000120   Data         512  startup_stm32f303xe.o(HEAP)
    STACK                                    0x20000320   Section     1024  startup_stm32f303xe.o(STACK)
    Stack_Mem                                0x20000320   Data        1024  startup_stm32f303xe.o(STACK)
    __initial_sp                             0x20000720   Data           0  startup_stm32f303xe.o(STACK)

    Global Symbols

    Symbol Name                              Value     Ov Type        Size  Object(Section)

    BuildAttributes$$THM_ISAv4$E$P$D$K$B$S$7EM$VFPi3$EXTD16$VFPS$VFMA$PE$A:L22UL41UL21$X:L11$S22US41US21$IEEE1$IW$USESV6$~STKCKD$USESV7$~SHL$OSPACE$ROPI$EBA8$UX$STANDARDLIB$REQ8$PRES8$EABIv2 0x00000000   Number         0  anon$$obj.o ABSOLUTE
    __ARM_use_no_argv                        0x00000000   Number         0  main.o ABSOLUTE
    __ARM_exceptions_init                     - Undefined Weak Reference
    __alloca_initialize                       - Undefined Weak Reference
    __arm_preinit_                            - Undefined Weak Reference
    __cpp_initialize__aeabi_                  - Undefined Weak Reference
    __cxa_finalize                            - Undefined Weak Reference
    __rt_locale                               - Undefined Weak Reference
    __sigvec_lookup                           - Undefined Weak Reference
    _atexit_init                              - Undefined Weak Reference
    _call_atexit_fns                          - Undefined Weak Reference
    _clock_init                               - Undefined Weak Reference
    _fp_trap_init                             - Undefined Weak Reference
    _fp_trap_shutdown                         - Undefined Weak Reference
    _get_lc_collate                           - Undefined Weak Reference
    _get_lc_ctype                             - Undefined Weak Reference
    _get_lc_monetary                          - Undefined Weak Reference
    _get_lc_numeric                           - Undefined Weak Reference
    _get_lc_time                              - Undefined Weak Reference
    _getenv_init                              - Undefined Weak Reference
    _handle_redirection                       - Undefined Weak Reference
    _init_alloc                               - Undefined Weak Reference
    _init_user_alloc                          - Undefined Weak Reference
    _initio                                   - Undefined Weak Reference
    _rand_init                                - Undefined Weak Reference
    _signal_finish                            - Undefined Weak Reference
    _signal_init                              - Undefined Weak Reference
    _terminate_alloc                          - Undefined Weak Reference
    _terminate_user_alloc                     - Undefined Weak Reference
    _terminateio                              - Undefined Weak Reference
    __Vectors_Size                           0x00000194   Number         0  startup_stm32f303xe.o ABSOLUTE
    __Vectors                                0x08000000   Data           4  startup_stm32f303xe.o(RESET)
    __Vectors_End                            0x08000194   Data           0  startup_stm32f303xe.o(RESET)
    __main                                   0x08000195   Thumb Code     8  __main.o(!!!main)
    __scatterload                            0x0800019d   Thumb Code     0  __scatter.o(!!!scatter)
    __scatterload_rt2                        0x0800019d   Thumb Code    44  __scatter.o(!!!scatter)
    __scatterload_rt2_thumb_only             0x0800019d   Thumb Code     0  __scatter.o(!!!scatter)
    __scatterload_null                       0x080001ab   Thumb Code     0  __scatter.o(!!!scatter)
    __scatterload_copy                       0x080001d1   Thumb Code    26  __scatter_copy.o(!!handler_copy)
    __scatterload_zeroinit                   0x080001ed   Thumb Code    28  __scatter_zi.o(!!handler_zi)
    __rt_lib_init                            0x08000209   Thumb Code     0  libinit.o(.ARM.Collect$$libinit$$00000000)
    __rt_lib_init_fp_1                       0x0800020b   Thumb Code     0  libinit2.o(.ARM.Collect$$libinit$$00000001)
    __rt_lib_init_alloca_1                   0x0800020f   Thumb Code     0  libinit2.o(.ARM.Collect$$libinit$$0000002E)
    __rt_lib_init_argv_1                     0x0800020f   Thumb Code     0  libinit2.o(.ARM.Collect$$libinit$$0000002C)
    __rt_lib_init_atexit_1                   0x0800020f   Thumb Code     0  libinit2.o(.ARM.Collect$$libinit$$0000001B)
    __rt_lib_init_clock_1                    0x0800020f   Thumb Code     0  libinit2.o(.ARM.Collect$$libinit$$00000021)
    __rt_lib_init_cpp_1                      0x0800020f   Thumb Code     0  libinit2.o(.ARM.Collect$$libinit$$00000032)
    __rt_lib_init_exceptions_1               0x0800020f   Thumb Code     0  libinit2.o(.ARM.Collect$$libinit$$00000030)
    __rt_lib_init_fp_trap_1                  0x0800020f   Thumb Code     0  libinit2.o(.ARM.Collect$$libinit$$0000001F)
    __rt_lib_init_getenv_1                   0x0800020f   Thumb Code     0  libinit2.o(.ARM.Collect$$libinit$$00000023)
    __rt_lib_init_heap_1                     0x0800020f   Thumb Code     0  libinit2.o(.ARM.Collect$$libinit$$0000000A)
    __rt_lib_init_lc_collate_1               0x0800020f   Thumb Code     0  libinit2.o(.ARM.Collect$$libinit$$00000011)
    __rt_lib_init_lc_ctype_1                 0x0800020f   Thumb Code     0  libinit2.o(.ARM.Collect$$libinit$$00000013)
    __rt_lib_init_lc_monetary_1              0x0800020f   Thumb Code     0  libinit2.o(.ARM.Collect$$libinit$$00000015)
    __rt_lib_init_lc_numeric_1               0x0800020f   Thumb Code     0  libinit2.o(.ARM.Collect$$libinit$$00000017)
    __rt_lib_init_lc_time_1                  0x0800020f   Thumb Code     0  libinit2.o(.ARM.Collect$$libinit$$00000019)
    __rt_lib_init_preinit_1                  0x0800020f   Thumb Code     0  libinit2.o(.ARM.Collect$$libinit$$00000004)
    __rt_lib_init_rand_1                     0x0800020f   Thumb Code     0  libinit2.o(.ARM.Collect$$libinit$$0000000E)
    __rt_lib_init_return                     0x0800020f   Thumb Code     0  libinit2.o(.ARM.Collect$$libinit$$00000033)
    __rt_lib_init_signal_1                   0x0800020f   Thumb Code     0  libinit2.o(.ARM.Collect$$libinit$$0000001D)
    __rt_lib_init_stdio_1                    0x0800020f   Thumb Code     0  libinit2.o(.ARM.Collect$$libinit$$00000025)
    __rt_lib_init_user_alloc_1               0x0800020f   Thumb Code     0  libinit2.o(.ARM.Collect$$libinit$$0000000C)
    __rt_lib_shutdown                        0x08000211   Thumb Code     0  libshutdown.o(.ARM.Collect$$libshutdown$$00000000)
    __rt_lib_shutdown_cpp_1                  0x08000213   Thumb Code     0  libshutdown2.o(.ARM.Collect$$libshutdown$$00000002)
    __rt_lib_shutdown_fp_trap_1              0x08000213   Thumb Code     0  libshutdown2.o(.ARM.Collect$$libshutdown$$00000007)
    __rt_lib_shutdown_heap_1                 0x08000213   Thumb Code     0  libshutdown2.o(.ARM.Collect$$libshutdown$$0000000F)
    __rt_lib_shutdown_return                 0x08000213   Thumb Code     0  libshutdown2.o(.ARM.Collect$$libshutdown$$00000010)
    __rt_lib_shutdown_signal_1               0x08000213   Thumb Code     0  libshutdown2.o(.ARM.Collect$$libshutdown$$0000000A)
    __rt_lib_shutdown_stdio_1                0x08000213   Thumb Code     0  libshutdown2.o(.ARM.Collect$$libshutdown$$00000004)
    __rt_lib_shutdown_user_alloc_1           0x08000213   Thumb Code     0  libshutdown2.o(.ARM.Collect$$libshutdown$$0000000C)
    __rt_entry                               0x08000215   Thumb Code     0  __rtentry.o(.ARM.Collect$$rtentry$$00000000)
    __rt_entry_presh_1                       0x08000215   Thumb Code     0  __rtentry2.o(.ARM.Collect$$rtentry$$00000002)
    __rt_entry_sh                            0x08000215   Thumb Code     0  __rtentry4.o(.ARM.Collect$$rtentry$$00000004)
    __rt_entry_li                            0x0800021b   Thumb Code     0  __rtentry2.o(.ARM.Collect$$rtentry$$0000000A)
    __rt_entry_postsh_1                      0x0800021b   Thumb Code     0  __rtentry2.o(.ARM.Collect$$rtentry$$00000009)
    __rt_entry_main                          0x0800021f   Thumb Code     0  __rtentry2.o(.ARM.Collect$$rtentry$$0000000D)
    __rt_entry_postli_1                      0x0800021f   Thumb Code     0  __rtentry2.o(.ARM.Collect$$rtentry$$0000000C)
    __rt_exit                                0x08000227   Thumb Code     0  rtexit.o(.ARM.Collect$$rtexit$$00000000)
    __rt_exit_ls                             0x08000229   Thumb Code     0  rtexit2.o(.ARM.Collect$$rtexit$$00000003)
    __rt_exit_prels_1                        0x08000229   Thumb Code     0  rtexit2.o(.ARM.Collect$$rtexit$$00000002)
    __rt_exit_exit                           0x0800022d   Thumb Code     0  rtexit2.o(.ARM.Collect$$rtexit$$00000004)
    Reset_Handler                            0x08000235   Thumb Code     8  startup_stm32f303xe.o(.text)
    ADC1_2_IRQHandler                        0x0800024f   Thumb Code     0  startup_stm32f303xe.o(.text)
    ADC3_IRQHandler                          0x0800024f   Thumb Code     0  startup_stm32f303xe.o(.text)
    ADC4_IRQHandler                          0x0800024f   Thumb Code     0  startup_stm32f303xe.o(.text)
    CAN_RX1_IRQHandler                       0x0800024f   Thumb Code     0  startup_stm32f303xe.o(.text)
    CAN_SCE_IRQHandler                       0x0800024f   Thumb Code     0  startup_stm32f303xe.o(.text)
    COMP1_2_3_IRQHandler                     0x0800024f   Thumb Code     0  startup_stm32f303xe.o(.text)
    COMP4_5_6_IRQHandler                     0x0800024f   Thumb Code     0  startup_stm32f303xe.o(.text)
    COMP7_IRQHandler                         0x0800024f   Thumb Code     0  startup_stm32f303xe.o(.text)
    DMA1_Channel2_IRQHandler                 0x0800024f   Thumb Code     0  startup_stm32f303xe.o(.text)
    DMA1_Channel3_IRQHandler                 0x0800024f   Thumb Code     0  startup_stm32f303xe.o(.text)
    DMA1_Channel4_IRQHandler                 0x0800024f   Thumb Code     0  startup_stm32f303xe.o(.text)
    DMA1_Channel5_IRQHandler                 0x0800024f   Thumb Code     0  startup_stm32f303xe.o(.text)
    DMA1_Channel6_IRQHandler                 0x0800024f   Thumb Code     0  startup_stm32f303xe.o(.text)
    DMA1_Channel7_IRQHandler                 0x0800024f   Thumb Code     0  startup_stm32f303xe.o(.text)
    DMA2_Channel1_IRQHandler                 0x0800024f   Thumb Code     0  startup_stm32f303xe.o(.text)
    DMA2_Channel2_IRQHandler                 0x0800024f   Thumb Code     0  startup_stm32f303xe.o(.text)
    DMA2_Channel3_IRQHandler                 0x0800024f   Thumb Code     0  startup_stm32f303xe.o(.text)
    DMA2_Channel4_IRQHandler                 0x0800024f   Thumb Code     0  startup_stm32f303xe.o(.text)
    DMA2_Channel5_IRQHandler                 0x0800024f   Thumb Code     0  startup_stm32f303xe.o(.text)
    EXTI0_IRQHandler                         0x0800024f   Thumb Code     0  startup_stm32f303xe.o(.text)
    EXTI15_10_IRQHandler                     0x0800024f   Thumb Code     0  startup_stm32f303xe.o(.text)
    EXTI1_IRQHandler                         0x0800024f   Thumb Code     0  startup_stm32f303xe.o(.text)
    EXTI2_TSC_IRQHandler                     0x0800024f   Thumb Code     0  startup_stm32f303xe.o(.text)
    EXTI3_IRQHandler                         0x0800024f   Thumb Code     0  startup_stm32f303xe.o(.text)
    EXTI4_IRQHandler                         0x0800024f   Thumb Code     0  startup_stm32f303xe.o(.text)
    EXTI9_5_IRQHandler                       0x0800024f   Thumb Code     0  startup_stm32f303xe.o(.text)
    FLASH_IRQHandler                         0x0800024f   Thumb Code     0  startup_stm32f303xe.o(.text)
    FMC_IRQHandler                           0x0800024f   Thumb Code     0  startup_stm32f303xe.o(.text)
    FPU_IRQHandler                           0x0800024f   Thumb Code     0  startup_stm32f303xe.o(.text)
    I2C1_ER_IRQHandler                       0x0800024f   Thumb Code     0  startup_stm32f303xe.o(.text)
    I2C1_EV_IRQHandler                       0x0800024f   Thumb Code     0  startup_stm32f303xe.o(.text)
    I2C2_ER_IRQHandler                       0x0800024f   Thumb Code     0  startup_stm32f303xe.o(.text)
    I2C2_EV_IRQHandler                       0x0800024f   Thumb Code     0  startup_stm32f303xe.o(.text)
    I2C3_ER_IRQHandler                       0x0800024f   Thumb Code     0  startup_stm32f303xe.o(.text)
    I2C3_EV_IRQHandler                       0x0800024f   Thumb Code     0  startup_stm32f303xe.o(.text)
    PVD_IRQHandler                           0x0800024f   Thumb Code     0  startup_stm32f303xe.o(.text)
    RCC_IRQHandler                           0x0800024f   Thumb Code     0  startup_stm32f303xe.o(.text)
    RTC_Alarm_IRQHandler                     0x0800024f   Thumb Code     0  startup_stm32f303xe.o(.text)
    RTC_WKUP_IRQHandler                      0x0800024f   Thumb Code     0  startup_stm32f303xe.o(.text)
    SPI1_IRQHandler                          0x0800024f   Thumb Code     0  startup_stm32f303xe.o(.text)
    SPI2_IRQHandler                          0x0800024f   Thumb Code     0  startup_stm32f303xe.o(.text)
    SPI3_IRQHandler                          0x0800024f   Thumb Code     0  startup_stm32f303xe.o(.text)
    SPI4_IRQHandler                          0x0800024f   Thumb Code     0  startup_stm32f303xe.o(.text)
    TAMP_STAMP_IRQHandler                    0x0800024f   Thumb Code     0  startup_stm32f303xe.o(.text)
    TIM1_BRK_TIM15_IRQHandler                0x0800024f   Thumb Code     0  startup_stm32f303xe.o(.text)
    TIM1_CC_IRQHandler                       0x0800024f   Thumb Code     0  startup_stm32f303xe.o(.text)
    TIM1_TRG_COM_TIM17_IRQHandler            0x0800024f   Thumb Code     0  startup_stm32f303xe.o(.text)
    TIM1_UP_TIM16_IRQHandler                 0x0800024f   Thumb Code     0  startup_stm32f303xe.o(.text)
    TIM20_BRK_IRQHandler                     0x0800024f   Thumb Code     0  startup_stm32f303xe.o(.text)
    TIM20_CC_IRQHandler                      0x0800024f   Thumb Code     0  startup_stm32f303xe.o(.text)
    TIM20_TRG_COM_IRQHandler                 0x0800024f   Thumb Code     0  startup_stm32f303xe.o(.text)
    TIM20_UP_IRQHandler                      0x0800024f   Thumb Code     0  startup_stm32f303xe.o(.text)
    TIM2_IRQHandler                          0x0800024f   Thumb Code     0  startup_stm32f303xe.o(.text)
    TIM3_IRQHandler                          0x0800024f   Thumb Code     0  startup_stm32f303xe.o(.text)
    TIM4_IRQHandler                          0x0800024f   Thumb Code     0  startup_stm32f303xe.o(.text)
    TIM6_DAC_IRQHandler                      0x0800024f   Thumb Code     0  startup_stm32f303xe.o(.text)
    TIM7_IRQHandler                          0x0800024f   Thumb Code     0  startup_stm32f303xe.o(.text)
    TIM8_BRK_IRQHandler                      0x0800024f   Thumb Code     0  startup_stm32f303xe.o(.text)
    TIM8_CC_IRQHandler                       0x0800024f   Thumb Code     0  startup_stm32f303xe.o(.text)
    TIM8_TRG_COM_IRQHandler                  0x0800024f   Thumb Code     0  startup_stm32f303xe.o(.text)
    TIM8_UP_IRQHandler                       0x0800024f   Thumb Code     0  startup_stm32f303xe.o(.text)
    UART4_IRQHandler                         0x0800024f   Thumb Code     0  startup_stm32f303xe.o(.text)
    UART5_IRQHandler                         0x0800024f   Thumb Code     0  startup_stm32f303xe.o(.text)
    USART1_IRQHandler                        0x0800024f   Thumb Code     0  startup_stm32f303xe.o(.text)
    USART2_IRQHandler                        0x0800024f   Thumb Code     0  startup_stm32f303xe.o(.text)
    USART3_IRQHandler                        0x0800024f   Thumb Code     0  startup_stm32f303xe.o(.text)
    USBWakeUp_IRQHandler                     0x0800024f   Thumb Code     0  startup_stm32f303xe.o(.text)
    USBWakeUp_RMP_IRQHandler                 0x0800024f   Thumb Code     0  startup_stm32f303xe.o(.text)
    USB_HP_CAN_TX_IRQHandler                 0x0800024f   Thumb Code     0  startup_stm32f303xe.o(.text)
    USB_HP_IRQHandler                        0x0800024f   Thumb Code     0  startup_stm32f303xe.o(.text)
    USB_LP_CAN_RX0_IRQHandler                0x0800024f   Thumb Code     0  startup_stm32f303xe.o(.text)
    USB_LP_IRQHandler                        0x0800024f   Thumb Code     0  startup_stm32f303xe.o(.text)
    WWDG_IRQHandler                          0x0800024f   Thumb Code     0  startup_stm32f303xe.o(.text)
    __user_initial_stackheap                 0x08000251   Thumb Code     0  startup_stm32f303xe.o(.text)
    __use_two_region_memory                  0x08000275   Thumb Code     2  heapauxi.o(.text)
    __rt_heap_escrow$2region                 0x08000277   Thumb Code     2  heapauxi.o(.text)
    __rt_heap_expand$2region                 0x08000279   Thumb Code     2  heapauxi.o(.text)
    __user_setup_stackheap                   0x0800027b   Thumb Code    74  sys_stackheap_outer.o(.text)
    exit                                     0x080002c5   Thumb Code    18  exit.o(.text)
    __user_libspace                          0x080002d9   Thumb Code     8  libspace.o(.text)
    __user_perproc_libspace                  0x080002d9   Thumb Code     0  libspace.o(.text)
    __user_perthread_libspace                0x080002d9   Thumb Code     0  libspace.o(.text)
    _sys_exit                                0x080002e1   Thumb Code     8  sys_exit.o(.text)
    __I$use$semihosting                      0x080002ed   Thumb Code     0  use_no_semi.o(.text)
    __use_no_semihosting_swi                 0x080002ed   Thumb Code     2  use_no_semi.o(.text)
    __semihosting_library_function           0x080002ef   Thumb Code     0  indicate_semi.o(.text)
    BusFault_Handler                         0x08000491   Thumb Code     4  stm32f3xx_it.o(i.BusFault_Handler)
    DMA1_Channel1_IRQHandler                 0x08000495   Thumb Code    10  stm32f3xx_it.o(i.DMA1_Channel1_IRQHandler)
    DebugMon_Handler                         0x08000511   Thumb Code     2  stm32f3xx_it.o(i.DebugMon_Handler)
    HAL_ADCEx_MultiModeConfigChannel         0x08000515   Thumb Code   368  stm32f3xx_hal_adc_ex.o(i.HAL_ADCEx_MultiModeConfigChannel)
    HAL_ADC_ConfigChannel                    0x08000699   Thumb Code  1094  stm32f3xx_hal_adc_ex.o(i.HAL_ADC_ConfigChannel)
    HAL_ADC_ConvCpltCallback                 0x08000b01   Thumb Code     2  stm32f3xx_hal_adc.o(i.HAL_ADC_ConvCpltCallback)
    HAL_ADC_ConvHalfCpltCallback             0x08000b03   Thumb Code     2  stm32f3xx_hal_adc.o(i.HAL_ADC_ConvHalfCpltCallback)
    HAL_ADC_ErrorCallback                    0x08000b05   Thumb Code     2  stm32f3xx_hal_adc.o(i.HAL_ADC_ErrorCallback)
    HAL_ADC_Init                             0x08000b09   Thumb Code   738  stm32f3xx_hal_adc_ex.o(i.HAL_ADC_Init)
    HAL_ADC_MspInit                          0x08000e0d   Thumb Code   126  stm32f3xx_hal_msp.o(i.HAL_ADC_MspInit)
    HAL_ADC_Start_DMA                        0x08000ea1   Thumb Code   402  stm32f3xx_hal_adc_ex.o(i.HAL_ADC_Start_DMA)
    HAL_DMA_IRQHandler                       0x08001051   Thumb Code   230  stm32f3xx_hal_dma.o(i.HAL_DMA_IRQHandler)
    HAL_DMA_Init                             0x08001137   Thumb Code    94  stm32f3xx_hal_dma.o(i.HAL_DMA_Init)
    HAL_DMA_Start_IT                         0x08001195   Thumb Code   156  stm32f3xx_hal_dma.o(i.HAL_DMA_Start_IT)
    HAL_GPIO_Init                            0x08001231   Thumb Code   452  stm32f3xx_hal_gpio.o(i.HAL_GPIO_Init)
    HAL_GetTick                              0x08001419   Thumb Code     6  stm32f3xx_hal.o(i.HAL_GetTick)
    HAL_IncTick                              0x08001425   Thumb Code    12  stm32f3xx_hal.o(i.HAL_IncTick)
    HAL_Init                                 0x08001435   Thumb Code    34  stm32f3xx_hal.o(i.HAL_Init)
    HAL_InitTick                             0x0800145d   Thumb Code    36  stm32f3xx_hal.o(i.HAL_InitTick)
    HAL_MspInit                              0x08001485   Thumb Code   114  stm32f3xx_hal_msp.o(i.HAL_MspInit)
    HAL_NVIC_EnableIRQ                       0x080014fd   Thumb Code    32  stm32f3xx_hal_cortex.o(i.HAL_NVIC_EnableIRQ)
    HAL_NVIC_SetPriority                     0x0800151d   Thumb Code   124  stm32f3xx_hal_cortex.o(i.HAL_NVIC_SetPriority)
    HAL_NVIC_SetPriorityGrouping             0x08001599   Thumb Code    32  stm32f3xx_hal_cortex.o(i.HAL_NVIC_SetPriorityGrouping)
    HAL_RCCEx_PeriphCLKConfig                0x080015c1   Thumb Code   926  stm32f3xx_hal_rcc_ex.o(i.HAL_RCCEx_PeriphCLKConfig)
    HAL_RCC_ClockConfig                      0x0800196d   Thumb Code   732  stm32f3xx_hal_rcc.o(i.HAL_RCC_ClockConfig)
    HAL_RCC_GetHCLKFreq                      0x08001c59   Thumb Code     6  stm32f3xx_hal_rcc.o(i.HAL_RCC_GetHCLKFreq)
    HAL_RCC_GetSysClockFreq                  0x08001c65   Thumb Code   130  stm32f3xx_hal_rcc.o(i.HAL_RCC_GetSysClockFreq)
    HAL_RCC_OscConfig                        0x08001cf9   Thumb Code  2558  stm32f3xx_hal_rcc.o(i.HAL_RCC_OscConfig)
    HAL_SYSTICK_CLKSourceConfig              0x08002701   Thumb Code    40  stm32f3xx_hal_cortex.o(i.HAL_SYSTICK_CLKSourceConfig)
    HAL_SYSTICK_Callback                     0x08002729   Thumb Code     2  stm32f3xx_hal_cortex.o(i.HAL_SYSTICK_Callback)
    HAL_SYSTICK_Config                       0x0800272b   Thumb Code    52  stm32f3xx_hal_cortex.o(i.HAL_SYSTICK_Config)
    HAL_SYSTICK_IRQHandler                   0x0800275f   Thumb Code     8  stm32f3xx_hal_cortex.o(i.HAL_SYSTICK_IRQHandler)
    HardFault_Handler                        0x08002767   Thumb Code     4  stm32f3xx_it.o(i.HardFault_Handler)
    MemManage_Handler                        0x0800289d   Thumb Code     4  stm32f3xx_it.o(i.MemManage_Handler)
    NMI_Handler                              0x080028a1   Thumb Code     2  stm32f3xx_it.o(i.NMI_Handler)
    PendSV_Handler                           0x080028a3   Thumb Code     2  stm32f3xx_it.o(i.PendSV_Handler)
    SVC_Handler                              0x080028a5   Thumb Code     2  stm32f3xx_it.o(i.SVC_Handler)
    SysTick_Handler                          0x080028a7   Thumb Code    12  stm32f3xx_it.o(i.SysTick_Handler)
    SystemClock_Config                       0x080028b5   Thumb Code   140  main.o(i.SystemClock_Config)
    SystemInit                               0x08002975   Thumb Code   104  system_stm32f3xx.o(i.SystemInit)
    UsageFault_Handler                       0x080029f1   Thumb Code     4  stm32f3xx_it.o(i.UsageFault_Handler)
    _Error_Handler                           0x080029f5   Thumb Code     4  main.o(i._Error_Handler)
    main                                     0x08002a31   Thumb Code   128  main.o(i.main)
    __aeabi_d2f                              0x08002acd   Thumb Code     0  d2f.o(x$fpl$d2f)
    _d2f                                     0x08002acd   Thumb Code    98  d2f.o(x$fpl$d2f)
    __aeabi_ddiv                             0x08002b31   Thumb Code     0  ddiv.o(x$fpl$ddiv)
    _ddiv                                    0x08002b31   Thumb Code   552  ddiv.o(x$fpl$ddiv)
    __aeabi_ui2d                             0x08002de1   Thumb Code     0  dflt_clz.o(x$fpl$dfltu)
    _dfltu                                   0x08002de1   Thumb Code    38  dflt_clz.o(x$fpl$dfltu)
    __aeabi_dmul                             0x08002e09   Thumb Code     0  dmul.o(x$fpl$dmul)
    _dmul                                    0x08002e09   Thumb Code   332  dmul.o(x$fpl$dmul)
    __fpl_dnaninf                            0x08002f5d   Thumb Code   156  dnaninf.o(x$fpl$dnaninf)
    __fpl_dretinf                            0x08002ff9   Thumb Code    12  dretinf.o(x$fpl$dretinf)
    _fp_init                                 0x08003005   Thumb Code    10  fpinit.o(x$fpl$fpinit)
    __fplib_config_fpu_vfp                   0x0800300d   Thumb Code     0  fpinit.o(x$fpl$fpinit)
    __fplib_config_pureend_doubles           0x0800300d   Thumb Code     0  fpinit.o(x$fpl$fpinit)
    __fpl_fretinf                            0x0800300f   Thumb Code    10  fretinf.o(x$fpl$fretinf)
    __I$use$fp                               0x08003018   Number         0  usenofp.o(x$fpl$usenofp)
    aPLLMULFactorTable                       0x08003018   Data          16  stm32f3xx_hal_rcc.o(.constdata)
    aPredivFactorTable                       0x08003028   Data          16  stm32f3xx_hal_rcc.o(.constdata)
    AHBPrescTable                            0x08003038   Data          16  system_stm32f3xx.o(.constdata)
    APBPrescTable                            0x08003048   Data           8  system_stm32f3xx.o(.constdata)
    Region$$Table$$Base                      0x080030d4   Number         0  anon$$obj.o(Region$$Table)
    Region$$Table$$Limit                     0x080030f4   Number         0  anon$$obj.o(Region$$Table)
    ADC_TmpRead                              0x20000000   Data           4  main.o(.data)
    i                                        0x20000004   Data           4  main.o(.data)
    uwTick                                   0x20000008   Data           4  stm32f3xx_hal.o(.data)
    SystemCoreClock                          0x2000000c   Data           4  system_stm32f3xx.o(.data)
    hadc1                                    0x20000010   Data          84  main.o(.bss)
    hdma_adc1                                0x20000064   Data          68  main.o(.bss)
    testVar                                  0x200000a8   Data          20  main.o(.bss)
    __libspace_start                         0x200000bc   Data          96  libspace.o(.bss)
    __temporary_stack_top$libspace           0x2000011c   Data           0  libspace.o(.bss)



==============================================================================

Memory Map of the image

  Image Entry point : 0x08000195

  Load Region LR_IROM1 (Base: 0x08000000, Size: 0x00003104, Max: 0x00080000, ABSOLUTE)

    Execution Region ER_IROM1 (Exec base: 0x08000000, Load base: 0x08000000, Size: 0x000030f4, Max: 0x00080000, ABSOLUTE)

    Exec Addr    Load Addr    Size         Type   Attr      Idx    E Section Name        Object

    0x08000000   0x08000000   0x00000194   Data   RO         2887    RESET               startup_stm32f303xe.o
    0x08000194   0x08000194   0x00000008   Code   RO         2975  * !!!main             c_w.l(__main.o)
    0x0800019c   0x0800019c   0x00000034   Code   RO         3153    !!!scatter          c_w.l(__scatter.o)
    0x080001d0   0x080001d0   0x0000001a   Code   RO         3155    !!handler_copy      c_w.l(__scatter_copy.o)
    0x080001ea   0x080001ea   0x00000002   PAD
    0x080001ec   0x080001ec   0x0000001c   Code   RO         3157    !!handler_zi        c_w.l(__scatter_zi.o)
    0x08000208   0x08000208   0x00000002   Code   RO         3023    .ARM.Collect$$libinit$$00000000  c_w.l(libinit.o)
    0x0800020a   0x0800020a   0x00000004   Code   RO         3029    .ARM.Collect$$libinit$$00000001  c_w.l(libinit2.o)
    0x0800020e   0x0800020e   0x00000000   Code   RO         3032    .ARM.Collect$$libinit$$00000004  c_w.l(libinit2.o)
    0x0800020e   0x0800020e   0x00000000   Code   RO         3035    .ARM.Collect$$libinit$$0000000A  c_w.l(libinit2.o)
    0x0800020e   0x0800020e   0x00000000   Code   RO         3037    .ARM.Collect$$libinit$$0000000C  c_w.l(libinit2.o)
    0x0800020e   0x0800020e   0x00000000   Code   RO         3039    .ARM.Collect$$libinit$$0000000E  c_w.l(libinit2.o)
    0x0800020e   0x0800020e   0x00000000   Code   RO         3042    .ARM.Collect$$libinit$$00000011  c_w.l(libinit2.o)
    0x0800020e   0x0800020e   0x00000000   Code   RO         3044    .ARM.Collect$$libinit$$00000013  c_w.l(libinit2.o)
    0x0800020e   0x0800020e   0x00000000   Code   RO         3046    .ARM.Collect$$libinit$$00000015  c_w.l(libinit2.o)
    0x0800020e   0x0800020e   0x00000000   Code   RO         3048    .ARM.Collect$$libinit$$00000017  c_w.l(libinit2.o)
    0x0800020e   0x0800020e   0x00000000   Code   RO         3050    .ARM.Collect$$libinit$$00000019  c_w.l(libinit2.o)
    0x0800020e   0x0800020e   0x00000000   Code   RO         3052    .ARM.Collect$$libinit$$0000001B  c_w.l(libinit2.o)
    0x0800020e   0x0800020e   0x00000000   Code   RO         3054    .ARM.Collect$$libinit$$0000001D  c_w.l(libinit2.o)
    0x0800020e   0x0800020e   0x00000000   Code   RO         3056    .ARM.Collect$$libinit$$0000001F  c_w.l(libinit2.o)
    0x0800020e   0x0800020e   0x00000000   Code   RO         3058    .ARM.Collect$$libinit$$00000021  c_w.l(libinit2.o)
    0x0800020e   0x0800020e   0x00000000   Code   RO         3060    .ARM.Collect$$libinit$$00000023  c_w.l(libinit2.o)
    0x0800020e   0x0800020e   0x00000000   Code   RO         3062    .ARM.Collect$$libinit$$00000025  c_w.l(libinit2.o)
    0x0800020e   0x0800020e   0x00000000   Code   RO         3066    .ARM.Collect$$libinit$$0000002C  c_w.l(libinit2.o)
    0x0800020e   0x0800020e   0x00000000   Code   RO         3068    .ARM.Collect$$libinit$$0000002E  c_w.l(libinit2.o)
    0x0800020e   0x0800020e   0x00000000   Code   RO         3070    .ARM.Collect$$libinit$$00000030  c_w.l(libinit2.o)
    0x0800020e   0x0800020e   0x00000000   Code   RO         3072    .ARM.Collect$$libinit$$00000032  c_w.l(libinit2.o)
    0x0800020e   0x0800020e   0x00000002   Code   RO         3073    .ARM.Collect$$libinit$$00000033  c_w.l(libinit2.o)
    0x08000210   0x08000210   0x00000002   Code   RO         3093    .ARM.Collect$$libshutdown$$00000000  c_w.l(libshutdown.o)
    0x08000212   0x08000212   0x00000000   Code   RO         3106    .ARM.Collect$$libshutdown$$00000002  c_w.l(libshutdown2.o)
    0x08000212   0x08000212   0x00000000   Code   RO         3108    .ARM.Collect$$libshutdown$$00000004  c_w.l(libshutdown2.o)
    0x08000212   0x08000212   0x00000000   Code   RO         3111    .ARM.Collect$$libshutdown$$00000007  c_w.l(libshutdown2.o)
    0x08000212   0x08000212   0x00000000   Code   RO         3114    .ARM.Collect$$libshutdown$$0000000A  c_w.l(libshutdown2.o)
    0x08000212   0x08000212   0x00000000   Code   RO         3116    .ARM.Collect$$libshutdown$$0000000C  c_w.l(libshutdown2.o)
    0x08000212   0x08000212   0x00000000   Code   RO         3119    .ARM.Collect$$libshutdown$$0000000F  c_w.l(libshutdown2.o)
    0x08000212   0x08000212   0x00000002   Code   RO         3120    .ARM.Collect$$libshutdown$$00000010  c_w.l(libshutdown2.o)
    0x08000214   0x08000214   0x00000000   Code   RO         2991    .ARM.Collect$$rtentry$$00000000  c_w.l(__rtentry.o)
    0x08000214   0x08000214   0x00000000   Code   RO         3000    .ARM.Collect$$rtentry$$00000002  c_w.l(__rtentry2.o)
    0x08000214   0x08000214   0x00000006   Code   RO         3012    .ARM.Collect$$rtentry$$00000004  c_w.l(__rtentry4.o)
    0x0800021a   0x0800021a   0x00000000   Code   RO         3002    .ARM.Collect$$rtentry$$00000009  c_w.l(__rtentry2.o)
    0x0800021a   0x0800021a   0x00000004   Code   RO         3003    .ARM.Collect$$rtentry$$0000000A  c_w.l(__rtentry2.o)
    0x0800021e   0x0800021e   0x00000000   Code   RO         3005    .ARM.Collect$$rtentry$$0000000C  c_w.l(__rtentry2.o)
    0x0800021e   0x0800021e   0x00000008   Code   RO         3006    .ARM.Collect$$rtentry$$0000000D  c_w.l(__rtentry2.o)
    0x08000226   0x08000226   0x00000002   Code   RO         3027    .ARM.Collect$$rtexit$$00000000  c_w.l(rtexit.o)
    0x08000228   0x08000228   0x00000000   Code   RO         3075    .ARM.Collect$$rtexit$$00000002  c_w.l(rtexit2.o)
    0x08000228   0x08000228   0x00000004   Code   RO         3076    .ARM.Collect$$rtexit$$00000003  c_w.l(rtexit2.o)
    0x0800022c   0x0800022c   0x00000006   Code   RO         3077    .ARM.Collect$$rtexit$$00000004  c_w.l(rtexit2.o)
    0x08000232   0x08000232   0x00000002   PAD
    0x08000234   0x08000234   0x00000040   Code   RO         2888    .text               startup_stm32f303xe.o
    0x08000274   0x08000274   0x00000006   Code   RO         2973    .text               c_w.l(heapauxi.o)
    0x0800027a   0x0800027a   0x0000004a   Code   RO         3014    .text               c_w.l(sys_stackheap_outer.o)
    0x080002c4   0x080002c4   0x00000012   Code   RO         3016    .text               c_w.l(exit.o)
    0x080002d6   0x080002d6   0x00000002   PAD
    0x080002d8   0x080002d8   0x00000008   Code   RO         3024    .text               c_w.l(libspace.o)
    0x080002e0   0x080002e0   0x0000000c   Code   RO         3085    .text               c_w.l(sys_exit.o)
    0x080002ec   0x080002ec   0x00000002   Code   RO         3096    .text               c_w.l(use_no_semi.o)
    0x080002ee   0x080002ee   0x00000000   Code   RO         3098    .text               c_w.l(indicate_semi.o)
    0x080002ee   0x080002ee   0x0000004e   Code   RO          538    i.ADC_DMAConvCplt   stm32f3xx_hal_adc_ex.o
    0x0800033c   0x0800033c   0x0000001e   Code   RO          539    i.ADC_DMAError      stm32f3xx_hal_adc_ex.o
    0x0800035a   0x0800035a   0x0000000e   Code   RO          540    i.ADC_DMAHalfConvCplt  stm32f3xx_hal_adc_ex.o
    0x08000368   0x08000368   0x00000098   Code   RO          541    i.ADC_Disable       stm32f3xx_hal_adc_ex.o
    0x08000400   0x08000400   0x00000090   Code   RO          542    i.ADC_Enable        stm32f3xx_hal_adc_ex.o
    0x08000490   0x08000490   0x00000004   Code   RO          152    i.BusFault_Handler  stm32f3xx_it.o
    0x08000494   0x08000494   0x00000010   Code   RO          153    i.DMA1_Channel1_IRQHandler  stm32f3xx_it.o
    0x080004a4   0x080004a4   0x00000040   Code   RO         1067    i.DMA_CalcBaseAndBitshift  stm32f3xx_hal_dma.o
    0x080004e4   0x080004e4   0x0000002c   Code   RO         1068    i.DMA_SetConfig     stm32f3xx_hal_dma.o
    0x08000510   0x08000510   0x00000002   Code   RO          154    i.DebugMon_Handler  stm32f3xx_it.o
    0x08000512   0x08000512   0x00000002   PAD
    0x08000514   0x08000514   0x00000184   Code   RO          557    i.HAL_ADCEx_MultiModeConfigChannel  stm32f3xx_hal_adc_ex.o
    0x08000698   0x08000698   0x00000468   Code   RO          566    i.HAL_ADC_ConfigChannel  stm32f3xx_hal_adc_ex.o
    0x08000b00   0x08000b00   0x00000002   Code   RO          389    i.HAL_ADC_ConvCpltCallback  stm32f3xx_hal_adc.o
    0x08000b02   0x08000b02   0x00000002   Code   RO          390    i.HAL_ADC_ConvHalfCpltCallback  stm32f3xx_hal_adc.o
    0x08000b04   0x08000b04   0x00000002   Code   RO          392    i.HAL_ADC_ErrorCallback  stm32f3xx_hal_adc.o
    0x08000b06   0x08000b06   0x00000002   PAD
    0x08000b08   0x08000b08   0x00000304   Code   RO          570    i.HAL_ADC_Init      stm32f3xx_hal_adc_ex.o
    0x08000e0c   0x08000e0c   0x00000094   Code   RO         2896    i.HAL_ADC_MspInit   stm32f3xx_hal_msp.o
    0x08000ea0   0x08000ea0   0x000001b0   Code   RO          574    i.HAL_ADC_Start_DMA  stm32f3xx_hal_adc_ex.o
    0x08001050   0x08001050   0x000000e6   Code   RO         1074    i.HAL_DMA_IRQHandler  stm32f3xx_hal_dma.o
    0x08001136   0x08001136   0x0000005e   Code   RO         1075    i.HAL_DMA_Init      stm32f3xx_hal_dma.o
    0x08001194   0x08001194   0x0000009c   Code   RO         1079    i.HAL_DMA_Start_IT  stm32f3xx_hal_dma.o
    0x08001230   0x08001230   0x000001e8   Code   RO         1379    i.HAL_GPIO_Init     stm32f3xx_hal_gpio.o
    0x08001418   0x08001418   0x0000000c   Code   RO          245    i.HAL_GetTick       stm32f3xx_hal.o
    0x08001424   0x08001424   0x00000010   Code   RO          249    i.HAL_IncTick       stm32f3xx_hal.o
    0x08001434   0x08001434   0x00000028   Code   RO          250    i.HAL_Init          stm32f3xx_hal.o
    0x0800145c   0x0800145c   0x00000028   Code   RO          251    i.HAL_InitTick      stm32f3xx_hal.o
    0x08001484   0x08001484   0x00000078   Code   RO         2897    i.HAL_MspInit       stm32f3xx_hal_msp.o
    0x080014fc   0x080014fc   0x00000020   Code   RO          860    i.HAL_NVIC_EnableIRQ  stm32f3xx_hal_cortex.o
    0x0800151c   0x0800151c   0x0000007c   Code   RO          866    i.HAL_NVIC_SetPriority  stm32f3xx_hal_cortex.o
    0x08001598   0x08001598   0x00000028   Code   RO          867    i.HAL_NVIC_SetPriorityGrouping  stm32f3xx_hal_cortex.o
    0x080015c0   0x080015c0   0x000003ac   Code   RO         2385    i.HAL_RCCEx_PeriphCLKConfig  stm32f3xx_hal_rcc_ex.o
    0x0800196c   0x0800196c   0x000002ec   Code   RO         2279    i.HAL_RCC_ClockConfig  stm32f3xx_hal_rcc.o
    0x08001c58   0x08001c58   0x0000000c   Code   RO         2284    i.HAL_RCC_GetHCLKFreq  stm32f3xx_hal_rcc.o
    0x08001c64   0x08001c64   0x00000094   Code   RO         2288    i.HAL_RCC_GetSysClockFreq  stm32f3xx_hal_rcc.o
    0x08001cf8   0x08001cf8   0x00000a08   Code   RO         2291    i.HAL_RCC_OscConfig  stm32f3xx_hal_rcc.o
    0x08002700   0x08002700   0x00000028   Code   RO          869    i.HAL_SYSTICK_CLKSourceConfig  stm32f3xx_hal_cortex.o
    0x08002728   0x08002728   0x00000002   Code   RO          870    i.HAL_SYSTICK_Callback  stm32f3xx_hal_cortex.o
    0x0800272a   0x0800272a   0x00000034   Code   RO          871    i.HAL_SYSTICK_Config  stm32f3xx_hal_cortex.o
    0x0800275e   0x0800275e   0x00000008   Code   RO          872    i.HAL_SYSTICK_IRQHandler  stm32f3xx_hal_cortex.o
    0x08002766   0x08002766   0x00000004   Code   RO          155    i.HardFault_Handler  stm32f3xx_it.o
    0x0800276a   0x0800276a   0x00000002   PAD
    0x0800276c   0x0800276c   0x000000bc   Code   RO            4    i.MX_ADC1_Init      main.o
    0x08002828   0x08002828   0x00000034   Code   RO            5    i.MX_DMA_Init       main.o
    0x0800285c   0x0800285c   0x00000040   Code   RO            6    i.MX_GPIO_Init      main.o
    0x0800289c   0x0800289c   0x00000004   Code   RO          156    i.MemManage_Handler  stm32f3xx_it.o
    0x080028a0   0x080028a0   0x00000002   Code   RO          157    i.NMI_Handler       stm32f3xx_it.o
    0x080028a2   0x080028a2   0x00000002   Code   RO          158    i.PendSV_Handler    stm32f3xx_it.o
    0x080028a4   0x080028a4   0x00000002   Code   RO          159    i.SVC_Handler       stm32f3xx_it.o
    0x080028a6   0x080028a6   0x0000000c   Code   RO          160    i.SysTick_Handler   stm32f3xx_it.o
    0x080028b2   0x080028b2   0x00000002   PAD
    0x080028b4   0x080028b4   0x000000c0   Code   RO            7    i.SystemClock_Config  main.o
    0x08002974   0x08002974   0x0000007c   Code   RO         2934    i.SystemInit        system_stm32f3xx.o
    0x080029f0   0x080029f0   0x00000004   Code   RO          161    i.UsageFault_Handler  stm32f3xx_it.o
    0x080029f4   0x080029f4   0x00000004   Code   RO            8    i._Error_Handler    main.o
    0x080029f8   0x080029f8   0x00000010   Code   RO          873    i.__NVIC_GetPriorityGrouping  stm32f3xx_hal_cortex.o
    0x08002a08   0x08002a08   0x00000028   Code   RO          874    i.__NVIC_SetPriority  stm32f3xx_hal_cortex.o
    0x08002a30   0x08002a30   0x0000009c   Code   RO            9    i.main              main.o
    0x08002acc   0x08002acc   0x00000062   Code   RO         2977    x$fpl$d2f           fz_wm.l(d2f.o)
    0x08002b2e   0x08002b2e   0x00000002   PAD
    0x08002b30   0x08002b30   0x000002b0   Code   RO         2980    x$fpl$ddiv          fz_wm.l(ddiv.o)
    0x08002de0   0x08002de0   0x00000026   Code   RO         2983    x$fpl$dfltu         fz_wm.l(dflt_clz.o)
    0x08002e06   0x08002e06   0x00000002   PAD
    0x08002e08   0x08002e08   0x00000154   Code   RO         2989    x$fpl$dmul          fz_wm.l(dmul.o)
    0x08002f5c   0x08002f5c   0x0000009c   Code   RO         2992    x$fpl$dnaninf       fz_wm.l(dnaninf.o)
    0x08002ff8   0x08002ff8   0x0000000c   Code   RO         2994    x$fpl$dretinf       fz_wm.l(dretinf.o)
    0x08003004   0x08003004   0x0000000a   Code   RO         3083    x$fpl$fpinit        fz_wm.l(fpinit.o)
    0x0800300e   0x0800300e   0x0000000a   Code   RO         2996    x$fpl$fretinf       fz_wm.l(fretinf.o)
    0x08003018   0x08003018   0x00000000   Code   RO         2998    x$fpl$usenofp       fz_wm.l(usenofp.o)
    0x08003018   0x08003018   0x00000020   Data   RO         2292    .constdata          stm32f3xx_hal_rcc.o
    0x08003038   0x08003038   0x00000018   Data   RO         2935    .constdata          system_stm32f3xx.o
    0x08003050   0x08003050   0x00000081   Data   RO         2898    .conststring        stm32f3xx_hal_msp.o
    0x080030d1   0x080030d1   0x00000003   PAD
    0x080030d4   0x080030d4   0x00000020   Data   RO         3151    Region$$Table       anon$$obj.o


    Execution Region RW_IRAM1 (Exec base: 0x20000000, Load base: 0x080030f4, Size: 0x00000720, Max: 0x00010000, ABSOLUTE)

    Exec Addr    Load Addr    Size         Type   Attr      Idx    E Section Name        Object

    0x20000000   0x080030f4   0x00000008   Data   RW           11    .data               main.o
    0x20000008   0x080030fc   0x00000004   Data   RW          256    .data               stm32f3xx_hal.o
    0x2000000c   0x08003100   0x00000004   Data   RW         2936    .data               system_stm32f3xx.o
    0x20000010        -       0x000000ac   Zero   RW           10    .bss                main.o
    0x200000bc        -       0x00000060   Zero   RW         3025    .bss                c_w.l(libspace.o)
    0x2000011c   0x08003104   0x00000004   PAD
    0x20000120        -       0x00000200   Zero   RW         2886    HEAP                startup_stm32f303xe.o
    0x20000320        -       0x00000400   Zero   RW         2885    STACK               startup_stm32f303xe.o


==============================================================================

Image component sizes


      Code (inc. data)   RO Data    RW Data    ZI Data      Debug   Object Name

       656        146          0          8        172     647393   main.o
        64         26        404          0       1536       1060   startup_stm32f303xe.o
       108         20          0          4          0       3423   stm32f3xx_hal.o
         6          0          0          0          0       2310   stm32f3xx_hal_adc.o
      3138        122          0          0          0       9438   stm32f3xx_hal_adc_ex.o
       354         22          0          0          0      36181   stm32f3xx_hal_cortex.o
       588          8          0          0          0       4371   stm32f3xx_hal_dma.o
       488         36          0          0          0       1740   stm32f3xx_hal_gpio.o
       268         28        129          0          0       2132   stm32f3xx_hal_msp.o
      3476         72         32          0          0       5434   stm32f3xx_hal_rcc.o
       940         14          0          0          0       1824   stm32f3xx_hal_rcc_ex.o
        52          6          0          0          0       5565   stm32f3xx_it.o
       124         20         24          4          0       1639   system_stm32f3xx.o

    ----------------------------------------------------------------------
     10270        520        624         16       1708     722510   Object Totals
         0          0         32          0          0          0   (incl. Generated)
         8          0          3          0          0          0   (incl. Padding)

    ----------------------------------------------------------------------

      Code (inc. data)   RO Data    RW Data    ZI Data      Debug   Library Member Name

         8          0          0          0          0         68   __main.o
         0          0          0          0          0          0   __rtentry.o
        12          0          0          0          0          0   __rtentry2.o
         6          0          0          0          0          0   __rtentry4.o
        52          8          0          0          0          0   __scatter.o
        26          0          0          0          0          0   __scatter_copy.o
        28          0          0          0          0          0   __scatter_zi.o
        18          0          0          0          0         80   exit.o
         6          0          0          0          0        152   heapauxi.o
         0          0          0          0          0          0   indicate_semi.o
         2          0          0          0          0          0   libinit.o
         6          0          0          0          0          0   libinit2.o
         2          0          0          0          0          0   libshutdown.o
         2          0          0          0          0          0   libshutdown2.o
         8          4          0          0         96         68   libspace.o
         2          0          0          0          0          0   rtexit.o
        10          0          0          0          0          0   rtexit2.o
        12          4          0          0          0         68   sys_exit.o
        74          0          0          0          0         80   sys_stackheap_outer.o
         2          0          0          0          0         68   use_no_semi.o
        98          4          0          0          0        140   d2f.o
       688        140          0          0          0        256   ddiv.o
        38          0          0          0          0        116   dflt_clz.o
       340         12          0          0          0        152   dmul.o
       156          4          0          0          0        140   dnaninf.o
        12          0          0          0          0        116   dretinf.o
        10          0          0          0          0        116   fpinit.o
        10          0          0          0          0        116   fretinf.o
         0          0          0          0          0          0   usenofp.o

    ----------------------------------------------------------------------
      1638        176          0          0        100       1736   Library Totals
        10          0          0          0          4          0   (incl. Padding)

    ----------------------------------------------------------------------

      Code (inc. data)   RO Data    RW Data    ZI Data      Debug   Library Name

       276         16          0          0         96        584   c_w.l
      1352        160          0          0          0       1152   fz_wm.l

    ----------------------------------------------------------------------
      1638        176          0          0        100       1736   Library Totals

    ----------------------------------------------------------------------

==============================================================================


      Code (inc. data)   RO Data    RW Data    ZI Data      Debug   

     11908        696        624         16       1808     718490   Grand Totals
     11908        696        624         16       1808     718490   ELF Image Totals
     11908        696        624         16          0          0   ROM Totals

==============================================================================

    Total RO  Size (Code + RO Data)                12532 (  12.24kB)
    Total RW  Size (RW Data + ZI Data)              1824 (   1.78kB)
    Total ROM Size (Code + RO Data + RW Data)      12548 (  12.25kB)

==============================================================================

