Component: ARM Compiler 5.06 update 3 (build 300) Tool: armlink [4d35c9]

==============================================================================

Section Cross References

    encoderthread.o(i.EncoderRead) refers to rt_cmsis.o(i.osThreadYield) for osThreadYield
    encoderthread.o(i.EncoderRead) refers to main.o(.data) for pigStatus
    encoderthread.o(i.initEncoders) refers to rt_cmsis.o(i.osThreadCreate) for osThreadCreate
    encoderthread.o(i.initEncoders) refers to encoderthread.o(.constdata) for os_thread_def_EncoderRead
    encoderthread.o(i.initEncoders) refers to encoderthread.o(.data) for tid_EncoderRead
    encoderthread.o(.constdata) refers to encoderthread.o(i.EncoderRead) for EncoderRead
    stepperthread.o(i.StepperControl) refers to rt_cmsis.o(i.osThreadYield) for osThreadYield
    stepperthread.o(i.StepperControl) refers to main.o(.data) for pigShutdown
    stepperthread.o(i.initSteppers) refers to rt_cmsis.o(i.osThreadCreate) for osThreadCreate
    stepperthread.o(i.initSteppers) refers to stepperthread.o(.constdata) for os_thread_def_StepperControl
    stepperthread.o(i.initSteppers) refers to stepperthread.o(.data) for tid_StepperControl
    stepperthread.o(.constdata) refers to stepperthread.o(i.StepperControl) for StepperControl
    main.o(i.HAL_GetTick) refers to rt_time.o(.data) for os_time
    main.o(i.MX_ADC1_Init) refers to stm32f4xx_hal_adc.o(i.HAL_ADC_Init) for HAL_ADC_Init
    main.o(i.MX_ADC1_Init) refers to main.o(i._Error_Handler) for _Error_Handler
    main.o(i.MX_ADC1_Init) refers to stm32f4xx_hal_adc.o(i.HAL_ADC_ConfigChannel) for HAL_ADC_ConfigChannel
    main.o(i.MX_ADC1_Init) refers to main.o(.bss) for hadc1
    main.o(i.MX_DMA_Init) refers to stm32f4xx_hal_cortex.o(i.HAL_NVIC_SetPriority) for HAL_NVIC_SetPriority
    main.o(i.MX_DMA_Init) refers to stm32f4xx_hal_cortex.o(i.HAL_NVIC_EnableIRQ) for HAL_NVIC_EnableIRQ
    main.o(i.MX_GPIO_Init) refers to stm32f4xx_hal_gpio.o(i.HAL_GPIO_WritePin) for HAL_GPIO_WritePin
    main.o(i.MX_GPIO_Init) refers to stm32f4xx_hal_gpio.o(i.HAL_GPIO_Init) for HAL_GPIO_Init
    main.o(i.MX_GPIO_Init) refers to stm32f4xx_hal_cortex.o(i.HAL_NVIC_SetPriority) for HAL_NVIC_SetPriority
    main.o(i.MX_GPIO_Init) refers to stm32f4xx_hal_cortex.o(i.HAL_NVIC_EnableIRQ) for HAL_NVIC_EnableIRQ
    main.o(i.MX_SPI3_Init) refers to stm32f4xx_hal_spi.o(i.HAL_SPI_Init) for HAL_SPI_Init
    main.o(i.MX_SPI3_Init) refers to main.o(i._Error_Handler) for _Error_Handler
    main.o(i.MX_SPI3_Init) refers to main.o(.bss) for hspi3
    main.o(i.MX_USART1_UART_Init) refers to stm32f4xx_hal_uart.o(i.HAL_UART_Init) for HAL_UART_Init
    main.o(i.MX_USART1_UART_Init) refers to main.o(i._Error_Handler) for _Error_Handler
    main.o(i.MX_USART1_UART_Init) refers to main.o(.bss) for huart1
    main.o(i.SystemClock_Config) refers to stm32f4xx_hal_rcc.o(i.HAL_RCC_OscConfig) for HAL_RCC_OscConfig
    main.o(i.SystemClock_Config) refers to main.o(i._Error_Handler) for _Error_Handler
    main.o(i.SystemClock_Config) refers to stm32f4xx_hal_rcc.o(i.HAL_RCC_ClockConfig) for HAL_RCC_ClockConfig
    main.o(i.SystemClock_Config) refers to stm32f4xx_hal_rcc.o(i.HAL_RCC_GetHCLKFreq) for HAL_RCC_GetHCLKFreq
    main.o(i.SystemClock_Config) refers to stm32f4xx_hal_cortex.o(i.HAL_SYSTICK_Config) for HAL_SYSTICK_Config
    main.o(i.SystemClock_Config) refers to stm32f4xx_hal_cortex.o(i.HAL_SYSTICK_CLKSourceConfig) for HAL_SYSTICK_CLKSourceConfig
    main.o(i.SystemClock_Config) refers to stm32f4xx_hal_cortex.o(i.HAL_NVIC_SetPriority) for HAL_NVIC_SetPriority
    main.o(i.main) refers to rt_cmsis.o(i.osKernelInitialize) for osKernelInitialize
    main.o(i.main) refers to stm32f4xx_hal.o(i.HAL_Init) for HAL_Init
    main.o(i.main) refers to main.o(i.SystemClock_Config) for SystemClock_Config
    main.o(i.main) refers to main.o(i.MX_GPIO_Init) for MX_GPIO_Init
    main.o(i.main) refers to main.o(i.MX_DMA_Init) for MX_DMA_Init
    main.o(i.main) refers to main.o(i.MX_ADC1_Init) for MX_ADC1_Init
    main.o(i.main) refers to main.o(i.MX_USART1_UART_Init) for MX_USART1_UART_Init
    main.o(i.main) refers to main.o(i.MX_SPI3_Init) for MX_SPI3_Init
    main.o(i.main) refers to stepperthread.o(i.initSteppers) for initSteppers
    main.o(i.main) refers to encoderthread.o(i.initEncoders) for initEncoders
    main.o(i.main) refers to stm32f4xx_hal_adc.o(i.HAL_ADC_Start_DMA) for HAL_ADC_Start_DMA
    main.o(i.main) refers to stm32f4xx_hal_uart.o(i.HAL_UART_Receive_IT) for HAL_UART_Receive_IT
    main.o(i.main) refers to rt_cmsis.o(i.osKernelStart) for osKernelStart
    main.o(i.main) refers to main.o(.bss) for ADC_Buffer
    main.o(i.main) refers to main.o(.data) for rxBuf
    stm32f4xx_it.o(i.DMA2_Stream0_IRQHandler) refers to stm32f4xx_hal_dma.o(i.HAL_DMA_IRQHandler) for HAL_DMA_IRQHandler
    stm32f4xx_it.o(i.DMA2_Stream0_IRQHandler) refers to main.o(.bss) for hdma_adc1
[...]
    .ARM.Collect$$rtexit$$00000002           0x08000230   Section        0  rtexit2.o(.ARM.Collect$$rtexit$$00000002)
    .ARM.Collect$$rtexit$$00000003           0x08000230   Section        4  rtexit2.o(.ARM.Collect$$rtexit$$00000003)
    .ARM.Collect$$rtexit$$00000004           0x08000234   Section        6  rtexit2.o(.ARM.Collect$$rtexit$$00000004)
    .emb_text                                0x0800023c   Section       28  rtx_conf_cm.o(.emb_text)
    $v0                                      0x0800023c   Number         0  rtx_conf_cm.o(.emb_text)
    .emb_text                                0x08000258   Section      408  hal_cm4.o(.emb_text)
    $v0                                      0x08000258   Number         0  hal_cm4.o(.emb_text)
    .text                                    0x080003f0   Section       64  startup_stm32f401xe.o(.text)
    $v0                                      0x080003f0   Number         0  startup_stm32f401xe.o(.text)
    .text                                    0x08000430   Section        8  libspace.o(.text)
    .text                                    0x08000438   Section        0  exit.o(.text)
    .text                                    0x0800044a   Section        0  heapauxi.o(.text)
    .text                                    0x08000450   Section        0  sys_exit.o(.text)
    .text                                    0x0800045c   Section       74  sys_stackheap_outer.o(.text)
    .text                                    0x080004a6   Section        2  use_no_semi.o(.text)
    .text                                    0x080004a8   Section        0  indicate_semi.o(.text)
    SVC_TABLE                                0x080004a8   Section        4  svc_table.o(SVC_TABLE)
    i.ADC_DMAConvCplt                        0x080004ac   Section        0  stm32f4xx_hal_adc.o(i.ADC_DMAConvCplt)
    ADC_DMAConvCplt                          0x080004ad   Thumb Code   110  stm32f4xx_hal_adc.o(i.ADC_DMAConvCplt)
    i.ADC_DMAError                           0x0800051a   Section        0  stm32f4xx_hal_adc.o(i.ADC_DMAError)
    ADC_DMAError                             0x0800051b   Thumb Code    26  stm32f4xx_hal_adc.o(i.ADC_DMAError)
    i.ADC_DMAHalfConvCplt                    0x08000534   Section        0  stm32f4xx_hal_adc.o(i.ADC_DMAHalfConvCplt)
    ADC_DMAHalfConvCplt                      0x08000535   Thumb Code    14  stm32f4xx_hal_adc.o(i.ADC_DMAHalfConvCplt)
    i.ADC_Init                               0x08000544   Section        0  stm32f4xx_hal_adc.o(i.ADC_Init)
    ADC_Init                                 0x08000545   Thumb Code   362  stm32f4xx_hal_adc.o(i.ADC_Init)
    i.DMA2_Stream0_IRQHandler                0x080006bc   Section        0  stm32f4xx_it.o(i.DMA2_Stream0_IRQHandler)
    i.DMA_CalcBaseAndBitshift                0x080006cc   Section        0  stm32f4xx_hal_dma.o(i.DMA_CalcBaseAndBitshift)
    DMA_CalcBaseAndBitshift                  0x080006cd   Thumb Code    46  stm32f4xx_hal_dma.o(i.DMA_CalcBaseAndBitshift)
    i.DMA_CheckFifoParam                     0x08000700   Section        0  stm32f4xx_hal_dma.o(i.DMA_CheckFifoParam)
    DMA_CheckFifoParam                       0x08000701   Thumb Code   186  stm32f4xx_hal_dma.o(i.DMA_CheckFifoParam)
    i.DMA_SetConfig                          0x080007ba   Section        0  stm32f4xx_hal_dma.o(i.DMA_SetConfig)
    DMA_SetConfig                            0x080007bb   Thumb Code    44  stm32f4xx_hal_dma.o(i.DMA_SetConfig)
    i.EXTI15_10_IRQHandler                   0x080007e6   Section        0  stm32f4xx_it.o(i.EXTI15_10_IRQHandler)
    i.EXTI1_IRQHandler                       0x08000802   Section        0  stm32f4xx_it.o(i.EXTI1_IRQHandler)
    i.EXTI2_IRQHandler                       0x0800080c   Section        0  stm32f4xx_it.o(i.EXTI2_IRQHandler)
    i.EXTI4_IRQHandler                       0x08000816   Section        0  stm32f4xx_it.o(i.EXTI4_IRQHandler)
    i.EncoderRead                            0x08000820   Section        0  encoderthread.o(i.EncoderRead)
    i.HAL_ADC_ConfigChannel                  0x0800083c   Section        0  stm32f4xx_hal_adc.o(i.HAL_ADC_ConfigChannel)
    i.HAL_ADC_ConvCpltCallback               0x080009d0   Section        0  stm32f4xx_hal_adc.o(i.HAL_ADC_ConvCpltCallback)
    i.HAL_ADC_ConvHalfCpltCallback           0x080009d2   Section        0  stm32f4xx_hal_adc.o(i.HAL_ADC_ConvHalfCpltCallback)
    i.HAL_ADC_ErrorCallback                  0x080009d4   Section        0  stm32f4xx_hal_adc.o(i.HAL_ADC_ErrorCallback)
    i.HAL_ADC_Init                           0x080009d8   Section        0  stm32f4xx_hal_adc.o(i.HAL_ADC_Init)
    i.HAL_ADC_MspInit                        0x08000a40   Section        0  stm32f4xx_hal_msp.o(i.HAL_ADC_MspInit)
    i.HAL_ADC_Start_DMA                      0x08000ae0   Section        0  stm32f4xx_hal_adc.o(i.HAL_ADC_Start_DMA)
    i.HAL_DMA_Abort_IT                       0x08000c28   Section        0  stm32f4xx_hal_dma.o(i.HAL_DMA_Abort_IT)
    i.HAL_DMA_IRQHandler                     0x08000c50   Section        0  stm32f4xx_hal_dma.o(i.HAL_DMA_IRQHandler)
    i.HAL_DMA_Init                           0x08000e98   Section        0  stm32f4xx_hal_dma.o(i.HAL_DMA_Init)
    i.HAL_DMA_Start_IT                       0x08000f80   Section        0  stm32f4xx_hal_dma.o(i.HAL_DMA_Start_IT)
    i.HAL_GPIO_EXTI_Callback                 0x0800101e   Section        0  stm32f4xx_hal_gpio.o(i.HAL_GPIO_EXTI_Callback)
    i.HAL_GPIO_EXTI_IRQHandler               0x08001020   Section        0  stm32f4xx_hal_gpio.o(i.HAL_GPIO_EXTI_IRQHandler)
    i.HAL_GPIO_Init                          0x0800103c   Section        0  stm32f4xx_hal_gpio.o(i.HAL_GPIO_Init)
    i.HAL_GPIO_WritePin                      0x08001210   Section        0  stm32f4xx_hal_gpio.o(i.HAL_GPIO_WritePin)
    i.HAL_GetTick                            0x0800121c   Section        0  main.o(i.HAL_GetTick)
    i.HAL_Init                               0x08001228   Section        0  stm32f4xx_hal.o(i.HAL_Init)
    i.HAL_InitTick                           0x08001264   Section        0  stm32f4xx_hal.o(i.HAL_InitTick)
    i.HAL_MspInit                            0x0800128c   Section        0  stm32f4xx_hal_msp.o(i.HAL_MspInit)
    i.HAL_NVIC_EnableIRQ                     0x080012e2   Section        0  stm32f4xx_hal_cortex.o(i.HAL_NVIC_EnableIRQ)
    i.HAL_NVIC_SetPriority                   0x080012fc   Section        0  stm32f4xx_hal_cortex.o(i.HAL_NVIC_SetPriority)
    i.HAL_NVIC_SetPriorityGrouping           0x08001378   Section        0  stm32f4xx_hal_cortex.o(i.HAL_NVIC_SetPriorityGrouping)
    i.HAL_RCC_ClockConfig                    0x080013a0   Section        0  stm32f4xx_hal_rcc.o(i.HAL_RCC_ClockConfig)
    i.HAL_RCC_GetHCLKFreq                    0x08001570   Section        0  stm32f4xx_hal_rcc.o(i.HAL_RCC_GetHCLKFreq)
    i.HAL_RCC_GetPCLK1Freq                   0x0800157c   Section        0  stm32f4xx_hal_rcc.o(i.HAL_RCC_GetPCLK1Freq)
    i.HAL_RCC_GetPCLK2Freq                   0x080015a8   Section        0  stm32f4xx_hal_rcc.o(i.HAL_RCC_GetPCLK2Freq)
    i.HAL_RCC_GetSysClockFreq                0x080015d4   Section        0  stm32f4xx_hal_rcc.o(i.HAL_RCC_GetSysClockFreq)
    i.HAL_RCC_OscConfig                      0x08001688   Section        0  stm32f4xx_hal_rcc.o(i.HAL_RCC_OscConfig)
    i.HAL_SPI_ErrorCallback                  0x08001a24   Section        0  stm32f4xx_hal_spi.o(i.HAL_SPI_ErrorCallback)
    i.HAL_SPI_IRQHandler                     0x08001a28   Section        0  stm32f4xx_hal_spi.o(i.HAL_SPI_IRQHandler)
    i.HAL_SPI_Init                           0x08001b60   Section        0  stm32f4xx_hal_spi.o(i.HAL_SPI_Init)
    i.HAL_SPI_MspInit                        0x08001bec   Section        0  stm32f4xx_hal_msp.o(i.HAL_SPI_MspInit)
    i.HAL_SYSTICK_CLKSourceConfig            0x08001c58   Section        0  stm32f4xx_hal_cortex.o(i.HAL_SYSTICK_CLKSourceConfig)
    i.HAL_SYSTICK_Config                     0x08001c80   Section        0  stm32f4xx_hal_cortex.o(i.HAL_SYSTICK_Config)
    i.HAL_UART_ErrorCallback                 0x08001cb4   Section        0  stm32f4xx_hal_uart.o(i.HAL_UART_ErrorCallback)
    i.HAL_UART_IRQHandler                    0x08001cb8   Section        0  stm32f4xx_hal_uart.o(i.HAL_UART_IRQHandler)
    i.HAL_UART_Init                          0x08001e00   Section        0  stm32f4xx_hal_uart.o(i.HAL_UART_Init)
    i.HAL_UART_MspInit                       0x08001e74   Section        0  stm32f4xx_hal_msp.o(i.HAL_UART_MspInit)
    i.HAL_UART_Receive_IT                    0x08001f00   Section        0  stm32f4xx_hal_uart.o(i.HAL_UART_Receive_IT)
    i.HAL_UART_RxCpltCallback                0x08001f70   Section        0  stm32f4xx_hal_uart.o(i.HAL_UART_RxCpltCallback)
    i.HAL_UART_TxCpltCallback                0x08001f72   Section        0  stm32f4xx_hal_uart.o(i.HAL_UART_TxCpltCallback)
    i.MX_ADC1_Init                           0x08001f74   Section        0  main.o(i.MX_ADC1_Init)
    MX_ADC1_Init                             0x08001f75   Thumb Code   154  main.o(i.MX_ADC1_Init)
    i.MX_DMA_Init                            0x08002050   Section        0  main.o(i.MX_DMA_Init)
    MX_DMA_Init                              0x08002051   Thumb Code    52  main.o(i.MX_DMA_Init)
    i.MX_GPIO_Init                           0x08002088   Section        0  main.o(i.MX_GPIO_Init)
    MX_GPIO_Init                             0x08002089   Thumb Code   360  main.o(i.MX_GPIO_Init)
    i.MX_SPI3_Init                           0x08002204   Section        0  main.o(i.MX_SPI3_Init)
    MX_SPI3_Init                             0x08002205   Thumb Code    60  main.o(i.MX_SPI3_Init)
    i.MX_USART1_UART_Init                    0x0800227c   Section        0  main.o(i.MX_USART1_UART_Init)
    MX_USART1_UART_Init                      0x0800227d   Thumb Code    52  main.o(i.MX_USART1_UART_Init)
    i.NVIC_GetPriorityGrouping               0x080022ec   Section        0  stm32f4xx_hal_cortex.o(i.NVIC_GetPriorityGrouping)
    NVIC_GetPriorityGrouping                 0x080022ed   Thumb Code    10  stm32f4xx_hal_cortex.o(i.NVIC_GetPriorityGrouping)
    i.NVIC_SetPriority                       0x080022fc   Section        0  stm32f4xx_hal_cortex.o(i.NVIC_SetPriority)
    NVIC_SetPriority                         0x080022fd   Thumb Code    32  stm32f4xx_hal_cortex.o(i.NVIC_SetPriority)
    i.SPI3_IRQHandler                        0x08002324   Section        0  stm32f4xx_it.o(i.SPI3_IRQHandler)
    i.SPI_DMAAbortOnError                    0x08002334   Section        0  stm32f4xx_hal_spi.o(i.SPI_DMAAbortOnError)
    SPI_DMAAbortOnError                      0x08002335   Thumb Code    20  stm32f4xx_hal_spi.o(i.SPI_DMAAbortOnError)
    i.StepperControl                         0x08002348   Section        0  stepperthread.o(i.StepperControl)
    i.SystemClock_Config                     0x08002378   Section        0  main.o(i.SystemClock_Config)
    i.SystemInit                             0x08002480   Section        0  system_stm32f4xx.o(i.SystemInit)
    i.UART_DMAAbortOnError                   0x080024e4   Section        0  stm32f4xx_hal_uart.o(i.UART_DMAAbortOnError)
    UART_DMAAbortOnError                     0x080024e5   Thumb Code    20  stm32f4xx_hal_uart.o(i.UART_DMAAbortOnError)
    i.UART_EndRxTransfer                     0x080024f8   Section        0  stm32f4xx_hal_uart.o(i.UART_EndRxTransfer)
    UART_EndRxTransfer                       0x080024f9   Thumb Code    32  stm32f4xx_hal_uart.o(i.UART_EndRxTransfer)
    i.UART_EndTransmit_IT                    0x08002518   Section        0  stm32f4xx_hal_uart.o(i.UART_EndTransmit_IT)
    UART_EndTransmit_IT                      0x08002519   Thumb Code    32  stm32f4xx_hal_uart.o(i.UART_EndTransmit_IT)
    i.UART_Receive_IT                        0x08002538   Section        0  stm32f4xx_hal_uart.o(i.UART_Receive_IT)
    UART_Receive_IT                          0x08002539   Thumb Code   154  stm32f4xx_hal_uart.o(i.UART_Receive_IT)
    i.UART_SetConfig                         0x080025d4   Section        0  stm32f4xx_hal_uart.o(i.UART_SetConfig)
    UART_SetConfig                           0x080025d5   Thumb Code   864  stm32f4xx_hal_uart.o(i.UART_SetConfig)
    i.UART_Transmit_IT                       0x0800293c   Section        0  stm32f4xx_hal_uart.o(i.UART_Transmit_IT)
    UART_Transmit_IT                         0x0800293d   Thumb Code   104  stm32f4xx_hal_uart.o(i.UART_Transmit_IT)
    i.USART1_IRQHandler                      0x080029a4   Section        0  stm32f4xx_it.o(i.USART1_IRQHandler)
    i._Error_Handler                         0x080029d4   Section        0  main.o(i._Error_Handler)
    i._init_box                              0x080029d8   Section        0  rt_membox.o(i._init_box)
    i._mutex_acquire                         0x08002a20   Section        0  rtx_conf_cm.o(i._mutex_acquire)
    __tagsym$$used                           0x08002a21   Number         0  rtx_conf_cm.o(i._mutex_acquire)
    i._mutex_release                         0x08002a40   Section        0  rtx_conf_cm.o(i._mutex_release)
    __tagsym$$used                           0x08002a41   Number         0  rtx_conf_cm.o(i._mutex_release)
    i.dbg_init                               0x08002a5c   Section        0  hal_cm.o(i.dbg_init)
    i.dbg_task_notify                        0x08002a8c   Section        0  hal_cm.o(i.dbg_task_notify)
    i.dbg_task_switch                        0x08002aac   Section        0  hal_cm.o(i.dbg_task_switch)
    i.initEncoders                           0x08002abc   Section        0  encoderthread.o(i.initEncoders)
    i.initSteppers                           0x08002ae4   Section        0  stepperthread.o(i.initSteppers)
    i.isrMessageGet                          0x08002b0c   Section        0  rt_cmsis.o(i.isrMessageGet)
    i.isrMessagePut                          0x08002b36   Section        0  rt_cmsis.o(i.isrMessagePut)
    i.isr_mbx_receive                        0x08002b64   Section        0  rt_mailbox.o(i.isr_mbx_receive)
    i.isr_mbx_send                           0x08002bb6   Section        0  rt_mailbox.o(i.isr_mbx_send)
    i.main                                   0x08002bc4   Section        0  main.o(i.main)
    i.osKernelInitialize                     0x08002c20   Section        0  rt_cmsis.o(i.osKernelInitialize)
    i.osKernelStart                          0x08002c44   Section        0  rt_cmsis.o(i.osKernelStart)
    i.osMessageGet                           0x08002cb0   Section        0  rt_cmsis.o(i.osMessageGet)
    i.osThreadCreate                         0x08002cc8   Section        0  rt_cmsis.o(i.osThreadCreate)
    i.osThreadExit                           0x08002cf8   Section        0  rt_cmsis.o(i.osThreadExit)
    i.osThreadYield                          0x08002d10   Section        0  rt_cmsis.o(i.osThreadYield)
    i.osTimerCall                            0x08002d28   Section        0  rt_cmsis.o(i.osTimerCall)
    i.osTimerThread                          0x08002d34   Section        0  rt_cmsis.o(i.osTimerThread)
    i.os_error                               0x08002d60   Section        0  rtx_conf_cm.o(i.os_error)
    i.os_idle_demon                          0x08002d82   Section        0  rtx_conf_cm.o(i.os_idle_demon)
    i.os_tick_init                           0x08002d88   Section        0  rt_system.o(i.os_tick_init)
    i.os_tick_irqack                         0x08002db0   Section        0  rt_system.o(i.os_tick_irqack)
    i.rt_alloc_box                           0x08002db2   Section        0  rt_membox.o(i.rt_alloc_box)
    i.rt_alloc_mem                           0x08002dcc   Section        0  rt_memory.o(i.rt_alloc_mem)
    i.rt_block                               0x08002e0c   Section        0  rt_task.o(i.rt_block)
    i.rt_chk_robin                           0x08002e44   Section        0  rt_robin.o(i.rt_chk_robin)
    i.rt_dec_dly                             0x08002e8c   Section        0  rt_list.o(i.rt_dec_dly)
    i.rt_dispatch                            0x08002efc   Section        0  rt_task.o(i.rt_dispatch)
    i.rt_evt_psh                             0x08002f40   Section        0  rt_event.o(i.rt_evt_psh)
    i.rt_free_box                            0x08002f90   Section        0  rt_membox.o(i.rt_free_box)
    i.rt_free_mem                            0x08002fbc   Section        0  rt_memory.o(i.rt_free_mem)
    i.rt_get_first                           0x08002fe4   Section        0  rt_list.o(i.rt_get_first)
    i.rt_get_same_rdy_prio                   0x0800300c   Section        0  rt_list.o(i.rt_get_same_rdy_prio)
    i.rt_id2obj                              0x08003030   Section        0  rt_cmsis.o(i.rt_id2obj)
    rt_id2obj                                0x08003031   Thumb Code     8  rt_cmsis.o(i.rt_id2obj)
    i.rt_init_context                        0x08003038   Section        0  rt_task.o(i.rt_init_context)
    rt_init_context                          0x08003039   Thumb Code    66  rt_task.o(i.rt_init_context)
    i.rt_init_mem                            0x08003080   Section        0  rt_memory.o(i.rt_init_mem)
    i.rt_init_robin                          0x0800309c   Section        0  rt_robin.o(i.rt_init_robin)
    i.rt_init_stack                          0x080030b4   Section        0  hal_cm.o(i.rt_init_stack)
    i.rt_mbx_check                           0x08003134   Section        0  rt_mailbox.o(i.rt_mbx_check)
    i.rt_mbx_init                            0x0800313c   Section        0  rt_mailbox.o(i.rt_mbx_init)
    i.rt_mbx_psh                             0x08003158   Section        0  rt_mailbox.o(i.rt_mbx_psh)
    i.rt_mbx_wait                            0x08003248   Section        0  rt_mailbox.o(i.rt_mbx_wait)
    i.rt_ms2tick                             0x080032fc   Section        0  rt_cmsis.o(i.rt_ms2tick)
    rt_ms2tick                               0x080032fd   Thumb Code    58  rt_cmsis.o(i.rt_ms2tick)
    i.rt_mut_release                         0x08003340   Section        0  rt_mutex.o(i.rt_mut_release)
    i.rt_mut_wait                            0x08003418   Section        0  rt_mutex.o(i.rt_mut_wait)
    i.rt_pop_req                             0x08003480   Section        0  rt_system.o(i.rt_pop_req)
    i.rt_psh_req                             0x080034fc   Section        0  rt_system.o(i.rt_psh_req)
    i.rt_psq_enq                             0x0800351c   Section        0  rt_list.o(i.rt_psq_enq)
    i.rt_put_dly                             0x08003578   Section        0  rt_list.o(i.rt_put_dly)
    i.rt_put_prio                            0x080035c0   Section        0  rt_list.o(i.rt_put_prio)
    i.rt_put_rdy_first                       0x080035f8   Section        0  rt_list.o(i.rt_put_rdy_first)
    i.rt_resort_prio                         0x0800360c   Section        0  rt_list.o(i.rt_resort_prio)
    i.rt_ret_regs                            0x08003640   Section        0  hal_cm.o(i.rt_ret_regs)
    rt_ret_regs                              0x08003641   Thumb Code    16  hal_cm.o(i.rt_ret_regs)
    i.rt_ret_val                             0x08003650   Section        0  hal_cm.o(i.rt_ret_val)
    i.rt_ret_val2                            0x0800365c   Section        0  hal_cm.o(i.rt_ret_val2)
    i.rt_rmv_dly                             0x0800366c   Section        0  rt_list.o(i.rt_rmv_dly)
    i.rt_rmv_list                            0x08003694   Section        0  rt_list.o(i.rt_rmv_list)
    i.rt_sem_psh                             0x080036c4   Section        0  rt_semaphore.o(i.rt_sem_psh)
    i.rt_stk_check                           0x080036f8   Section        0  rt_system.o(i.rt_stk_check)
    i.rt_switch_req                          0x0800371c   Section        0  rt_task.o(i.rt_switch_req)
    i.rt_sys_init                            0x08003744   Section        0  rt_task.o(i.rt_sys_init)
    i.rt_sys_start                           0x08003810   Section        0  rt_task.o(i.rt_sys_start)
    i.rt_systick                             0x08003888   Section        0  rt_system.o(i.rt_systick)
    i.rt_tid2ptcb                            0x080038c8   Section        0  rt_cmsis.o(i.rt_tid2ptcb)
    rt_tid2ptcb                              0x080038c9   Thumb Code    18  rt_cmsis.o(i.rt_tid2ptcb)
    i.rt_timer_insert                        0x080038dc   Section        0  rt_cmsis.o(i.rt_timer_insert)
    rt_timer_insert                          0x080038dd   Thumb Code    48  rt_cmsis.o(i.rt_timer_insert)
    i.rt_tsk_create                          0x08003910   Section        0  rt_task.o(i.rt_tsk_create)
    i.rt_tsk_delete                          0x08003998   Section        0  rt_task.o(i.rt_tsk_delete)
    i.rt_tsk_pass                            0x08003b14   Section        0  rt_task.o(i.rt_tsk_pass)
    i.rt_tsk_prio                            0x08003b44   Section        0  rt_task.o(i.rt_tsk_prio)
    i.rt_tsk_self                            0x08003bc0   Section        0  rt_task.o(i.rt_tsk_self)
    i.svcKernelInitialize                    0x08003bd0   Section        0  rt_cmsis.o(i.svcKernelInitialize)
    i.svcKernelStart                         0x08003c40   Section        0  rt_cmsis.o(i.svcKernelStart)
    i.svcMessageCreate                       0x08003c88   Section        0  rt_cmsis.o(i.svcMessageCreate)
    i.svcMessageGet                          0x08003cac   Section        0  rt_cmsis.o(i.svcMessageGet)
    i.svcThreadCreate                        0x08003ce8   Section        0  rt_cmsis.o(i.svcThreadCreate)
    i.svcThreadGetId                         0x08003d58   Section        0  rt_cmsis.o(i.svcThreadGetId)
    i.svcThreadTerminate                     0x08003d74   Section        0  rt_cmsis.o(i.svcThreadTerminate)
    i.svcThreadYield                         0x08003dac   Section        0  rt_cmsis.o(i.svcThreadYield)
    i.svcTimerCall                           0x08003db6   Section        0  rt_cmsis.o(i.svcTimerCall)
    i.sysTimerTick                           0x08003dd0   Section        0  rt_cmsis.o(i.sysTimerTick)
    x$fpl$fpinit                             0x08003e2c   Section       10  fpinit.o(x$fpl$fpinit)
    $v0                                      0x08003e2c   Number         0  fpinit.o(x$fpl$fpinit)
    .constdata                               0x08003e38   Section       16  encoderthread.o(.constdata)
    .constdata                               0x08003e48   Section       16  stepperthread.o(.constdata)
    .constdata                               0x08003e58   Section       86  rtx_conf_cm.o(.constdata)
    __tagsym$$used                           0x08003e74   Number         0  rtx_conf_cm.o(.constdata)
    __tagsym$$used                           0x08003e78   Number         0  rtx_conf_cm.o(.constdata)
    __tagsym$$used                           0x08003e7c   Number         0  rtx_conf_cm.o(.constdata)
    __tagsym$$used                           0x08003e80   Number         0  rtx_conf_cm.o(.constdata)
    .constdata                               0x08003eae   Section        8  stm32f4xx_hal_dma.o(.constdata)
    flagBitshiftOffset                       0x08003eae   Data           8  stm32f4xx_hal_dma.o(.constdata)
    .constdata                               0x08003eb6   Section       16  stm32f4xx_hal_rcc.o(.constdata)
    .conststring                             0x08003ec8   Section      128  stm32f4xx_hal_msp.o(.conststring)
    .data                                    0x20000000   Section        4  encoderthread.o(.data)
    .data                                    0x20000004   Section        4  stepperthread.o(.data)
    .data                                    0x20000008   Section       12  main.o(.data)
    .data                                    0x20000014   Section       36  rtx_conf_cm.o(.data)
    nr_mutex                                 0x20000024   Data           4  rtx_conf_cm.o(.data)
    .data                                    0x20000038   Section        4  system_stm32f4xx.o(.data)
    .data                                    0x2000003c   Section        8  rt_cmsis.o(.data)
    .data                                    0x20000044   Section        8  rt_task.o(.data)
    .data                                    0x2000004c   Section        4  rt_time.o(.data)
    .data                                    0x20000050   Section        8  rt_system.o(.data)
    os_lock                                  0x20000050   Data           1  rt_system.o(.data)
    os_psh_flag                              0x20000051   Data           1  rt_system.o(.data)
    pend_flags                               0x20000052   Data           1  rt_system.o(.data)
    .data                                    0x20000058   Section        8  rt_robin.o(.data)
    .data                                    0x20000060   Section        1  hal_cm.o(.data)
    .bss                                     0x20000064   Section      332  main.o(.bss)
    .bss                                     0x200001b0   Section     7960  rtx_conf_cm.o(.bss)
    std_libspace                             0x20001da8   Data         672  rtx_conf_cm.o(.bss)
    std_libmutex                             0x20002048   Data         128  rtx_conf_cm.o(.bss)
    .bss                                     0x200020c8   Section       52  rt_task.o(.bss)
    .bss                                     0x200020fc   Section       48  rt_list.o(.bss)
    .bss                                     0x2000212c   Section       96  libspace.o(.bss)
    HEAP                                     0x20002190   Section      512  startup_stm32f401xe.o(HEAP)
    Heap_Mem                                 0x20002190   Data         512  startup_stm32f401xe.o(HEAP)
    STACK                                    0x20002390   Section     1024  startup_stm32f401xe.o(STACK)
    Stack_Mem                                0x20002390   Data        1024  startup_stm32f401xe.o(STACK)
    __initial_sp                             0x20002790   Data           0  startup_stm32f401xe.o(STACK)

    Global Symbols

    Symbol Name                              Value     Ov Type        Size  Object(Section)

    BuildAttributes$$THM_ISAv4$E$P$D$K$B$S$7EM$VFPi3$EXTD16$VFPS$VFMA$PE$A:L22UL41UL21$X:L11$S22US41US21$IEEE1$IW$USESV6$~STKCKD$USESV7$~SHL$OSPACE$ROPI$EBA8$UX$STANDARDLIB$REQ8$PRES8$EABIv2 0x00000000   Number         0  anon$$obj.o ABSOLUTE
    __ARM_use_no_argv                        0x00000000   Number         0  main.o ABSOLUTE
    __ARM_exceptions_init                     - Undefined Weak Reference
    __alloca_initialize                       - Undefined Weak Reference
    __arm_preinit_                            - Undefined Weak Reference
    __cpp_initialize__aeabi_                  - Undefined Weak Reference
    __cxa_finalize                            - Undefined Weak Reference
    __rt_locale                               - Undefined Weak Reference
    __sigvec_lookup                           - Undefined Weak Reference
    _atexit_init                              - Undefined Weak Reference
    _call_atexit_fns                          - Undefined Weak Reference
    _clock_init                               - Undefined Weak Reference
    _fp_trap_init                             - Undefined Weak Reference
    _fp_trap_shutdown                         - Undefined Weak Reference
    _get_lc_collate                           - Undefined Weak Reference
    _get_lc_ctype                             - Undefined Weak Reference
    _get_lc_monetary                          - Undefined Weak Reference
    _get_lc_numeric                           - Undefined Weak Reference
    _get_lc_time                              - Undefined Weak Reference
    _getenv_init                              - Undefined Weak Reference
    _handle_redirection                       - Undefined Weak Reference
    _init_alloc                               - Undefined Weak Reference
    _init_user_alloc                          - Undefined Weak Reference
    _initio                                   - Undefined Weak Reference
    _rand_init                                - Undefined Weak Reference
    _signal_finish                            - Undefined Weak Reference
    _signal_init                              - Undefined Weak Reference
    _terminate_alloc                          - Undefined Weak Reference
    _terminate_user_alloc                     - Undefined Weak Reference
    _terminateio                              - Undefined Weak Reference
    __Vectors_Size                           0x00000194   Number         0  startup_stm32f401xe.o ABSOLUTE
    __RL_RTX_VER                             0x00000480   Number         0  rt_system.o ABSOLUTE
    __Vectors                                0x08000000   Data           4  startup_stm32f401xe.o(RESET)
    __Vectors_End                            0x08000194   Data           0  startup_stm32f401xe.o(RESET)
    __main                                   0x08000195   Thumb Code     8  __main.o(!!!main)
    __scatterload                            0x0800019d   Thumb Code     0  __scatter.o(!!!scatter)
    __scatterload_rt2                        0x0800019d   Thumb Code    44  __scatter.o(!!!scatter)
    __scatterload_rt2_thumb_only             0x0800019d   Thumb Code     0  __scatter.o(!!!scatter)
    __scatterload_null                       0x080001ab   Thumb Code     0  __scatter.o(!!!scatter)
    __scatterload_copy                       0x080001d1   Thumb Code    26  __scatter_copy.o(!!handler_copy)
    __scatterload_zeroinit                   0x080001ed   Thumb Code    28  __scatter_zi.o(!!handler_zi)
    __rt_lib_init                            0x08000209   Thumb Code     0  libinit.o(.ARM.Collect$$libinit$$00000000)
    __rt_lib_init_fp_1                       0x0800020b   Thumb Code     0  libinit2.o(.ARM.Collect$$libinit$$00000001)
    __rt_lib_init_alloca_1                   0x0800020f   Thumb Code     0  libinit2.o(.ARM.Collect$$libinit$$0000002E)
    __rt_lib_init_argv_1                     0x0800020f   Thumb Code     0  libinit2.o(.ARM.Collect$$libinit$$0000002C)
    __rt_lib_init_atexit_1                   0x0800020f   Thumb Code     0  libinit2.o(.ARM.Collect$$libinit$$0000001B)
    __rt_lib_init_clock_1                    0x0800020f   Thumb Code     0  libinit2.o(.ARM.Collect$$libinit$$00000021)
    __rt_lib_init_cpp_1                      0x0800020f   Thumb Code     0  libinit2.o(.ARM.Collect$$libinit$$00000032)
    __rt_lib_init_exceptions_1               0x0800020f   Thumb Code     0  libinit2.o(.ARM.Collect$$libinit$$00000030)
    __rt_lib_init_fp_trap_1                  0x0800020f   Thumb Code     0  libinit2.o(.ARM.Collect$$libinit$$0000001F)
    __rt_lib_init_getenv_1                   0x0800020f   Thumb Code     0  libinit2.o(.ARM.Collect$$libinit$$00000023)
    __rt_lib_init_heap_1                     0x0800020f   Thumb Code     0  libinit2.o(.ARM.Collect$$libinit$$0000000A)
    __rt_lib_init_lc_collate_1               0x0800020f   Thumb Code     0  libinit2.o(.ARM.Collect$$libinit$$00000011)
    __rt_lib_init_lc_ctype_1                 0x0800020f   Thumb Code     0  libinit2.o(.ARM.Collect$$libinit$$00000013)
    __rt_lib_init_lc_monetary_1              0x0800020f   Thumb Code     0  libinit2.o(.ARM.Collect$$libinit$$00000015)
    __rt_lib_init_lc_numeric_1               0x0800020f   Thumb Code     0  libinit2.o(.ARM.Collect$$libinit$$00000017)
    __rt_lib_init_lc_time_1                  0x0800020f   Thumb Code     0  libinit2.o(.ARM.Collect$$libinit$$00000019)
    __rt_lib_init_preinit_1                  0x0800020f   Thumb Code     0  libinit2.o(.ARM.Collect$$libinit$$00000004)
    __rt_lib_init_rand_1                     0x0800020f   Thumb Code     0  libinit2.o(.ARM.Collect$$libinit$$0000000E)
    __rt_lib_init_return                     0x0800020f   Thumb Code     0  libinit2.o(.ARM.Collect$$libinit$$00000033)
    __rt_lib_init_signal_1                   0x0800020f   Thumb Code     0  libinit2.o(.ARM.Collect$$libinit$$0000001D)
    __rt_lib_init_stdio_1                    0x0800020f   Thumb Code     0  libinit2.o(.ARM.Collect$$libinit$$00000025)
    __rt_lib_init_user_alloc_1               0x0800020f   Thumb Code     0  libinit2.o(.ARM.Collect$$libinit$$0000000C)
    __rt_lib_shutdown                        0x08000211   Thumb Code     0  libshutdown.o(.ARM.Collect$$libshutdown$$00000000)
    __rt_lib_shutdown_cpp_1                  0x08000213   Thumb Code     0  libshutdown2.o(.ARM.Collect$$libshutdown$$00000002)
    __rt_lib_shutdown_fp_trap_1              0x08000213   Thumb Code     0  libshutdown2.o(.ARM.Collect$$libshutdown$$00000007)
    __rt_lib_shutdown_heap_1                 0x08000213   Thumb Code     0  libshutdown2.o(.ARM.Collect$$libshutdown$$0000000F)
    __rt_lib_shutdown_return                 0x08000213   Thumb Code     0  libshutdown2.o(.ARM.Collect$$libshutdown$$00000010)
    __rt_lib_shutdown_signal_1               0x08000213   Thumb Code     0  libshutdown2.o(.ARM.Collect$$libshutdown$$0000000A)
    __rt_lib_shutdown_stdio_1                0x08000213   Thumb Code     0  libshutdown2.o(.ARM.Collect$$libshutdown$$00000004)
    __rt_lib_shutdown_user_alloc_1           0x08000213   Thumb Code     0  libshutdown2.o(.ARM.Collect$$libshutdown$$0000000C)
    __rt_entry                               0x08000215   Thumb Code     0  __rtentry.o(.ARM.Collect$$rtentry$$00000000)
    __rt_entry_presh_1                       0x08000215   Thumb Code     0  __rtentry2.o(.ARM.Collect$$rtentry$$00000002)
    __rt_entry_sh                            0x08000215   Thumb Code     0  __rtentry4.o(.ARM.Collect$$rtentry$$00000004)
    __rt_entry_li                            0x0800021b   Thumb Code     0  __rtentry2.o(.ARM.Collect$$rtentry$$0000000A)
    __rt_entry_postsh_1                      0x0800021b   Thumb Code     0  __rtentry2.o(.ARM.Collect$$rtentry$$00000009)
    __rt_entry_postli_1                      0x0800021f   Thumb Code     0  __rtentry2.o(.ARM.Collect$$rtentry$$0000000B)
    __rt_entry_main                          0x08000227   Thumb Code     0  __rtentry2.o(.ARM.Collect$$rtentry$$0000000D)
    __rt_exit                                0x0800022f   Thumb Code     0  rtexit.o(.ARM.Collect$$rtexit$$00000000)
    __rt_exit_ls                             0x08000231   Thumb Code     0  rtexit2.o(.ARM.Collect$$rtexit$$00000003)
    __rt_exit_prels_1                        0x08000231   Thumb Code     0  rtexit2.o(.ARM.Collect$$rtexit$$00000002)
    __rt_exit_exit                           0x08000235   Thumb Code     0  rtexit2.o(.ARM.Collect$$rtexit$$00000004)
    _platform_post_lib_init                  0x0800023d   Thumb Code    24  rtx_conf_cm.o(.emb_text)
    rt_set_PSP                               0x08000259   Thumb Code     6  hal_cm4.o(.emb_text)
    rt_get_PSP                               0x0800025f   Thumb Code     6  hal_cm4.o(.emb_text)
    os_set_env                               0x08000265   Thumb Code    24  hal_cm4.o(.emb_text)
    _alloc_box                               0x08000281   Thumb Code    28  hal_cm4.o(.emb_text)
    _free_box                                0x080002a1   Thumb Code    28  hal_cm4.o(.emb_text)
    SVC_Handler                              0x080002c1   Thumb Code   168  hal_cm4.o(.emb_text)
    PendSV_Handler                           0x08000379   Thumb Code    96  hal_cm4.o(.emb_text)
    SysTick_Handler                          0x080003dd   Thumb Code     8  hal_cm4.o(.emb_text)
    OS_Tick_Handler                          0x080003e5   Thumb Code    12  hal_cm4.o(.emb_text)
    Reset_Handler                            0x080003f1   Thumb Code     8  startup_stm32f401xe.o(.text)
    NMI_Handler                              0x080003f9   Thumb Code     2  startup_stm32f401xe.o(.text)
    HardFault_Handler                        0x080003fb   Thumb Code     2  startup_stm32f401xe.o(.text)
    MemManage_Handler                        0x080003fd   Thumb Code     2  startup_stm32f401xe.o(.text)
    BusFault_Handler                         0x080003ff   Thumb Code     2  startup_stm32f401xe.o(.text)
    UsageFault_Handler                       0x08000401   Thumb Code     2  startup_stm32f401xe.o(.text)
    DebugMon_Handler                         0x08000405   Thumb Code     2  startup_stm32f401xe.o(.text)
    ADC_IRQHandler                           0x0800040b   Thumb Code     0  startup_stm32f401xe.o(.text)
    DMA1_Stream0_IRQHandler                  0x0800040b   Thumb Code     0  startup_stm32f401xe.o(.text)
    DMA1_Stream1_IRQHandler                  0x0800040b   Thumb Code     0  startup_stm32f401xe.o(.text)
    DMA1_Stream2_IRQHandler                  0x0800040b   Thumb Code     0  startup_stm32f401xe.o(.text)
    DMA1_Stream3_IRQHandler                  0x0800040b   Thumb Code     0  startup_stm32f401xe.o(.text)
    DMA1_Stream4_IRQHandler                  0x0800040b   Thumb Code     0  startup_stm32f401xe.o(.text)
    DMA1_Stream5_IRQHandler                  0x0800040b   Thumb Code     0  startup_stm32f401xe.o(.text)
    DMA1_Stream6_IRQHandler                  0x0800040b   Thumb Code     0  startup_stm32f401xe.o(.text)
    DMA1_Stream7_IRQHandler                  0x0800040b   Thumb Code     0  startup_stm32f401xe.o(.text)
    DMA2_Stream1_IRQHandler                  0x0800040b   Thumb Code     0  startup_stm32f401xe.o(.text)
    DMA2_Stream2_IRQHandler                  0x0800040b   Thumb Code     0  startup_stm32f401xe.o(.text)
    DMA2_Stream3_IRQHandler                  0x0800040b   Thumb Code     0  startup_stm32f401xe.o(.text)
    DMA2_Stream4_IRQHandler                  0x0800040b   Thumb Code     0  startup_stm32f401xe.o(.text)
    DMA2_Stream5_IRQHandler                  0x0800040b   Thumb Code     0  startup_stm32f401xe.o(.text)
    DMA2_Stream6_IRQHandler                  0x0800040b   Thumb Code     0  startup_stm32f401xe.o(.text)
    DMA2_Stream7_IRQHandler                  0x0800040b   Thumb Code     0  startup_stm32f401xe.o(.text)
    EXTI0_IRQHandler                         0x0800040b   Thumb Code     0  startup_stm32f401xe.o(.text)
    EXTI3_IRQHandler                         0x0800040b   Thumb Code     0  startup_stm32f401xe.o(.text)
    EXTI9_5_IRQHandler                       0x0800040b   Thumb Code     0  startup_stm32f401xe.o(.text)
    FLASH_IRQHandler                         0x0800040b   Thumb Code     0  startup_stm32f401xe.o(.text)
    FPU_IRQHandler                           0x0800040b   Thumb Code     0  startup_stm32f401xe.o(.text)
    I2C1_ER_IRQHandler                       0x0800040b   Thumb Code     0  startup_stm32f401xe.o(.text)
    I2C1_EV_IRQHandler                       0x0800040b   Thumb Code     0  startup_stm32f401xe.o(.text)
    I2C2_ER_IRQHandler                       0x0800040b   Thumb Code     0  startup_stm32f401xe.o(.text)
    I2C2_EV_IRQHandler                       0x0800040b   Thumb Code     0  startup_stm32f401xe.o(.text)
    I2C3_ER_IRQHandler                       0x0800040b   Thumb Code     0  startup_stm32f401xe.o(.text)
    I2C3_EV_IRQHandler                       0x0800040b   Thumb Code     0  startup_stm32f401xe.o(.text)
    OTG_FS_IRQHandler                        0x0800040b   Thumb Code     0  startup_stm32f401xe.o(.text)
    OTG_FS_WKUP_IRQHandler                   0x0800040b   Thumb Code     0  startup_stm32f401xe.o(.text)
    PVD_IRQHandler                           0x0800040b   Thumb Code     0  startup_stm32f401xe.o(.text)
    RCC_IRQHandler                           0x0800040b   Thumb Code     0  startup_stm32f401xe.o(.text)
    RTC_Alarm_IRQHandler                     0x0800040b   Thumb Code     0  startup_stm32f401xe.o(.text)
    RTC_WKUP_IRQHandler                      0x0800040b   Thumb Code     0  startup_stm32f401xe.o(.text)
    SDIO_IRQHandler                          0x0800040b   Thumb Code     0  startup_stm32f401xe.o(.text)
    SPI1_IRQHandler                          0x0800040b   Thumb Code     0  startup_stm32f401xe.o(.text)
    SPI2_IRQHandler                          0x0800040b   Thumb Code     0  startup_stm32f401xe.o(.text)
    SPI4_IRQHandler                          0x0800040b   Thumb Code     0  startup_stm32f401xe.o(.text)
    TAMP_STAMP_IRQHandler                    0x0800040b   Thumb Code     0  startup_stm32f401xe.o(.text)
    TIM1_BRK_TIM9_IRQHandler                 0x0800040b   Thumb Code     0  startup_stm32f401xe.o(.text)
    TIM1_CC_IRQHandler                       0x0800040b   Thumb Code     0  startup_stm32f401xe.o(.text)
    TIM1_TRG_COM_TIM11_IRQHandler            0x0800040b   Thumb Code     0  startup_stm32f401xe.o(.text)
    TIM1_UP_TIM10_IRQHandler                 0x0800040b   Thumb Code     0  startup_stm32f401xe.o(.text)
    TIM2_IRQHandler                          0x0800040b   Thumb Code     0  startup_stm32f401xe.o(.text)
    TIM3_IRQHandler                          0x0800040b   Thumb Code     0  startup_stm32f401xe.o(.text)
    TIM4_IRQHandler                          0x0800040b   Thumb Code     0  startup_stm32f401xe.o(.text)
    TIM5_IRQHandler                          0x0800040b   Thumb Code     0  startup_stm32f401xe.o(.text)
    USART2_IRQHandler                        0x0800040b   Thumb Code     0  startup_stm32f401xe.o(.text)
    USART6_IRQHandler                        0x0800040b   Thumb Code     0  startup_stm32f401xe.o(.text)
    WWDG_IRQHandler                          0x0800040b   Thumb Code     0  startup_stm32f401xe.o(.text)
    __user_initial_stackheap                 0x0800040d   Thumb Code     0  startup_stm32f401xe.o(.text)
    __user_libspace                          0x08000431   Thumb Code     8  libspace.o(.text)
    __user_perproc_libspace                  0x08000431   Thumb Code     0  libspace.o(.text)
    exit                                     0x08000439   Thumb Code    18  exit.o(.text)
    __use_two_region_memory                  0x0800044b   Thumb Code     2  heapauxi.o(.text)
    __rt_heap_escrow$2region                 0x0800044d   Thumb Code     2  heapauxi.o(.text)
    __rt_heap_expand$2region                 0x0800044f   Thumb Code     2  heapauxi.o(.text)
    _sys_exit                                0x08000451   Thumb Code     8  sys_exit.o(.text)
    __user_setup_stackheap                   0x0800045d   Thumb Code    74  sys_stackheap_outer.o(.text)
    __I$use$semihosting                      0x080004a7   Thumb Code     0  use_no_semi.o(.text)
    __use_no_semihosting_swi                 0x080004a7   Thumb Code     2  use_no_semi.o(.text)
    SVC_Count                                0x080004a8   Data           4  svc_table.o(SVC_TABLE)
    __semihosting_library_function           0x080004a9   Thumb Code     0  indicate_semi.o(.text)
    SVC_Table                                0x080004ac   Data           0  svc_table.o(SVC_TABLE)
    DMA2_Stream0_IRQHandler                  0x080006bd   Thumb Code    10  stm32f4xx_it.o(i.DMA2_Stream0_IRQHandler)
    EXTI15_10_IRQHandler                     0x080007e7   Thumb Code    28  stm32f4xx_it.o(i.EXTI15_10_IRQHandler)
    EXTI1_IRQHandler                         0x08000803   Thumb Code    10  stm32f4xx_it.o(i.EXTI1_IRQHandler)
    EXTI2_IRQHandler                         0x0800080d   Thumb Code    10  stm32f4xx_it.o(i.EXTI2_IRQHandler)
    EXTI4_IRQHandler                         0x08000817   Thumb Code    10  stm32f4xx_it.o(i.EXTI4_IRQHandler)
    EncoderRead                              0x08000821   Thumb Code    22  encoderthread.o(i.EncoderRead)
    HAL_ADC_ConfigChannel                    0x0800083d   Thumb Code   386  stm32f4xx_hal_adc.o(i.HAL_ADC_ConfigChannel)
    HAL_ADC_ConvCpltCallback                 0x080009d1   Thumb Code     2  stm32f4xx_hal_adc.o(i.HAL_ADC_ConvCpltCallback)
    HAL_ADC_ConvHalfCpltCallback             0x080009d3   Thumb Code     2  stm32f4xx_hal_adc.o(i.HAL_ADC_ConvHalfCpltCallback)
    HAL_ADC_ErrorCallback                    0x080009d5   Thumb Code     2  stm32f4xx_hal_adc.o(i.HAL_ADC_ErrorCallback)
    HAL_ADC_Init                             0x080009d9   Thumb Code   100  stm32f4xx_hal_adc.o(i.HAL_ADC_Init)
    HAL_ADC_MspInit                          0x08000a41   Thumb Code   136  stm32f4xx_hal_msp.o(i.HAL_ADC_MspInit)
    HAL_ADC_Start_DMA                        0x08000ae1   Thumb Code   300  stm32f4xx_hal_adc.o(i.HAL_ADC_Start_DMA)
    HAL_DMA_Abort_IT                         0x08000c29   Thumb Code    40  stm32f4xx_hal_dma.o(i.HAL_DMA_Abort_IT)
    HAL_DMA_IRQHandler                       0x08000c51   Thumb Code   574  stm32f4xx_hal_dma.o(i.HAL_DMA_IRQHandler)
    HAL_DMA_Init                             0x08000e99   Thumb Code   228  stm32f4xx_hal_dma.o(i.HAL_DMA_Init)
    HAL_DMA_Start_IT                         0x08000f81   Thumb Code   158  stm32f4xx_hal_dma.o(i.HAL_DMA_Start_IT)
    HAL_GPIO_EXTI_Callback                   0x0800101f   Thumb Code     2  stm32f4xx_hal_gpio.o(i.HAL_GPIO_EXTI_Callback)
    HAL_GPIO_EXTI_IRQHandler                 0x08001021   Thumb Code    24  stm32f4xx_hal_gpio.o(i.HAL_GPIO_EXTI_IRQHandler)
    HAL_GPIO_Init                            0x0800103d   Thumb Code   436  stm32f4xx_hal_gpio.o(i.HAL_GPIO_Init)
    HAL_GPIO_WritePin                        0x08001211   Thumb Code    12  stm32f4xx_hal_gpio.o(i.HAL_GPIO_WritePin)
    HAL_GetTick                              0x0800121d   Thumb Code     6  main.o(i.HAL_GetTick)
    HAL_Init                                 0x08001229   Thumb Code    54  stm32f4xx_hal.o(i.HAL_Init)
    HAL_InitTick                             0x08001265   Thumb Code    36  stm32f4xx_hal.o(i.HAL_InitTick)
    HAL_MspInit                              0x0800128d   Thumb Code    86  stm32f4xx_hal_msp.o(i.HAL_MspInit)
    HAL_NVIC_EnableIRQ                       0x080012e3   Thumb Code    26  stm32f4xx_hal_cortex.o(i.HAL_NVIC_EnableIRQ)
    HAL_NVIC_SetPriority                     0x080012fd   Thumb Code   124  stm32f4xx_hal_cortex.o(i.HAL_NVIC_SetPriority)
    HAL_NVIC_SetPriorityGrouping             0x08001379   Thumb Code    32  stm32f4xx_hal_cortex.o(i.HAL_NVIC_SetPriorityGrouping)
    HAL_RCC_ClockConfig                      0x080013a1   Thumb Code   446  stm32f4xx_hal_rcc.o(i.HAL_RCC_ClockConfig)
    HAL_RCC_GetHCLKFreq                      0x08001571   Thumb Code     6  stm32f4xx_hal_rcc.o(i.HAL_RCC_GetHCLKFreq)
    HAL_RCC_GetPCLK1Freq                     0x0800157d   Thumb Code    36  stm32f4xx_hal_rcc.o(i.HAL_RCC_GetPCLK1Freq)
    HAL_RCC_GetPCLK2Freq                     0x080015a9   Thumb Code    36  stm32f4xx_hal_rcc.o(i.HAL_RCC_GetPCLK2Freq)
    HAL_RCC_GetSysClockFreq                  0x080015d5   Thumb Code   168  stm32f4xx_hal_rcc.o(i.HAL_RCC_GetSysClockFreq)
    HAL_RCC_OscConfig                        0x08001689   Thumb Code   906  stm32f4xx_hal_rcc.o(i.HAL_RCC_OscConfig)
    HAL_SPI_ErrorCallback                    0x08001a25   Thumb Code     2  stm32f4xx_hal_spi.o(i.HAL_SPI_ErrorCallback)
    HAL_SPI_IRQHandler                       0x08001a29   Thumb Code   308  stm32f4xx_hal_spi.o(i.HAL_SPI_IRQHandler)
    HAL_SPI_Init                             0x08001b61   Thumb Code   140  stm32f4xx_hal_spi.o(i.HAL_SPI_Init)
    HAL_SPI_MspInit                          0x08001bed   Thumb Code    96  stm32f4xx_hal_msp.o(i.HAL_SPI_MspInit)
    HAL_SYSTICK_CLKSourceConfig              0x08001c59   Thumb Code    40  stm32f4xx_hal_cortex.o(i.HAL_SYSTICK_CLKSourceConfig)
    HAL_SYSTICK_Config                       0x08001c81   Thumb Code    52  stm32f4xx_hal_cortex.o(i.HAL_SYSTICK_Config)
    HAL_UART_ErrorCallback                   0x08001cb5   Thumb Code     2  stm32f4xx_hal_uart.o(i.HAL_UART_ErrorCallback)
    HAL_UART_IRQHandler                      0x08001cb9   Thumb Code   324  stm32f4xx_hal_uart.o(i.HAL_UART_IRQHandler)
    HAL_UART_Init                            0x08001e01   Thumb Code   114  stm32f4xx_hal_uart.o(i.HAL_UART_Init)
    HAL_UART_MspInit                         0x08001e75   Thumb Code   122  stm32f4xx_hal_msp.o(i.HAL_UART_MspInit)
    HAL_UART_Receive_IT                      0x08001f01   Thumb Code   112  stm32f4xx_hal_uart.o(i.HAL_UART_Receive_IT)
    HAL_UART_RxCpltCallback                  0x08001f71   Thumb Code     2  stm32f4xx_hal_uart.o(i.HAL_UART_RxCpltCallback)
    HAL_UART_TxCpltCallback                  0x08001f73   Thumb Code     2  stm32f4xx_hal_uart.o(i.HAL_UART_TxCpltCallback)
    SPI3_IRQHandler                          0x08002325   Thumb Code    10  stm32f4xx_it.o(i.SPI3_IRQHandler)
    StepperControl                           0x08002349   Thumb Code    38  stepperthread.o(i.StepperControl)
    SystemClock_Config                       0x08002379   Thumb Code   202  main.o(i.SystemClock_Config)
    SystemInit                               0x08002481   Thumb Code    82  system_stm32f4xx.o(i.SystemInit)
    USART1_IRQHandler                        0x080029a5   Thumb Code    36  stm32f4xx_it.o(i.USART1_IRQHandler)
    _Error_Handler                           0x080029d5   Thumb Code     4  main.o(i._Error_Handler)
    _init_box                                0x080029d9   Thumb Code    70  rt_membox.o(i._init_box)
    _mutex_acquire                           0x08002a21   Thumb Code    22  rtx_conf_cm.o(i._mutex_acquire)
    _mutex_release                           0x08002a41   Thumb Code    18  rtx_conf_cm.o(i._mutex_release)
    dbg_init                                 0x08002a5d   Thumb Code    34  hal_cm.o(i.dbg_init)
    dbg_task_notify                          0x08002a8d   Thumb Code    32  hal_cm.o(i.dbg_task_notify)
    dbg_task_switch                          0x08002aad   Thumb Code    16  hal_cm.o(i.dbg_task_switch)
    initEncoders                             0x08002abd   Thumb Code    30  encoderthread.o(i.initEncoders)
    initSteppers                             0x08002ae5   Thumb Code    30  stepperthread.o(i.initSteppers)
    isrMessageGet                            0x08002b0d   Thumb Code    42  rt_cmsis.o(i.isrMessageGet)
    isrMessagePut                            0x08002b37   Thumb Code    44  rt_cmsis.o(i.isrMessagePut)
    isr_mbx_receive                          0x08002b65   Thumb Code    82  rt_mailbox.o(i.isr_mbx_receive)
    isr_mbx_send                             0x08002bb7   Thumb Code    14  rt_mailbox.o(i.isr_mbx_send)
    main                                     0x08002bc5   Thumb Code    76  main.o(i.main)
    osKernelInitialize                       0x08002c21   Thumb Code    30  rt_cmsis.o(i.osKernelInitialize)
    osKernelStart                            0x08002c45   Thumb Code    98  rt_cmsis.o(i.osKernelStart)
    osMessageGet                             0x08002cb1   Thumb Code    18  rt_cmsis.o(i.osMessageGet)
    osThreadCreate                           0x08002cc9   Thumb Code    38  rt_cmsis.o(i.osThreadCreate)
    osThreadExit                             0x08002cf9   Thumb Code    14  rt_cmsis.o(i.osThreadExit)
    osThreadYield                            0x08002d11   Thumb Code    18  rt_cmsis.o(i.osThreadYield)
    osTimerCall                              0x08002d29   Thumb Code     8  rt_cmsis.o(i.osTimerCall)
    osTimerThread                            0x08002d35   Thumb Code    38  rt_cmsis.o(i.osTimerThread)
    os_error                                 0x08002d61   Thumb Code    34  rtx_conf_cm.o(i.os_error)
    os_idle_demon                            0x08002d83   Thumb Code     4  rtx_conf_cm.o(i.os_idle_demon)
    os_tick_init                             0x08002d89   Thumb Code    32  rt_system.o(i.os_tick_init)
    os_tick_irqack                           0x08002db1   Thumb Code     2  rt_system.o(i.os_tick_irqack)
    rt_alloc_box                             0x08002db3   Thumb Code    26  rt_membox.o(i.rt_alloc_box)
    rt_alloc_mem                             0x08002dcd   Thumb Code    62  rt_memory.o(i.rt_alloc_mem)
    rt_block                                 0x08002e0d   Thumb Code    48  rt_task.o(i.rt_block)
    rt_chk_robin                             0x08002e45   Thumb Code    60  rt_robin.o(i.rt_chk_robin)
    rt_dec_dly                               0x08002e8d   Thumb Code   102  rt_list.o(i.rt_dec_dly)
    rt_dispatch                              0x08002efd   Thumb Code    60  rt_task.o(i.rt_dispatch)
    rt_evt_psh                               0x08002f41   Thumb Code    76  rt_event.o(i.rt_evt_psh)
    rt_free_box                              0x08002f91   Thumb Code    44  rt_membox.o(i.rt_free_box)
    rt_free_mem                              0x08002fbd   Thumb Code    40  rt_memory.o(i.rt_free_mem)
    rt_get_first                             0x08002fe5   Thumb Code    40  rt_list.o(i.rt_get_first)
    rt_get_same_rdy_prio                     0x0800300d   Thumb Code    26  rt_list.o(i.rt_get_same_rdy_prio)
    rt_init_mem                              0x08003081   Thumb Code    26  rt_memory.o(i.rt_init_mem)
    rt_init_robin                            0x0800309d   Thumb Code    14  rt_robin.o(i.rt_init_robin)
    rt_init_stack                            0x080030b5   Thumb Code   118  hal_cm.o(i.rt_init_stack)
    rt_mbx_check                             0x08003135   Thumb Code     8  rt_mailbox.o(i.rt_mbx_check)
    rt_mbx_init                              0x0800313d   Thumb Code    26  rt_mailbox.o(i.rt_mbx_init)
    rt_mbx_psh                               0x08003159   Thumb Code   236  rt_mailbox.o(i.rt_mbx_psh)
    rt_mbx_wait                              0x08003249   Thumb Code   174  rt_mailbox.o(i.rt_mbx_wait)
    rt_mut_release                           0x08003341   Thumb Code   208  rt_mutex.o(i.rt_mut_release)
    rt_mut_wait                              0x08003419   Thumb Code   100  rt_mutex.o(i.rt_mut_wait)
    rt_pop_req                               0x08003481   Thumb Code   112  rt_system.o(i.rt_pop_req)
    rt_psh_req                               0x080034fd   Thumb Code    22  rt_system.o(i.rt_psh_req)
    rt_psq_enq                               0x0800351d   Thumb Code    88  rt_list.o(i.rt_psq_enq)
    rt_put_dly                               0x08003579   Thumb Code    68  rt_list.o(i.rt_put_dly)
    rt_put_prio                              0x080035c1   Thumb Code    54  rt_list.o(i.rt_put_prio)
    rt_put_rdy_first                         0x080035f9   Thumb Code    14  rt_list.o(i.rt_put_rdy_first)
    rt_resort_prio                           0x0800360d   Thumb Code    46  rt_list.o(i.rt_resort_prio)
    rt_ret_val                               0x08003651   Thumb Code    12  hal_cm.o(i.rt_ret_val)
    rt_ret_val2                              0x0800365d   Thumb Code    16  hal_cm.o(i.rt_ret_val2)
    rt_rmv_dly                               0x0800366d   Thumb Code    40  rt_list.o(i.rt_rmv_dly)
    rt_rmv_list                              0x08003695   Thumb Code    44  rt_list.o(i.rt_rmv_list)
    rt_sem_psh                               0x080036c5   Thumb Code    48  rt_semaphore.o(i.rt_sem_psh)
    rt_stk_check                             0x080036f9   Thumb Code    28  rt_system.o(i.rt_stk_check)
    rt_switch_req                            0x0800371d   Thumb Code    30  rt_task.o(i.rt_switch_req)
    rt_sys_init                              0x08003745   Thumb Code   138  rt_task.o(i.rt_sys_init)
    rt_sys_start                             0x08003811   Thumb Code   110  rt_task.o(i.rt_sys_start)
    rt_systick                               0x08003889   Thumb Code    50  rt_system.o(i.rt_systick)
    rt_tsk_create                            0x08003911   Thumb Code   118  rt_task.o(i.rt_tsk_create)
    rt_tsk_delete                            0x08003999   Thumb Code   352  rt_task.o(i.rt_tsk_delete)
    rt_tsk_pass                              0x08003b15   Thumb Code    38  rt_task.o(i.rt_tsk_pass)
    rt_tsk_prio                              0x08003b45   Thumb Code   108  rt_task.o(i.rt_tsk_prio)
    rt_tsk_self                              0x08003bc1   Thumb Code    12  rt_task.o(i.rt_tsk_self)
    svcKernelInitialize                      0x08003bd1   Thumb Code    80  rt_cmsis.o(i.svcKernelInitialize)
    svcKernelStart                           0x08003c41   Thumb Code    62  rt_cmsis.o(i.svcKernelStart)
    svcMessageCreate                         0x08003c89   Thumb Code    36  rt_cmsis.o(i.svcMessageCreate)
    svcMessageGet                            0x08003cad   Thumb Code    58  rt_cmsis.o(i.svcMessageGet)
    svcThreadCreate                          0x08003ce9   Thumb Code   100  rt_cmsis.o(i.svcThreadCreate)
    svcThreadGetId                           0x08003d59   Thumb Code    22  rt_cmsis.o(i.svcThreadGetId)
    svcThreadTerminate                       0x08003d75   Thumb Code    50  rt_cmsis.o(i.svcThreadTerminate)
    svcThreadYield                           0x08003dad   Thumb Code    10  rt_cmsis.o(i.svcThreadYield)
    svcTimerCall                             0x08003db7   Thumb Code    24  rt_cmsis.o(i.svcTimerCall)
    sysTimerTick                             0x08003dd1   Thumb Code    84  rt_cmsis.o(i.sysTimerTick)
    _fp_init                                 0x08003e2d   Thumb Code    10  fpinit.o(x$fpl$fpinit)
    __fplib_config_fpu_vfp                   0x08003e35   Thumb Code     0  fpinit.o(x$fpl$fpinit)
    __fplib_config_pureend_doubles           0x08003e35   Thumb Code     0  fpinit.o(x$fpl$fpinit)
    os_thread_def_EncoderRead                0x08003e38   Data          16  encoderthread.o(.constdata)
    os_thread_def_StepperControl             0x08003e48   Data          16  stepperthread.o(.constdata)
    os_maxtaskrun                            0x08003e58   Data           2  rtx_conf_cm.o(.constdata)
    os_stackinfo                             0x08003e5c   Data           4  rtx_conf_cm.o(.constdata)
    os_rrobin                                0x08003e60   Data           4  rtx_conf_cm.o(.constdata)
    os_tickfreq                              0x08003e64   Data           4  rtx_conf_cm.o(.constdata)
    os_tickus_i                              0x08003e68   Data           2  rtx_conf_cm.o(.constdata)
    os_tickus_f                              0x08003e6a   Data           2  rtx_conf_cm.o(.constdata)
    os_trv                                   0x08003e6c   Data           4  rtx_conf_cm.o(.constdata)
    os_flags                                 0x08003e70   Data           1  rtx_conf_cm.o(.constdata)
    CMSIS_RTOS_API_Version                   0x08003e74   Data           4  rtx_conf_cm.o(.constdata)
    CMSIS_RTOS_RTX_Version                   0x08003e78   Data           4  rtx_conf_cm.o(.constdata)
    os_clockrate                             0x08003e7c   Data           4  rtx_conf_cm.o(.constdata)
    os_timernum                              0x08003e80   Data           4  rtx_conf_cm.o(.constdata)
    mp_tcb_size                              0x08003e84   Data           2  rtx_conf_cm.o(.constdata)
    mp_stk_size                              0x08003e88   Data           4  rtx_conf_cm.o(.constdata)
    os_stack_sz                              0x08003e8c   Data           4  rtx_conf_cm.o(.constdata)
    os_fifo_size                             0x08003e90   Data           1  rtx_conf_cm.o(.constdata)
    os_thread_def_osTimerThread              0x08003e94   Data          16  rtx_conf_cm.o(.constdata)
    os_messageQ_def_osTimerMessageQ          0x08003ea4   Data           8  rtx_conf_cm.o(.constdata)
    mp_tmr_size                              0x08003eac   Data           2  rtx_conf_cm.o(.constdata)
    APBAHBPrescTable                         0x08003eb6   Data          16  stm32f4xx_hal_rcc.o(.constdata)
    Region$$Table$$Base                      0x08003f48   Number         0  anon$$obj.o(Region$$Table)
    Region$$Table$$Limit                     0x08003f68   Number         0  anon$$obj.o(Region$$Table)
    tid_EncoderRead                          0x20000000   Data           4  encoderthread.o(.data)
    tid_StepperControl                       0x20000004   Data           4  stepperthread.o(.data)
    rxBuf                                    0x20000008   Data           1  main.o(.data)
    pigStatus                                0x2000000c   Data           4  main.o(.data)
    pigShutdown                              0x20000010   Data           4  main.o(.data)
    osThreadId_osTimerThread                 0x20000014   Data           4  rtx_conf_cm.o(.data)
    osMessageQId_osTimerMessageQ             0x20000018   Data           4  rtx_conf_cm.o(.data)
    os_tmr                                   0x2000001c   Data           4  rtx_conf_cm.o(.data)
    m_tmr                                    0x20000020   Data           4  rtx_conf_cm.o(.data)
    os_thread_def_main                       0x20000028   Data          16  rtx_conf_cm.o(.data)
    SystemCoreClock                          0x20000038   Data           4  system_stm32f4xx.o(.data)
    os_initialized                           0x2000003c   Data           1  rt_cmsis.o(.data)
    os_running                               0x2000003d   Data           1  rt_cmsis.o(.data)
    os_timer_head                            0x20000040   Data           4  rt_cmsis.o(.data)
    os_tsk                                   0x20000044   Data           8  rt_task.o(.data)
    os_time                                  0x2000004c   Data           4  rt_time.o(.data)
    os_tick_irqn                             0x20000054   Data           4  rt_system.o(.data)
    os_robin                                 0x20000058   Data           8  rt_robin.o(.data)
    dbg_msg                                  0x20000060   Data           1  hal_cm.o(.data)
    hadc1                                    0x20000064   Data          72  main.o(.bss)
    hdma_adc1                                0x200000ac   Data          96  main.o(.bss)
    hspi3                                    0x2000010c   Data          88  main.o(.bss)
    huart1                                   0x20000164   Data          64  main.o(.bss)
    ADC_Buffer                               0x200001a4   Data          12  main.o(.bss)
    mp_tcb                                   0x200001b0   Data         376  rtx_conf_cm.o(.bss)
    mp_stk                                   0x20000328   Data        6160  rtx_conf_cm.o(.bss)
    os_stack_mem                             0x20001b38   Data         432  rtx_conf_cm.o(.bss)
    os_fifo                                  0x20001ce8   Data         132  rtx_conf_cm.o(.bss)
    os_active_TCB                            0x20001d6c   Data          28  rtx_conf_cm.o(.bss)
    os_messageQ_q_osTimerMessageQ            0x20001d88   Data          32  rtx_conf_cm.o(.bss)
    os_idle_TCB                              0x200020c8   Data          52  rt_task.o(.bss)
    os_rdy                                   0x200020fc   Data          24  rt_list.o(.bss)
    os_dly                                   0x20002114   Data          24  rt_list.o(.bss)
    __libspace_start                         0x2000212c   Data          96  libspace.o(.bss)
    __temporary_stack_top$libspace           0x2000218c   Data           0  libspace.o(.bss)



==============================================================================

Memory Map of the image

  Image Entry point : 0x080003f1

  Load Region LR_1 (Base: 0x08000000, Size: 0x00003fcc, Max: 0xffffffff, ABSOLUTE)

    Execution Region ER_RO (Base: 0x08000000, Size: 0x00003f68, Max: 0xffffffff, ABSOLUTE)

    Base Addr    Size         Type   Attr      Idx    E Section Name        Object

    0x08000000   0x00000194   Data   RO         1800    RESET               startup_stm32f401xe.o
    0x08000194   0x00000008   Code   RO         3339  * !!!main             c_w.l(__main.o)
    0x0800019c   0x00000034   Code   RO         3500    !!!scatter          c_w.l(__scatter.o)
    0x080001d0   0x0000001a   Code   RO         3502    !!handler_copy      c_w.l(__scatter_copy.o)
    0x080001ea   0x00000002   PAD
    0x080001ec   0x0000001c   Code   RO         3504    !!handler_zi        c_w.l(__scatter_zi.o)
    0x08000208   0x00000002   Code   RO         3386    .ARM.Collect$$libinit$$00000000  c_w.l(libinit.o)
    0x0800020a   0x00000004   Code   RO         3397    .ARM.Collect$$libinit$$00000001  c_w.l(libinit2.o)
    0x0800020e   0x00000000   Code   RO         3400    .ARM.Collect$$libinit$$00000004  c_w.l(libinit2.o)
    0x0800020e   0x00000000   Code   RO         3403    .ARM.Collect$$libinit$$0000000A  c_w.l(libinit2.o)
    0x0800020e   0x00000000   Code   RO         3405    .ARM.Collect$$libinit$$0000000C  c_w.l(libinit2.o)
    0x0800020e   0x00000000   Code   RO         3407    .ARM.Collect$$libinit$$0000000E  c_w.l(libinit2.o)
    0x0800020e   0x00000000   Code   RO         3410    .ARM.Collect$$libinit$$00000011  c_w.l(libinit2.o)
    0x0800020e   0x00000000   Code   RO         3412    .ARM.Collect$$libinit$$00000013  c_w.l(libinit2.o)
    0x0800020e   0x00000000   Code   RO         3414    .ARM.Collect$$libinit$$00000015  c_w.l(libinit2.o)
    0x0800020e   0x00000000   Code   RO         3416    .ARM.Collect$$libinit$$00000017  c_w.l(libinit2.o)
    0x0800020e   0x00000000   Code   RO         3418    .ARM.Collect$$libinit$$00000019  c_w.l(libinit2.o)
    0x0800020e   0x00000000   Code   RO         3420    .ARM.Collect$$libinit$$0000001B  c_w.l(libinit2.o)
    0x0800020e   0x00000000   Code   RO         3422    .ARM.Collect$$libinit$$0000001D  c_w.l(libinit2.o)
    0x0800020e   0x00000000   Code   RO         3424    .ARM.Collect$$libinit$$0000001F  c_w.l(libinit2.o)
    0x0800020e   0x00000000   Code   RO         3426    .ARM.Collect$$libinit$$00000021  c_w.l(libinit2.o)
    0x0800020e   0x00000000   Code   RO         3428    .ARM.Collect$$libinit$$00000023  c_w.l(libinit2.o)
    0x0800020e   0x00000000   Code   RO         3430    .ARM.Collect$$libinit$$00000025  c_w.l(libinit2.o)
    0x0800020e   0x00000000   Code   RO         3434    .ARM.Collect$$libinit$$0000002C  c_w.l(libinit2.o)
    0x0800020e   0x00000000   Code   RO         3436    .ARM.Collect$$libinit$$0000002E  c_w.l(libinit2.o)
    0x0800020e   0x00000000   Code   RO         3438    .ARM.Collect$$libinit$$00000030  c_w.l(libinit2.o)
    0x0800020e   0x00000000   Code   RO         3440    .ARM.Collect$$libinit$$00000032  c_w.l(libinit2.o)
    0x0800020e   0x00000002   Code   RO         3441    .ARM.Collect$$libinit$$00000033  c_w.l(libinit2.o)
    0x08000210   0x00000002   Code   RO         3387    .ARM.Collect$$libshutdown$$00000000  c_w.l(libshutdown.o)
    0x08000212   0x00000000   Code   RO         3443    .ARM.Collect$$libshutdown$$00000002  c_w.l(libshutdown2.o)
    0x08000212   0x00000000   Code   RO         3445    .ARM.Collect$$libshutdown$$00000004  c_w.l(libshutdown2.o)
    0x08000212   0x00000000   Code   RO         3448    .ARM.Collect$$libshutdown$$00000007  c_w.l(libshutdown2.o)
    0x08000212   0x00000000   Code   RO         3451    .ARM.Collect$$libshutdown$$0000000A  c_w.l(libshutdown2.o)
    0x08000212   0x00000000   Code   RO         3453    .ARM.Collect$$libshutdown$$0000000C  c_w.l(libshutdown2.o)
    0x08000212   0x00000000   Code   RO         3456    .ARM.Collect$$libshutdown$$0000000F  c_w.l(libshutdown2.o)
    0x08000212   0x00000002   Code   RO         3457    .ARM.Collect$$libshutdown$$00000010  c_w.l(libshutdown2.o)
    0x08000214   0x00000000   Code   RO         3341    .ARM.Collect$$rtentry$$00000000  c_w.l(__rtentry.o)
    0x08000214   0x00000000   Code   RO         3349    .ARM.Collect$$rtentry$$00000002  c_w.l(__rtentry2.o)
    0x08000214   0x00000006   Code   RO         3361    .ARM.Collect$$rtentry$$00000004  c_w.l(__rtentry4.o)
    0x0800021a   0x00000000   Code   RO         3351    .ARM.Collect$$rtentry$$00000009  c_w.l(__rtentry2.o)
    0x0800021a   0x00000004   Code   RO         3352    .ARM.Collect$$rtentry$$0000000A  c_w.l(__rtentry2.o)
    0x0800021e   0x00000008   Code   RO         3353    .ARM.Collect$$rtentry$$0000000B  c_w.l(__rtentry2.o)
    0x08000226   0x00000008   Code   RO         3355    .ARM.Collect$$rtentry$$0000000D  c_w.l(__rtentry2.o)
    0x0800022e   0x00000002   Code   RO         3342    .ARM.Collect$$rtexit$$00000000  c_w.l(rtexit.o)
    0x08000230   0x00000000   Code   RO         3364    .ARM.Collect$$rtexit$$00000002  c_w.l(rtexit2.o)
    0x08000230   0x00000004   Code   RO         3365    .ARM.Collect$$rtexit$$00000003  c_w.l(rtexit2.o)
    0x08000234   0x00000006   Code   RO         3366    .ARM.Collect$$rtexit$$00000004  c_w.l(rtexit2.o)
    0x0800023a   0x00000002   PAD
    0x0800023c   0x0000001c   Code   RO          316    .emb_text           rtx_conf_cm.o
    0x08000258   0x00000198   Code   RO         3315    .emb_text           RTX_CM4.lib(hal_cm4.o)
    0x080003f0   0x00000040   Code   RO         1801  * .text               startup_stm32f401xe.o
    0x08000430   0x00000008   Code   RO         3330    .text               c_w.l(libspace.o)
    0x08000438   0x00000012   Code   RO         3335    .text               c_w.l(exit.o)
    0x0800044a   0x00000006   Code   RO         3337    .text               c_w.l(heapauxi.o)
    0x08000450   0x0000000c   Code   RO         3372    .text               c_w.l(sys_exit.o)
    0x0800045c   0x0000004a   Code   RO         3374    .text               c_w.l(sys_stackheap_outer.o)
    0x080004a6   0x00000002   Code   RO         3388    .text               c_w.l(use_no_semi.o)
    0x080004a8   0x00000000   Code   RO         3390    .text               c_w.l(indicate_semi.o)
    0x080004a8   0x00000004   Code   RO         3325    SVC_TABLE           RTX_CM4.lib(svc_table.o)
    0x080004ac   0x0000006e   Code   RO          527    i.ADC_DMAConvCplt   stm32f4xx_hal_adc.o
    0x0800051a   0x0000001a   Code   RO          528    i.ADC_DMAError      stm32f4xx_hal_adc.o
    0x08000534   0x0000000e   Code   RO          529    i.ADC_DMAHalfConvCplt  stm32f4xx_hal_adc.o
    0x08000542   0x00000002   PAD
    0x08000544   0x00000178   Code   RO          530    i.ADC_Init          stm32f4xx_hal_adc.o
    0x080006bc   0x00000010   Code   RO          255    i.DMA2_Stream0_IRQHandler  stm32f4xx_it.o
    0x080006cc   0x00000034   Code   RO          930    i.DMA_CalcBaseAndBitshift  stm32f4xx_hal_dma.o
    0x08000700   0x000000ba   Code   RO          931    i.DMA_CheckFifoParam  stm32f4xx_hal_dma.o
    0x080007ba   0x0000002c   Code   RO          932    i.DMA_SetConfig     stm32f4xx_hal_dma.o
    0x080007e6   0x0000001c   Code   RO          256    i.EXTI15_10_IRQHandler  stm32f4xx_it.o
    0x08000802   0x0000000a   Code   RO          257    i.EXTI1_IRQHandler  stm32f4xx_it.o
    0x0800080c   0x0000000a   Code   RO          258    i.EXTI2_IRQHandler  stm32f4xx_it.o
    0x08000816   0x0000000a   Code   RO          259    i.EXTI4_IRQHandler  stm32f4xx_it.o
    0x08000820   0x0000001c   Code   RO            4    i.EncoderRead       encoderthread.o
    0x0800083c   0x00000194   Code   RO          532    i.HAL_ADC_ConfigChannel  stm32f4xx_hal_adc.o
    0x080009d0   0x00000002   Code   RO          533    i.HAL_ADC_ConvCpltCallback  stm32f4xx_hal_adc.o
    0x080009d2   0x00000002   Code   RO          534    i.HAL_ADC_ConvHalfCpltCallback  stm32f4xx_hal_adc.o
    0x080009d4   0x00000002   Code   RO          536    i.HAL_ADC_ErrorCallback  stm32f4xx_hal_adc.o
    0x080009d6   0x00000002   PAD
    0x080009d8   0x00000068   Code   RO          541    i.HAL_ADC_Init      stm32f4xx_hal_adc.o
    0x08000a40   0x000000a0   Code   RO         1740    i.HAL_ADC_MspInit   stm32f4xx_hal_msp.o
    0x08000ae0   0x00000148   Code   RO          548    i.HAL_ADC_Start_DMA  stm32f4xx_hal_adc.o
    0x08000c28   0x00000028   Code   RO          934    i.HAL_DMA_Abort_IT  stm32f4xx_hal_dma.o
    0x08000c50   0x00000248   Code   RO          938    i.HAL_DMA_IRQHandler  stm32f4xx_hal_dma.o
    0x08000e98   0x000000e8   Code   RO          939    i.HAL_DMA_Init      stm32f4xx_hal_dma.o
    0x08000f80   0x0000009e   Code   RO          943    i.HAL_DMA_Start_IT  stm32f4xx_hal_dma.o
    0x0800101e   0x00000002   Code   RO         1078    i.HAL_GPIO_EXTI_Callback  stm32f4xx_hal_gpio.o
    0x08001020   0x0000001c   Code   RO         1079    i.HAL_GPIO_EXTI_IRQHandler  stm32f4xx_hal_gpio.o
    0x0800103c   0x000001d4   Code   RO         1080    i.HAL_GPIO_Init     stm32f4xx_hal_gpio.o
    0x08001210   0x0000000c   Code   RO         1084    i.HAL_GPIO_WritePin  stm32f4xx_hal_gpio.o
    0x0800121c   0x0000000c   Code   RO          180    i.HAL_GetTick       main.o
    0x08001228   0x0000003c   Code   RO          395    i.HAL_Init          stm32f4xx_hal.o
    0x08001264   0x00000028   Code   RO          396    i.HAL_InitTick      stm32f4xx_hal.o
    0x0800128c   0x00000056   Code   RO         1741    i.HAL_MspInit       stm32f4xx_hal_msp.o
    0x080012e2   0x0000001a   Code   RO          805    i.HAL_NVIC_EnableIRQ  stm32f4xx_hal_cortex.o
    0x080012fc   0x0000007c   Code   RO          811    i.HAL_NVIC_SetPriority  stm32f4xx_hal_cortex.o
    0x08001378   0x00000028   Code   RO          812    i.HAL_NVIC_SetPriorityGrouping  stm32f4xx_hal_cortex.o
    0x080013a0   0x000001d0   Code   RO         1342    i.HAL_RCC_ClockConfig  stm32f4xx_hal_rcc.o
    0x08001570   0x0000000c   Code   RO         1347    i.HAL_RCC_GetHCLKFreq  stm32f4xx_hal_rcc.o
    0x0800157c   0x0000002c   Code   RO         1349    i.HAL_RCC_GetPCLK1Freq  stm32f4xx_hal_rcc.o
    0x080015a8   0x0000002c   Code   RO         1350    i.HAL_RCC_GetPCLK2Freq  stm32f4xx_hal_rcc.o
    0x080015d4   0x000000b4   Code   RO         1351    i.HAL_RCC_GetSysClockFreq  stm32f4xx_hal_rcc.o
    0x08001688   0x0000039c   Code   RO         1354    i.HAL_RCC_OscConfig  stm32f4xx_hal_rcc.o
    0x08001a24   0x00000002   Code   RO         1847    i.HAL_SPI_ErrorCallback  stm32f4xx_hal_spi.o
    0x08001a26   0x00000002   PAD
    0x08001a28   0x00000138   Code   RO         1850    i.HAL_SPI_IRQHandler  stm32f4xx_hal_spi.o
    0x08001b60   0x0000008c   Code   RO         1851    i.HAL_SPI_Init      stm32f4xx_hal_spi.o
    0x08001bec   0x0000006c   Code   RO         1743    i.HAL_SPI_MspInit   stm32f4xx_hal_msp.o
    0x08001c58   0x00000028   Code   RO          814    i.HAL_SYSTICK_CLKSourceConfig  stm32f4xx_hal_cortex.o
    0x08001c80   0x00000034   Code   RO          816    i.HAL_SYSTICK_Config  stm32f4xx_hal_cortex.o
    0x08001cb4   0x00000002   Code   RO         1494    i.HAL_UART_ErrorCallback  stm32f4xx_hal_uart.o
    0x08001cb6   0x00000002   PAD
    0x08001cb8   0x00000148   Code   RO         1497    i.HAL_UART_IRQHandler  stm32f4xx_hal_uart.o
    0x08001e00   0x00000072   Code   RO         1498    i.HAL_UART_Init     stm32f4xx_hal_uart.o
    0x08001e72   0x00000002   PAD
    0x08001e74   0x0000008c   Code   RO         1745    i.HAL_UART_MspInit  stm32f4xx_hal_msp.o
    0x08001f00   0x00000070   Code   RO         1503    i.HAL_UART_Receive_IT  stm32f4xx_hal_uart.o
    0x08001f70   0x00000002   Code   RO         1504    i.HAL_UART_RxCpltCallback  stm32f4xx_hal_uart.o
    0x08001f72   0x00000002   Code   RO         1509    i.HAL_UART_TxCpltCallback  stm32f4xx_hal_uart.o
    0x08001f74   0x000000dc   Code   RO          181    i.MX_ADC1_Init      main.o
    0x08002050   0x00000038   Code   RO          182    i.MX_DMA_Init       main.o
    0x08002088   0x0000017c   Code   RO          183    i.MX_GPIO_Init      main.o
    0x08002204   0x00000078   Code   RO          184    i.MX_SPI3_Init      main.o
    0x0800227c   0x00000070   Code   RO          185    i.MX_USART1_UART_Init  main.o
    0x080022ec   0x00000010   Code   RO          818    i.NVIC_GetPriorityGrouping  stm32f4xx_hal_cortex.o
    0x080022fc   0x00000028   Code   RO          819    i.NVIC_SetPriority  stm32f4xx_hal_cortex.o
    0x08002324   0x00000010   Code   RO          260    i.SPI3_IRQHandler   stm32f4xx_it.o
    0x08002334   0x00000014   Code   RO         1877    i.SPI_DMAAbortOnError  stm32f4xx_hal_spi.o
    0x08002348   0x00000030   Code   RO          145    i.StepperControl    stepperthread.o
    0x08002378   0x00000108   Code   RO          186    i.SystemClock_Config  main.o
    0x08002480   0x00000064   Code   RO         1809    i.SystemInit        system_stm32f4xx.o
    0x080024e4   0x00000014   Code   RO         1511    i.UART_DMAAbortOnError  stm32f4xx_hal_uart.o
    0x080024f8   0x00000020   Code   RO         1517    i.UART_EndRxTransfer  stm32f4xx_hal_uart.o
    0x08002518   0x00000020   Code   RO         1518    i.UART_EndTransmit_IT  stm32f4xx_hal_uart.o
    0x08002538   0x0000009a   Code   RO         1520    i.UART_Receive_IT   stm32f4xx_hal_uart.o
    0x080025d2   0x00000002   PAD
    0x080025d4   0x00000368   Code   RO         1521    i.UART_SetConfig    stm32f4xx_hal_uart.o
    0x0800293c   0x00000068   Code   RO         1522    i.UART_Transmit_IT  stm32f4xx_hal_uart.o
    0x080029a4   0x00000030   Code   RO          261    i.USART1_IRQHandler  stm32f4xx_it.o
    0x080029d4   0x00000004   Code   RO          187    i._Error_Handler    main.o
    0x080029d8   0x00000046   Code   RO         3209    i._init_box         RTX_CM4.lib(rt_membox.o)
    0x08002a1e   0x00000002   PAD
    0x08002a20   0x00000020   Code   RO          318    i._mutex_acquire    rtx_conf_cm.o
    0x08002a40   0x0000001c   Code   RO          320    i._mutex_release    rtx_conf_cm.o
    0x08002a5c   0x00000030   Code   RO         3262    i.dbg_init          RTX_CM4.lib(hal_cm.o)
    0x08002a8c   0x00000020   Code   RO         3263    i.dbg_task_notify   RTX_CM4.lib(hal_cm.o)
    0x08002aac   0x00000010   Code   RO         3264    i.dbg_task_switch   RTX_CM4.lib(hal_cm.o)
    0x08002abc   0x00000028   Code   RO            5    i.initEncoders      encoderthread.o
    0x08002ae4   0x00000028   Code   RO          146    i.initSteppers      stepperthread.o
    0x08002b0c   0x0000002a   Code   RO         2112    i.isrMessageGet     RTX_CM4.lib(rt_cmsis.o)
    0x08002b36   0x0000002c   Code   RO         2113    i.isrMessagePut     RTX_CM4.lib(rt_cmsis.o)
    0x08002b62   0x00000002   PAD
    0x08002b64   0x00000052   Code   RO         3097    i.isr_mbx_receive   RTX_CM4.lib(rt_mailbox.o)
    0x08002bb6   0x0000000e   Code   RO         3098    i.isr_mbx_send      RTX_CM4.lib(rt_mailbox.o)
    0x08002bc4   0x0000005c   Code   RO          188    i.main              main.o
    0x08002c20   0x00000024   Code   RO         2117    i.osKernelInitialize  RTX_CM4.lib(rt_cmsis.o)
    0x08002c44   0x0000006c   Code   RO         2119    i.osKernelStart     RTX_CM4.lib(rt_cmsis.o)
    0x08002cb0   0x00000018   Code   RO         2128    i.osMessageGet      RTX_CM4.lib(rt_cmsis.o)
    0x08002cc8   0x00000030   Code   RO         2145    i.osThreadCreate    RTX_CM4.lib(rt_cmsis.o)
    0x08002cf8   0x00000018   Code   RO         2146    i.osThreadExit      RTX_CM4.lib(rt_cmsis.o)
    0x08002d10   0x00000018   Code   RO         2151    i.osThreadYield     RTX_CM4.lib(rt_cmsis.o)
    0x08002d28   0x0000000c   Code   RO         2152    i.osTimerCall       RTX_CM4.lib(rt_cmsis.o)
    0x08002d34   0x0000002c   Code   RO         2157    i.osTimerThread     RTX_CM4.lib(rt_cmsis.o)
    0x08002d60   0x00000022   Code   RO          321    i.os_error          rtx_conf_cm.o
    0x08002d82   0x00000004   Code   RO          322    i.os_idle_demon     rtx_conf_cm.o
    0x08002d86   0x00000002   PAD
    0x08002d88   0x00000028   Code   RO         2889    i.os_tick_init      RTX_CM4.lib(rt_system.o)
    0x08002db0   0x00000002   Code   RO         2890    i.os_tick_irqack    RTX_CM4.lib(rt_system.o)
    0x08002db2   0x0000001a   Code   RO         3210    i.rt_alloc_box      RTX_CM4.lib(rt_membox.o)
    0x08002dcc   0x0000003e   Code   RO         3238    i.rt_alloc_mem      RTX_CM4.lib(rt_memory.o)
    0x08002e0a   0x00000002   PAD
    0x08002e0c   0x00000038   Code   RO         2737    i.rt_block          RTX_CM4.lib(rt_task.o)
    0x08002e44   0x00000048   Code   RO         3187    i.rt_chk_robin      RTX_CM4.lib(rt_robin.o)
    0x08002e8c   0x00000070   Code   RO         3021    i.rt_dec_dly        RTX_CM4.lib(rt_list.o)
    0x08002efc   0x00000044   Code   RO         2738    i.rt_dispatch       RTX_CM4.lib(rt_task.o)
    0x08002f40   0x00000050   Code   RO         2982    i.rt_evt_psh        RTX_CM4.lib(rt_event.o)
    0x08002f90   0x0000002c   Code   RO         3211    i.rt_free_box       RTX_CM4.lib(rt_membox.o)
    0x08002fbc   0x00000028   Code   RO         3239    i.rt_free_mem       RTX_CM4.lib(rt_memory.o)
    0x08002fe4   0x00000028   Code   RO         3022    i.rt_get_first      RTX_CM4.lib(rt_list.o)
    0x0800300c   0x00000024   Code   RO         3023    i.rt_get_same_rdy_prio  RTX_CM4.lib(rt_list.o)
    0x08003030   0x00000008   Code   RO         2162    i.rt_id2obj         RTX_CM4.lib(rt_cmsis.o)
    0x08003038   0x00000048   Code   RO         2739    i.rt_init_context   RTX_CM4.lib(rt_task.o)
    0x08003080   0x0000001a   Code   RO         3240    i.rt_init_mem       RTX_CM4.lib(rt_memory.o)
    0x0800309a   0x00000002   PAD
    0x0800309c   0x00000018   Code   RO         3188    i.rt_init_robin     RTX_CM4.lib(rt_robin.o)
    0x080030b4   0x00000080   Code   RO         3265    i.rt_init_stack     RTX_CM4.lib(hal_cm.o)
    0x08003134   0x00000008   Code   RO         3099    i.rt_mbx_check      RTX_CM4.lib(rt_mailbox.o)
    0x0800313c   0x0000001a   Code   RO         3100    i.rt_mbx_init       RTX_CM4.lib(rt_mailbox.o)
    0x08003156   0x00000002   PAD
    0x08003158   0x000000f0   Code   RO         3101    i.rt_mbx_psh        RTX_CM4.lib(rt_mailbox.o)
    0x08003248   0x000000b4   Code   RO         3103    i.rt_mbx_wait       RTX_CM4.lib(rt_mailbox.o)
    0x080032fc   0x00000044   Code   RO         2163    i.rt_ms2tick        RTX_CM4.lib(rt_cmsis.o)
    0x08003340   0x000000d8   Code   RO         2856    i.rt_mut_release    RTX_CM4.lib(rt_mutex.o)
    0x08003418   0x00000068   Code   RO         2857    i.rt_mut_wait       RTX_CM4.lib(rt_mutex.o)
    0x08003480   0x0000007c   Code   RO         2893    i.rt_pop_req        RTX_CM4.lib(rt_system.o)
    0x080034fc   0x00000020   Code   RO         2894    i.rt_psh_req        RTX_CM4.lib(rt_system.o)
    0x0800351c   0x0000005c   Code   RO         3024    i.rt_psq_enq        RTX_CM4.lib(rt_list.o)
    0x08003578   0x00000048   Code   RO         3025    i.rt_put_dly        RTX_CM4.lib(rt_list.o)
    0x080035c0   0x00000036   Code   RO         3026    i.rt_put_prio       RTX_CM4.lib(rt_list.o)
    0x080035f6   0x00000002   PAD
    0x080035f8   0x00000014   Code   RO         3027    i.rt_put_rdy_first  RTX_CM4.lib(rt_list.o)
    0x0800360c   0x00000034   Code   RO         3028    i.rt_resort_prio    RTX_CM4.lib(rt_list.o)
    0x08003640   0x00000010   Code   RO         3266    i.rt_ret_regs       RTX_CM4.lib(hal_cm.o)
    0x08003650   0x0000000c   Code   RO         3267    i.rt_ret_val        RTX_CM4.lib(hal_cm.o)
    0x0800365c   0x00000010   Code   RO         3268    i.rt_ret_val2       RTX_CM4.lib(hal_cm.o)
    0x0800366c   0x00000028   Code   RO         3029    i.rt_rmv_dly        RTX_CM4.lib(rt_list.o)
    0x08003694   0x00000030   Code   RO         3030    i.rt_rmv_list       RTX_CM4.lib(rt_list.o)
    0x080036c4   0x00000034   Code   RO         3148    i.rt_sem_psh        RTX_CM4.lib(rt_semaphore.o)
    0x080036f8   0x00000024   Code   RO         2896    i.rt_stk_check      RTX_CM4.lib(rt_system.o)
    0x0800371c   0x00000028   Code   RO         2740    i.rt_switch_req     RTX_CM4.lib(rt_task.o)
    0x08003744   0x000000cc   Code   RO         2741    i.rt_sys_init       RTX_CM4.lib(rt_task.o)
    0x08003810   0x00000078   Code   RO         2742    i.rt_sys_start      RTX_CM4.lib(rt_task.o)
    0x08003888   0x00000040   Code   RO         2898    i.rt_systick        RTX_CM4.lib(rt_system.o)
    0x080038c8   0x00000012   Code   RO         2164    i.rt_tid2ptcb       RTX_CM4.lib(rt_cmsis.o)
    0x080038da   0x00000002   PAD
    0x080038dc   0x00000034   Code   RO         2165    i.rt_timer_insert   RTX_CM4.lib(rt_cmsis.o)
    0x08003910   0x00000088   Code   RO         2743    i.rt_tsk_create     RTX_CM4.lib(rt_task.o)
    0x08003998   0x0000017c   Code   RO         2744    i.rt_tsk_delete     RTX_CM4.lib(rt_task.o)
    0x08003b14   0x00000030   Code   RO         2745    i.rt_tsk_pass       RTX_CM4.lib(rt_task.o)
    0x08003b44   0x0000007c   Code   RO         2746    i.rt_tsk_prio       RTX_CM4.lib(rt_task.o)
    0x08003bc0   0x00000010   Code   RO         2747    i.rt_tsk_self       RTX_CM4.lib(rt_task.o)
    0x08003bd0   0x00000070   Code   RO         2168    i.svcKernelInitialize  RTX_CM4.lib(rt_cmsis.o)
    0x08003c40   0x00000048   Code   RO         2170    i.svcKernelStart    RTX_CM4.lib(rt_cmsis.o)
    0x08003c88   0x00000024   Code   RO         2173    i.svcMessageCreate  RTX_CM4.lib(rt_cmsis.o)
    0x08003cac   0x0000003a   Code   RO         2174    i.svcMessageGet     RTX_CM4.lib(rt_cmsis.o)
    0x08003ce6   0x00000002   PAD
    0x08003ce8   0x00000070   Code   RO         2188    i.svcThreadCreate   RTX_CM4.lib(rt_cmsis.o)
    0x08003d58   0x0000001c   Code   RO         2189    i.svcThreadGetId    RTX_CM4.lib(rt_cmsis.o)
    0x08003d74   0x00000038   Code   RO         2192    i.svcThreadTerminate  RTX_CM4.lib(rt_cmsis.o)
    0x08003dac   0x0000000a   Code   RO         2193    i.svcThreadYield    RTX_CM4.lib(rt_cmsis.o)
    0x08003db6   0x00000018   Code   RO         2194    i.svcTimerCall      RTX_CM4.lib(rt_cmsis.o)
    0x08003dce   0x00000002   PAD
    0x08003dd0   0x0000005c   Code   RO         2203    i.sysTimerTick      RTX_CM4.lib(rt_cmsis.o)
    0x08003e2c   0x0000000a   Code   RO         3464    x$fpl$fpinit        fz_wm.l(fpinit.o)
    0x08003e36   0x00000002   PAD
    0x08003e38   0x00000010   Data   RO            6    .constdata          encoderthread.o
    0x08003e48   0x00000010   Data   RO          147    .constdata          stepperthread.o
    0x08003e58   0x00000056   Data   RO          324    .constdata          rtx_conf_cm.o
    0x08003eae   0x00000008   Data   RO          945    .constdata          stm32f4xx_hal_dma.o
    0x08003eb6   0x00000010   Data   RO         1355    .constdata          stm32f4xx_hal_rcc.o
    0x08003ec6   0x00000002   PAD
    0x08003ec8   0x00000080   Data   RO         1746    .conststring        stm32f4xx_hal_msp.o
    0x08003f48   0x00000020   Data   RO         3498    Region$$Table       anon$$obj.o


    Execution Region ER_RW (Base: 0x20000000, Size: 0x00000064, Max: 0xffffffff, ABSOLUTE)

    Base Addr    Size         Type   Attr      Idx    E Section Name        Object

    0x20000000   0x00000004   Data   RW            7    .data               encoderthread.o
    0x20000004   0x00000004   Data   RW          148    .data               stepperthread.o
    0x20000008   0x0000000c   Data   RW          190    .data               main.o
    0x20000014   0x00000024   Data   RW          325    .data               rtx_conf_cm.o
    0x20000038   0x00000004   Data   RW         1811    .data               system_stm32f4xx.o
    0x2000003c   0x00000008   Data   RW         2206    .data               RTX_CM4.lib(rt_cmsis.o)
    0x20000044   0x00000008   Data   RW         2749    .data               RTX_CM4.lib(rt_task.o)
    0x2000004c   0x00000004   Data   RW         2825    .data               RTX_CM4.lib(rt_time.o)
    0x20000050   0x00000008   Data   RW         2901    .data               RTX_CM4.lib(rt_system.o)
    0x20000058   0x00000008   Data   RW         3189    .data               RTX_CM4.lib(rt_robin.o)
    0x20000060   0x00000001   Data   RW         3269    .data               RTX_CM4.lib(hal_cm.o)


    Execution Region ER_ZI (Base: 0x20000064, Size: 0x0000272c, Max: 0xffffffff, ABSOLUTE)

    Base Addr    Size         Type   Attr      Idx    E Section Name        Object

    0x20000064   0x0000014c   Zero   RW          189    .bss                main.o
    0x200001b0   0x00001f18   Zero   RW          323    .bss                rtx_conf_cm.o
    0x200020c8   0x00000034   Zero   RW         2748    .bss                RTX_CM4.lib(rt_task.o)
    0x200020fc   0x00000030   Zero   RW         3031    .bss                RTX_CM4.lib(rt_list.o)
    0x2000212c   0x00000060   Zero   RW         3331    .bss                c_w.l(libspace.o)
    0x2000218c   0x00000004   PAD
    0x20002190   0x00000200   Zero   RW         1799    HEAP                startup_stm32f401xe.o
    0x20002390   0x00000400   Zero   RW         1798    STACK               startup_stm32f401xe.o


==============================================================================

Image component sizes


      Code (inc. data)   RO Data    RW Data    ZI Data      Debug   Object Name

        68         16         16          4          0     211071   encoderthread.o
      1260        294          0         12        332       6979   main.o
       126         26         86         36       7960       9371   rtx_conf_cm.o
        64         26        404          0       1536        884   startup_stm32f401xe.o
        88         20         16          4          0       2378   stepperthread.o
       100         10          0          0          0       1282   stm32f4xx_hal.o
      1368         64          0          0          0       7661   stm32f4xx_hal_adc.o
       338         22          0          0          0      31861   stm32f4xx_hal_cortex.o
      1296         20          8          0          0       6590   stm32f4xx_hal_dma.o
       510         36          0          0          0       3840   stm32f4xx_hal_gpio.o
       494         54        128          0          0       3809   stm32f4xx_hal_msp.o
      1668         70         16          0          0       6015   stm32f4xx_hal_rcc.o
       474          4          0          0          0       3576   stm32f4xx_hal_spi.o
      1774         12          0          0          0       9145   stm32f4xx_hal_uart.o
       138         24          0          0          0       4128   stm32f4xx_it.o
       100         18          0          4          0       1357   system_stm32f4xx.o

    ----------------------------------------------------------------------
      9880        716        708         60       9828     309947   Object Totals
         0          0         32          0          0          0   (incl. Generated)
        14          0          2          0          0          0   (incl. Padding)

    ----------------------------------------------------------------------

      Code (inc. data)   RO Data    RW Data    ZI Data      Debug   Library Member Name

       268         24          0          1          0       4452   hal_cm.o
       408         34          0          0          0        816   hal_cm4.o
      1152        146          0          8          0      34994   rt_cmsis.o
        80          4          0          0          0        701   rt_event.o
       566         44          0          0         48       9176   rt_list.o
       550         10          0          0          0       4185   rt_mailbox.o
       140          0          0          0          0       2045   rt_membox.o
       128          0          0          0          0       2419   rt_memory.o
       320         12          0          0          0       1699   rt_mutex.o
        96         22          0          8          0       1230   rt_robin.o
        52          4          0          0          0        613   rt_semaphore.o
       298         52          0          8          0       6439   rt_system.o
      1264        184          0          8         52      10563   rt_task.o
         0          0          0          4          0        206   rt_time.o
         4          4          0          0          0        200   svc_table.o
         8          0          0          0          0         68   __main.o
         0          0          0          0          0          0   __rtentry.o
        20          0          0          0          0          0   __rtentry2.o
         6          0          0          0          0          0   __rtentry4.o
        52          8          0          0          0          0   __scatter.o
        26          0          0          0          0          0   __scatter_copy.o
        28          0          0          0          0          0   __scatter_zi.o
        18          0          0          0          0         80   exit.o
         6          0          0          0          0        152   heapauxi.o
         0          0          0          0          0          0   indicate_semi.o
         2          0          0          0          0          0   libinit.o
         6          0          0          0          0          0   libinit2.o
         2          0          0          0          0          0   libshutdown.o
         2          0          0          0          0          0   libshutdown2.o
         8          4          0          0         96         68   libspace.o
         2          0          0          0          0          0   rtexit.o
        10          0          0          0          0          0   rtexit2.o
        12          4          0          0          0         68   sys_exit.o
        74          0          0          0          0         80   sys_stackheap_outer.o
         2          0          0          0          0         68   use_no_semi.o
        10          0          0          0          0        116   fpinit.o

    ----------------------------------------------------------------------
      5644        556          0         40        200      80438   Library Totals
        24          0          0          3          4          0   (incl. Padding)

    ----------------------------------------------------------------------

      Code (inc. data)   RO Data    RW Data    ZI Data      Debug   Library Name

      5326        540          0         37        100      79738   RTX_CM4.lib
       284         16          0          0         96        584   c_w.l
        10          0          0          0          0        116   fz_wm.l

    ----------------------------------------------------------------------
      5644        556          0         40        200      80438   Library Totals

    ----------------------------------------------------------------------

==============================================================================


      Code (inc. data)   RO Data    RW Data    ZI Data      Debug   

     15524       1272        708        100      10028     375329   Grand Totals
     15524       1272        708        100      10028     375329   ELF Image Totals
     15524       1272        708        100          0          0   ROM Totals

==============================================================================

    Total RO  Size (Code + RO Data)                16232 (  15.85kB)
    Total RW  Size (RW Data + ZI Data)             10128 (   9.89kB)
    Total ROM Size (Code + RO Data + RW Data)      16332 (  15.95kB)

==============================================================================

